 PhysXCooking_32

 Timestamp is 608bdbf6 (Fri Apr 30 12:29:10 2021)

 Preferred load address is 10000000

 Start         Length     Name                   Class
 0001:00000000 00000640H .text$di                CODE
 0001:00000640 0003857fH .text$mn                CODE
 0001:00038bbf 00000047H .text$x                 CODE
 0002:00000000 00000120H .idata$5                DATA
 0002:00000120 00000004H .00cfg                  DATA
 0002:00000124 00000004H .CRT$XCA                DATA
 0002:00000128 000000f0H .CRT$XCU                DATA
 0002:00000218 00000004H .CRT$XCZ                DATA
 0002:0000021c 00000004H .CRT$XIA                DATA
 0002:00000220 0000000cH .CRT$XIC                DATA
 0002:0000022c 00000004H .CRT$XIZ                DATA
 0002:00000230 00000004H .CRT$XPA                DATA
 0002:00000234 00000008H .CRT$XPX                DATA
 0002:0000023c 00000004H .CRT$XPXA               DATA
 0002:00000240 00000004H .CRT$XPZ                DATA
 0002:00000244 00000004H .CRT$XTA                DATA
 0002:00000248 00000008H .CRT$XTZ                DATA
 0002:0000024c 00000000H .gfids$y                DATA
 0002:00000250 00008060H .rdata                  DATA
 0002:000082b0 0000028cH .rdata$r                DATA
 0002:0000853c 0000001cH .rdata$sxdata           DATA
 0002:00008558 000003d8H .rdata$zzzdbg           DATA
 0002:00008930 00000004H .rtc$IAA                DATA
 0002:00008934 00000004H .rtc$IZZ                DATA
 0002:00008938 00000004H .rtc$TAA                DATA
 0002:0000893c 00000004H .rtc$TZZ                DATA
 0002:00008940 00000544H .xdata$x                DATA
 0002:00008e84 00000040H .didat$2                DATA
 0002:00008ec4 00000020H .didat$3                DATA
 0002:00008ee4 000000c4H .didat$4                DATA
 0002:00008fa8 00000904H .didat$6                DATA
 0002:000098ac 000000c4H .didat$7                DATA
 0002:00009970 00001c38H .edata                  DATA
 0002:0000b5a8 00000014H .idata$2                DATA
 0002:0000b5bc 00000014H .idata$3                DATA
 0002:0000b5d0 00000120H .idata$4                DATA
 0002:0000b6f0 0000052eH .idata$6                DATA
 0003:00000000 00000890H .data                   DATA
 0003:00000890 00000524H .data$r                 DATA
 0003:00000db4 000000ccH .didat$5                DATA
 0003:00000e80 00000e14H .bss                    DATA
 0004:00000000 00002608H _RDATA                  DATA
 0005:00000000 000000a0H .rsrc$01                DATA
 0005:000000a0 000004b0H .rsrc$02                DATA

  Address         Publics by Value              Rva+Base       Lib:Object

 0000:00000000       ___guard_longjmp_count     00000000     <absolute>
 0000:00000000       ___dynamic_value_reloc_table 00000000     <absolute>
 0000:00000000       __except_list              00000000     <absolute>
 0000:00000000       ___guard_longjmp_table     00000000     <absolute>
 0000:00000000       ___guard_fids_count        00000000     <absolute>
 0000:00000000       ___arm64x_native_entrypoint 00000000     <absolute>
 0000:00000000       ___x64_code_ranges_to_entry_points 00000000     <absolute>
 0000:00000000       ___guard_fids_table        00000000     <absolute>
 0000:00000000       ___hybrid_auxiliary_iat    00000000     <absolute>
 0000:00000000       ___hybrid_code_map_count   00000000     <absolute>
 0000:00000000       ___arm64x_redirection_metadata_count 00000000     <absolute>
 0000:00000000       ___guard_iat_count         00000000     <absolute>
 0000:00000000       ___guard_iat_table         00000000     <absolute>
 0000:00000000       ___guard_eh_cont_count     00000000     <absolute>
 0000:00000000       ___arm64x_redirection_metadata 00000000     <absolute>
 0000:00000000       ___volatile_metadata       00000000     <absolute>
 0000:00000000       ___AbsoluteZero            00000000     <absolute>
 0000:00000000       ___enclave_config          00000000     <absolute>
 0000:00000000       ___arm64x_extra_rfe_table_size 00000000     <absolute>
 0000:00000000       ___x64_code_ranges_to_entry_points_count 00000000     <absolute>
 0000:00000000       ___guard_eh_cont_table     00000000     <absolute>
 0000:00000000       ___hybrid_code_map         00000000     <absolute>
 0000:00000000       ___arm64x_extra_rfe_table  00000000     <absolute>
 0000:00000007       ___safe_se_handler_count   00000007     <absolute>
 0000:00000100       ___guard_flags             00000100     <absolute>
 0000:00000000       ___ImageBase               10000000     <linker-defined>
 0001:00000640       ??0AdjacenciesBuilder@physx@@QAE@XZ 10001640 f   Adjacencies.obj
 0001:00000640       ??0BuildStats@Gu@physx@@QAE@XZ 10001640 f   BVHStructureBuilder.obj
 0001:00000650       ??4MutexImpl@shdfnd@physx@@QAEAAV012@ABV012@@Z 10001650 f i Adjacencies.obj
 0001:00000650       ??4Allocator@shdfnd@physx@@QAEAAV012@ABV012@@Z 10001650 f i Adjacencies.obj
 0001:00000650       ??4Allocator@shdfnd@physx@@QAEAAV012@$$QAV012@@Z 10001650 f i Adjacencies.obj
 0001:00000650       ??0HeightFieldData@Gu@physx@@QAE@W4PxEMPTY@2@@Z 10001650 f i Cooking.obj
 0001:00000650       ??0BigConvexData@physx@@QAE@W4PxEMPTY@1@@Z 10001650 f i BigConvexDataBuilder.obj
 0001:00000650       ??4PxFoundation@physx@@QAEAAV01@ABV01@@Z 10001650 f i Adjacencies.obj
 0001:00000650       ??0Allocator@shdfnd@physx@@QAE@PBD@Z 10001650 f i Adjacencies.obj
 0001:00000660       ??0PxFoundation@physx@@QAE@ABV01@@Z 10001660 f i Adjacencies.obj
 0001:00000670       ??0PxFoundation@physx@@QAE@XZ 10001670 f i Adjacencies.obj
 0001:00000680       ??1AdjacenciesBuilder@physx@@QAE@XZ 10001680 f   Adjacencies.obj
 0001:000006c0       ??1PxFoundation@physx@@MAE@XZ 100016c0 f i Adjacencies.obj
 0001:000006d0       ??_EPxFoundation@physx@@MAEPAXI@Z 100016d0 f i Adjacencies.obj
 0001:00000740       ?onMeshIndexFormatChange@TriangleMeshBuilder@physx@@UAEXXZ 10001740 f i TriangleMeshBuilder.obj
 0001:00000740       ??1HeightFieldData@Gu@physx@@QAE@XZ 10001740 f i Cooking.obj
 0001:00000740       ??_FAllocator@shdfnd@physx@@QAEXXZ 10001740 f i Adjacencies.obj
 0001:00000740       @_guard_check_icall_nop@4  10001740 f i LIBCMT:guard_support.obj
 0001:00000740       ??1BigConvexDataBuilder@physx@@QAE@XZ 10001740 f i BigConvexDataBuilder.obj
 0001:00000740       ??1Box@Gu@physx@@QAE@XZ    10001740 f i ConvexHullUtils.obj
 0001:00000740       ??1AABBTreeBuildNode@Gu@physx@@QAE@XZ 10001740 f i BVHStructureBuilder.obj
 0001:00000750       ?ComputeNbBoundaryEdges@Adjacencies@physx@@QBEIXZ 10001750 f   Adjacencies.obj
 0001:000009b0       ?GetNbHits@RadixSort@Cm@physx@@QBEIXZ 100019b0 f i Adjacencies.obj
 0001:000009c0       ?GetNbTotalCalls@RadixSort@Cm@physx@@QBEIXZ 100019c0 f i Adjacencies.obj
 0001:000009c0       ?getPos@AABBTreeBuildNode@Gu@physx@@QBEPBV123@XZ 100019c0 f i BVHStructureBuilder.obj
 0001:000009d0       ?length@pcharNode@@UBEHXZ  100019d0 f i libvcruntime:undname.obj
 0001:000009d0       ?getErrorCallback@Foundation@shdfnd@physx@@UAEAAVPxErrorCallback@3@XZ 100019d0 f i Adjacencies.obj
 0001:000009d0       ?length@DNameStatusNode@@UBEHXZ 100019d0 f i libvcruntime:undname.obj
 0001:000009d0       ?raw_length@pcharNode@@UBEHXZ 100019d0 f i libvcruntime:undname.obj
 0001:000009d0       ?raw_length@DNameStatusNode@@UBEHXZ 100019d0 f i libvcruntime:undname.obj
 0001:000009d0       ?GetNbVerts@BigConvexData@physx@@QBEIXZ 100019d0 f i BigConvexDataBuilder.obj
 0001:000009d0       ?GetRanks@RadixSort@Cm@physx@@QBEPBIXZ 100019d0 f i Adjacencies.obj
 0001:000009e0       ?raw_length@pairNode@@UBEHXZ 100019e0 f i libvcruntime:undname.obj
 0001:000009e0       ?GetRecyclable@RadixSort@Cm@physx@@QBEPAIXZ 100019e0 f i Adjacencies.obj
 0001:000009f0       ?Init@AdjacenciesBuilder@physx@@QAE_NABUADJACENCIESCREATE@2@@Z 100019f0 f   Adjacencies.obj
 0001:00000f00       ?getAllocator@Foundation@shdfnd@physx@@QAEAAVPxAllocatorCallback@3@XZ 10001f00 f i Adjacencies.obj
 0001:00000f10       ?getAllocatorCallback@Foundation@shdfnd@physx@@UAEAAVPxAllocatorCallback@3@XZ 10001f10 f i Adjacencies.obj
 0001:00000f20       ?getErrorLevel@Foundation@shdfnd@physx@@UBE?AW4Enum@PxErrorCode@3@XZ 10001f20 f i Adjacencies.obj
 0001:00000f30       ?getInternalErrorCallback@Foundation@shdfnd@physx@@QAEAAVPxErrorCallback@3@XZ 10001f30 f i Adjacencies.obj
 0001:00000f40       ?getNamedAllocMap@Foundation@shdfnd@physx@@QAEAAV?$HashMap@PBVNamedAllocator@shdfnd@physx@@PBDU?$Hash@PBVNamedAllocator@shdfnd@physx@@@23@VNonTrackingAllocator@23@@23@XZ 10001f40 f i Adjacencies.obj
 0001:00000f50       ?getNamedAllocMutex@Foundation@shdfnd@physx@@QAEAAV?$MutexT@VAllocator@shdfnd@physx@@@23@XZ 10001f50 f i Adjacencies.obj
 0001:00000f60       ?getReportAllocationNames@Foundation@shdfnd@physx@@UBE_NXZ 10001f60 f i Adjacencies.obj
 0001:00000f70       ?getTempAllocFreeTable@Foundation@shdfnd@physx@@QAEAAV?$Array@PATTempAllocatorChunk@shdfnd@physx@@VAllocator@23@@23@XZ 10001f70 f i Adjacencies.obj
 0001:00000f80       ?getTempAllocMutex@Foundation@shdfnd@physx@@QAEAAV?$MutexT@VAllocator@shdfnd@physx@@@23@XZ 10001f80 f i Adjacencies.obj
 0001:00000f90       ?invalidateRanks@RadixSort@Cm@physx@@QAEXXZ 10001f90 f i Adjacencies.obj
 0001:00000fa0       ?setErrorLevel@Foundation@shdfnd@physx@@UAEXW4Enum@PxErrorCode@3@@Z 10001fa0 f i Adjacencies.obj
 0001:00000fb0       ?setReportAllocationNames@Foundation@shdfnd@physx@@UAEX_N@Z 10001fb0 f i Adjacencies.obj
 0001:00000fc0       ??0DebugText@Cm@physx@@QAE@$$QAU012@@Z 10001fc0 f i Cooking.obj
 0001:00000fc0       ??0DebugText@Cm@physx@@QAE@ABU012@@Z 10001fc0 f i Cooking.obj
 0001:00001010       ??4HeightFieldData@Gu@physx@@QAEAAU012@$$QAU012@@Z 10002010 f i Cooking.obj
 0001:00001010       ??4HeightFieldData@Gu@physx@@QAEAAU012@ABU012@@Z 10002010 f i Cooking.obj
 0001:00001010       ??0HeightFieldData@Gu@physx@@QAE@$$QAU012@@Z 10002010 f i Cooking.obj
 0001:00001010       ??0HeightFieldData@Gu@physx@@QAE@ABU012@@Z 10002010 f i Cooking.obj
 0001:00001080       ??0HeightFieldData@Gu@physx@@QAE@XZ 10002080 f i Cooking.obj
 0001:00001090       ??0PxConvexMeshDesc@physx@@QAE@ABV01@@Z 10002090 f i Cooking.obj
 0001:000010e0       ??0RenderOutput@Cm@physx@@QAE@AAVRenderBuffer@12@@Z 100020e0 f i Cooking.obj
 0001:000011a0       ??0RenderOutput@Cm@physx@@QAE@ABV012@@Z 100021a0 f i Cooking.obj
 0001:00001250       ??1PxConvexMesh@physx@@MAE@XZ 10002250 f i Cooking.obj
 0001:00001250       ??1PxHeightField@physx@@MAE@XZ 10002250 f i Cooking.obj
 0001:00001260       ??4DebugText@Cm@physx@@QAEAAU012@$$QAU012@@Z 10002260 f i Cooking.obj
 0001:00001260       ??4DebugText@Cm@physx@@QAEAAU012@ABU012@@Z 10002260 f i Cooking.obj
 0001:000012f0       ??4FPUGuard@shdfnd@physx@@QAEAAV012@ABV012@@Z 100022f0 f i Cooking.obj
 0001:00001310       ??_GCooking@physx@@UAEPAXI@Z 10002310 f i Cooking.obj
 0001:00001310       ??_ECooking@physx@@UAEPAXI@Z 10002310 f i Cooking.obj
 0001:00001350       ??_GPxBase@physx@@MAEPAXI@Z 10002350 f i Cooking.obj
 0001:00001350       ??_EPxBase@physx@@MAEPAXI@Z 10002350 f i Cooking.obj
 0001:00001380       ??_GPxCooking@physx@@MAEPAXI@Z 10002380 f i Cooking.obj
 0001:00001380       ??_EPxCooking@physx@@MAEPAXI@Z 10002380 f i Cooking.obj
 0001:000013b0       ?allocate@?$Array@UPxDebugLine@physx@@V?$ReflectionAllocator@UPxDebugLine@physx@@@shdfnd@2@@shdfnd@physx@@IAEPAUPxDebugLine@3@I@Z 100023b0 f i Cooking.obj
 0001:00001420       ?computeHullPolygons@Cooking@physx@@UBE_NABVPxSimpleTriangleMesh@2@AAVPxAllocatorCallback@2@AAIAAPAVPxVec3@2@2AAPAI2AAPAUPxHullPolygon@2@@Z 10002420 f   Cooking.obj
 0001:00001550       ?cookBVHStructure@Cooking@physx@@UBE_NABVPxBVHStructureDesc@2@AAVPxOutputStream@2@@Z 10002550 f   Cooking.obj
 0001:00001600       ?cookConvexMesh@Cooking@physx@@UBE_NABVPxConvexMeshDesc@2@AAVPxOutputStream@2@PAW4Enum@PxConvexMeshCookingResult@2@@Z 10002600 f   Cooking.obj
 0001:00001780       ?cookConvexMeshInternal@Cooking@physx@@ABE_NABVPxConvexMeshDesc@2@AAVConvexMeshBuilder@2@PAVConvexHullLib@2@PAW4Enum@PxConvexMeshCookingResult@2@@Z 10002780 f   Cooking.obj
 0001:00001950       ?cookHeightField@Cooking@physx@@UBE_NABVPxHeightFieldDesc@2@AAVPxOutputStream@2@@Z 10002950 f   Cooking.obj
 0001:00001a10       ?cookTriangleMesh@Cooking@physx@@UBE_NABVPxTriangleMeshDesc@2@AAVPxOutputStream@2@PAW4Enum@PxTriangleMeshCookingResult@2@@Z 10002a10 f   Cooking.obj
 0001:00001b20       ?copy@?$Array@UPxDebugLine@physx@@V?$ReflectionAllocator@UPxDebugLine@physx@@@shdfnd@2@@shdfnd@physx@@KAXPAUPxDebugLine@3@0PBU43@@Z 10002b20 f i Cooking.obj
 0001:00001b90       ?createBVHStructure@Cooking@physx@@UBEPAVPxBVHStructure@2@ABVPxBVHStructureDesc@2@AAVPxPhysicsInsertionCallback@2@@Z 10002b90 f   Cooking.obj
 0001:00001c40       ?createConvexMesh@Cooking@physx@@UBEPAVPxConvexMesh@2@ABVPxConvexMeshDesc@2@AAVPxPhysicsInsertionCallback@2@PAW4Enum@PxConvexMeshCookingResult@2@@Z 10002c40 f   Cooking.obj
 0001:00001de0       ?createHeightField@Cooking@physx@@UBEPAVPxHeightField@2@ABVPxHeightFieldDesc@2@AAVPxPhysicsInsertionCallback@2@@Z 10002de0 f   Cooking.obj
 0001:00001f10       ?createTriangleMesh@Cooking@physx@@ABEPAVPxTriangleMesh@2@AAVTriangleMeshBuilder@2@ABVPxTriangleMeshDesc@2@AAVPxPhysicsInsertionCallback@2@PAW4Enum@PxTriangleMeshCookingResult@2@@Z 10002f10 f   Cooking.obj
 0001:00001fa0       ?createTriangleMesh@Cooking@physx@@UBEPAVPxTriangleMesh@2@ABVPxTriangleMeshDesc@2@AAVPxPhysicsInsertionCallback@2@PAW4Enum@PxTriangleMeshCookingResult@2@@Z 10002fa0 f   Cooking.obj
 0001:00002020       ?getConcreteTypeName@PxConvexMesh@physx@@UBEPBDXZ 10003020 f i Cooking.obj
 0001:00002030       ?getConcreteTypeName@PxHeightField@physx@@UBEPBDXZ 10003030 f i Cooking.obj
 0001:00002040       ?getConvexEdgeThreshold@HeightField@Gu@physx@@UBEMXZ 10003040 f i Cooking.obj
 0001:00002050       ?getFlags@HeightField@Gu@physx@@UBE?AV?$PxFlags@W4Enum@PxHeightFieldFlag@physx@@G@3@XZ 10003050 f i Cooking.obj
 0001:00002060       ?getFormat@HeightField@Gu@physx@@UBE?AW4Enum@PxHeightFieldFormat@3@XZ 10003060 f i Cooking.obj
 0001:00002070       ?getHeight@HeightField@Gu@physx@@UBEMMM@Z 10003070 f i Cooking.obj
 0001:000020d0       ?getHeightInternal2@HeightField@Gu@physx@@QBEMIMM@Z 100030d0 f i Cooking.obj
 0001:00002220       ?getIndexBuffer@ConvexMesh@Gu@physx@@UBEPBEXZ 10003220 f i Cooking.obj
 0001:00002260       ?getNbColumns@HeightField@Gu@physx@@UBEIXZ 10003260 f i Cooking.obj
 0001:00002270       ?getNbPolygons@ConvexMesh@Gu@physx@@UBEIXZ 10003270 f i Cooking.obj
 0001:00002280       ?getNbRows@HeightField@Gu@physx@@UBEIXZ 10003280 f i Cooking.obj
 0001:00002290       ?getNbVertices@ConvexMesh@Gu@physx@@UBEIXZ 10003290 f i Cooking.obj
 0001:000022a0       ??0Box@Gu@physx@@QAE@XZ    100032a0 f i ConvexHullUtils.obj
 0001:000022a0       ??0AABBTreeBuildNode@Gu@physx@@QAE@XZ 100032a0 f i BVHStructureBuilder.obj
 0001:000022a0       ?getPaddedBounds@HeightFieldData@Gu@physx@@QBEABVCenterExtentsPadded@23@XZ 100032a0 f i Cooking.obj
 0001:000022a0       ?getAABB@AABBTreeBuildNode@Gu@physx@@QBEABVPxBounds3@3@XZ 100032a0 f i BVHStructureBuilder.obj
 0001:000022b0       ?getParams@Cooking@physx@@UBEABUPxCookingParams@2@XZ 100032b0 f   Cooking.obj
 0001:000022b0       ?getDenormalizeScale@QuantizerImpl@@UBEABVPxVec3@physx@@XZ 100032b0 f   Quantizer.obj
 0001:000022c0       ?getSample@HeightField@Gu@physx@@UBEABUPxHeightFieldSample@3@II@Z 100032c0 f i Cooking.obj
 0001:000022e0       ?getSampleStride@HeightField@Gu@physx@@UBEIXZ 100032e0 f i Cooking.obj
 0001:000022f0       ?getTimestamp@HeightField@Gu@physx@@UBEIXZ 100032f0 f i Cooking.obj
 0001:00002300       ?getTriangleMaterialIndex@HeightField@Gu@physx@@UBEGI@Z 10003300 f i Cooking.obj
 0001:00002330       ?getTriangleNormal@HeightField@Gu@physx@@UBE?AVPxVec3@3@I@Z 10003330 f i Cooking.obj
 0001:00002420       ?getVertices@ConvexMesh@Gu@physx@@UBEPBVPxVec3@3@XZ 10003420 f i Cooking.obj
 0001:00002430       ?isKindOf@PxBase@physx@@MBE_NPBD@Z 10003430 f i Cooking.obj
 0001:00002480       ?isKindOf@PxConvexMesh@physx@@MBE_NPBD@Z 10003480 f i Cooking.obj
 0001:00002500       ?isKindOf@PxHeightField@physx@@MBE_NPBD@Z 10003500 f i Cooking.obj
 0001:00002580       ?isReleasable@PxBase@physx@@UBE_NXZ 10003580 f i Cooking.obj
 0001:00002590       ?outputSegment@RenderOutput@Cm@physx@@QAEXABVPxVec3@3@0@Z 10003590 f i Cooking.obj
 0001:00002620       ?platformMismatch@Cooking@physx@@UBE_NXZ 10003620 f   Cooking.obj
 0001:00002630       ?preExportDataReset@ConvexMesh@Gu@physx@@QAEXXZ 10003630 f i Cooking.obj
 0001:00002630       ?preExportDataReset@HeightField@Gu@physx@@QAEXXZ 10003630 f i Cooking.obj
 0001:00002640       ?recreate@?$Array@UPxDebugLine@physx@@V?$ReflectionAllocator@UPxDebugLine@physx@@@shdfnd@2@@shdfnd@physx@@IAEXI@Z 10003640 f i Cooking.obj
 0001:000026a0       ?release@Cooking@physx@@UAEXXZ 100036a0 f   Cooking.obj
 0001:000026b0       ?reserveSegments@RenderOutput@Cm@physx@@QAEPAUPxDebugLine@3@I@Z 100036b0 f i Cooking.obj
 0001:00002710       ?setParams@Cooking@physx@@UAEXABUPxCookingParams@2@@Z 10003710 f   Cooking.obj
 0001:00002770       ?validateConvexMesh@Cooking@physx@@UBE_NABVPxConvexMeshDesc@2@@Z 10003770 f   Cooking.obj
 0001:000027c0       ?validateTriangleMesh@Cooking@physx@@UBE_NABVPxTriangleMeshDesc@2@@Z 100037c0 f   Cooking.obj
 0001:000028a0       _PxCreateCooking           100038a0 f   Cooking.obj
 0001:00002960       ??0ReducedVertexCloud@physx@@QAE@PBVPxVec3@1@I@Z 10003960 f   CookingUtils.obj
 0001:00002990       ??1ReducedVertexCloud@physx@@QAE@XZ 10003990 f   CookingUtils.obj
 0001:000029d0       ?Reduce@ReducedVertexCloud@physx@@QAE_NPAUREDUCEDCLOUD@2@@Z 100039d0 f   CookingUtils.obj
 0001:00002c70       ??$?_UI@@YAPAXIV?$ReflectionAllocator@I@shdfnd@physx@@PBDH@Z 10003c70 f i EdgeList.obj
 0001:00002cd0       ??0EdgeListBuilder@Gu@physx@@QAE@XZ 10003cd0 f   EdgeList.obj
 0001:00002d00       ??1EdgeList@Gu@physx@@QAE@XZ 10003d00 f   EdgeList.obj
 0001:00002d80       ??1EdgeListBuilder@Gu@physx@@QAE@XZ 10003d80 f   EdgeList.obj
 0001:00002d90       ?computeActiveEdges@EdgeListBuilder@Gu@physx@@AAE_NIPBIPBGPBVPxVec3@3@M@Z 10003d90 f   EdgeList.obj
 0001:000045a0       ?createEdgesToFaces@EdgeListBuilder@Gu@physx@@AAE_NIPBIPBG@Z 100055a0 f   EdgeList.obj
 0001:00004760       ?createFacesToEdges@EdgeListBuilder@Gu@physx@@AAE_NIPBIPBG@Z 10005760 f   EdgeList.obj
 0001:00004b20       ?init@EdgeListBuilder@Gu@physx@@QAE_NABUEDGELISTCREATE@23@@Z 10005b20 f   EdgeList.obj
 0001:00004c00       ??0MeshCleaner@physx@@QAE@IPBVPxVec3@1@IPBIM@Z 10005c00 f   MeshCleaner.obj
 0001:00005490       ??1MeshCleaner@physx@@QAE@XZ 10006490 f   MeshCleaner.obj
 0001:000054f0       ??$kmeans_cluster@VPxVec3@physx@@M@@YAIPBVPxVec3@physx@@IIPAV01@PAIMM@Z 100064f0 f i Quantizer.obj
 0001:00005af0       ??_GQuantizer@physx@@MAEPAXI@Z 10006af0 f i Quantizer.obj
 0001:00005af0       ??_EQuantizer@physx@@MAEPAXI@Z 10006af0 f i Quantizer.obj
 0001:00005b20       ??_EQuantizerImpl@@EAEPAXI@Z 10006b20 f i Quantizer.obj
 0001:00005b20       ??_GQuantizerImpl@@EAEPAXI@Z 10006b20 f i Quantizer.obj
 0001:00005bb0       ?createQuantizer@physx@@YAPAVQuantizer@1@XZ 10006bb0 f   Quantizer.obj
 0001:00005c60       ?getDenormalizeCenter@QuantizerImpl@@UBEABVPxVec3@physx@@XZ 10006c60 f i Quantizer.obj
 0001:00005c70       ?growAndPushBack@?$Array@VPxVec3@physx@@V?$ReflectionAllocator@VPxVec3@physx@@@shdfnd@2@@shdfnd@physx@@IAEAAVPxVec3@3@ABV43@@Z 10006c70 f i Quantizer.obj
 0001:00005e20       ?kmeansQuantize3D@QuantizerImpl@@UAEPBVPxVec3@physx@@IPBV23@I_NIAAI@Z 10006e20 f i Quantizer.obj
 0001:00006020       ?normalizeInput@QuantizerImpl@@AAEXIPBVPxVec3@physx@@I@Z 10007020 f i Quantizer.obj
 0001:000062a0       ?release@QuantizerImpl@@UAEXXZ 100072a0 f i Quantizer.obj
 0001:000062b0       ??$copy@V?$ReflectionAllocator@USlab@NodeAllocator@Gu@physx@@@shdfnd@physx@@@?$Array@USlab@NodeAllocator@Gu@physx@@V?$ReflectionAllocator@USlab@NodeAllocator@Gu@physx@@@shdfnd@4@@shdfnd@physx@@IAEXABV012@@Z 100072b0 f i BVHStructureBuilder.obj
 0001:00006320       ??0AABBTreeBuildNode@Gu@physx@@QAE@ABV012@@Z 10007320 f i BVHStructureBuilder.obj
 0001:00006320       ??4AABBTreeBuildNode@Gu@physx@@QAEAAV012@ABV012@@Z 10007320 f i BVHStructureBuilder.obj
 0001:00006360       ??0AABBTreeBuildParams@Gu@physx@@QAE@IIPBVPxBounds3@2@@Z 10007360 f i BVHStructureBuilder.obj
 0001:00006380       ??0BVHStructureBuilder@physx@@QAE@XZ 10007380 f   BVHStructureBuilder.obj
 0001:000063b0       ??0NodeAllocator@Gu@physx@@QAE@ABV012@@Z 100073b0 f i BVHStructureBuilder.obj
 0001:000063e0       ??1AABBTreeBuildParams@Gu@physx@@QAE@XZ 100073e0 f i BVHStructureBuilder.obj
 0001:000063e0       ?reset@AABBTreeBuildParams@Gu@physx@@QAEXXZ 100073e0 f i BVHStructureBuilder.obj
 0001:00006420       ??1BVHStructureBuilder@physx@@QAE@XZ 10007420 f   BVHStructureBuilder.obj
 0001:00006480       ??4AABBTreeBuildParams@Gu@physx@@QAEAAV012@ABV012@@Z 10007480 f i BVHStructureBuilder.obj
 0001:00006490       ??4BuildStats@Gu@physx@@QAEAAU012@ABU012@@Z 10007490 f i BVHStructureBuilder.obj
 0001:00006490       ??4BuildStats@Gu@physx@@QAEAAU012@$$QAU012@@Z 10007490 f i BVHStructureBuilder.obj
 0001:000064b0       ??4NodeAllocator@Gu@physx@@QAEAAV012@ABV012@@Z 100074b0 f i BVHStructureBuilder.obj
 0001:00006540       ??_FAABBTreeBuildParams@Gu@physx@@QAEXXZ 10007540 f i BVHStructureBuilder.obj
 0001:00006560       ?__global_delete@@YAXPAXI@Z 10007560 f i BVHStructureBuilder.obj
 0001:00006570       ?allocate@?$Array@USlab@NodeAllocator@Gu@physx@@V?$ReflectionAllocator@USlab@NodeAllocator@Gu@physx@@@shdfnd@4@@shdfnd@physx@@IAEPAUSlab@NodeAllocator@Gu@3@I@Z 10007570 f i BVHStructureBuilder.obj
 0001:000065e0       ?getCount@BuildStats@Gu@physx@@QBEIXZ 100075e0 f i BVHStructureBuilder.obj
 0001:000065f0       ?getNbRuntimePrimitives@AABBTreeBuildNode@Gu@physx@@QBEIXZ 100075f0 f i BVHStructureBuilder.obj
 0001:000065f0       ?getNbPrimitives@AABBTreeBuildNode@Gu@physx@@QBEIXZ 100075f0 f i BVHStructureBuilder.obj
 0001:00006600       ?getNeg@AABBTreeBuildNode@Gu@physx@@QBEPBV123@XZ 10007600 f i BVHStructureBuilder.obj
 0001:00006610       ?getPrimitives@AABBTreeBuildNode@Gu@physx@@QBEPBIPBI@Z 10007610 f i BVHStructureBuilder.obj
 0001:00006610       ?getPrimitives@AABBTreeBuildNode@Gu@physx@@QAEPAIPAI@Z 10007610 f i BVHStructureBuilder.obj
 0001:00006620       ?increaseCount@BuildStats@Gu@physx@@QAEXI@Z 10007620 f i BVHStructureBuilder.obj
 0001:00006630       ?isLeaf@AABBTreeBuildNode@Gu@physx@@QBE_NXZ 10007630 f i BVHStructureBuilder.obj
 0001:00006640       ?loadFromDesc@BVHStructureBuilder@physx@@QAE_NABVPxBVHStructureDesc@2@@Z 10007640 f   BVHStructureBuilder.obj
 0001:00006960       ?moveData@BVHStructureBuilder@physx@@QAEXAAUBVHStructureData@Gu@2@@Z 10007960 f   BVHStructureBuilder.obj
 0001:000069b0       ?recreate@?$Array@USlab@NodeAllocator@Gu@physx@@V?$ReflectionAllocator@USlab@NodeAllocator@Gu@physx@@@shdfnd@4@@shdfnd@physx@@IAEXI@Z 100079b0 f i BVHStructureBuilder.obj
 0001:00006a10       ?reset@BuildStats@Gu@physx@@QAEXXZ 10007a10 f i BVHStructureBuilder.obj
 0001:00006a20       ?save@BVHStructureBuilder@physx@@QBE_NAAVPxOutputStream@2@_N@Z 10007a20 f   BVHStructureBuilder.obj
 0001:00006b30       ?setCount@BuildStats@Gu@physx@@QAEXI@Z 10007b30 f i BVHStructureBuilder.obj
 0001:00006b40       ?setNbRunTimePrimitives@AABBTreeBuildNode@Gu@physx@@QAEXI@Z 10007b40 f i BVHStructureBuilder.obj
 0001:00006b50       ?saveHeightField@physx@@YA_NABVHeightField@Gu@1@AAVPxOutputStream@1@_N@Z 10007b50 f   HeightFieldCooking.obj
 0001:00006d30       ??$sort@IU?$Less@I@shdfnd@physx@@V?$ReflectionAllocator@I@23@@shdfnd@physx@@YAXPAIIABU?$Less@I@01@ABV?$ReflectionAllocator@I@01@I@Z 10007d30 f i RTreeCooking.obj
 0001:000070b0       ??$sort@IUSortBoundsPredicate@physx@@V?$ReflectionAllocator@I@shdfnd@2@@shdfnd@physx@@YAXPAIIABUSortBoundsPredicate@1@ABV?$ReflectionAllocator@I@01@I@Z 100080b0 f i RTreeCooking.obj
 0001:00007590       ?allocate@?$Array@UInterval@physx@@V?$InlineAllocator@$0CAAA@V?$ReflectionAllocator@UInterval@physx@@@shdfnd@physx@@@shdfnd@2@@shdfnd@physx@@IAEPAUInterval@3@I@Z 10008590 f i RTreeCooking.obj
 0001:00007620       ?allocate@?$Array@UPxBounds3V@physx@@V?$ReflectionAllocator@UPxBounds3V@physx@@@shdfnd@2@@shdfnd@physx@@IAEPAUPxBounds3V@3@I@Z 10008620 f i RTreeCooking.obj
 0001:00007690       ?allocate@?$Array@URTreeNodeNQ@physx@@V?$ReflectionAllocator@URTreeNodeNQ@physx@@@shdfnd@2@@shdfnd@physx@@IAEPAURTreeNodeNQ@3@I@Z 10008690 f i RTreeCooking.obj
 0001:00007700       ?allocate@?$Array@URTreeNodeQ@Gu@physx@@V?$ReflectionAllocator@URTreeNodeQ@Gu@physx@@@shdfnd@3@@shdfnd@physx@@IAEPAURTreeNodeQ@Gu@3@I@Z 10008700 f i RTreeCooking.obj
 0001:00007770       ?allocate@?$Array@VPxVec3@physx@@V?$ReflectionAllocator@VPxVec3@physx@@@shdfnd@2@@shdfnd@physx@@IAEPAVPxVec3@3@I@Z 10008770 f i RTreeCooking.obj
 0001:000077e0       ?allocate@?$ReflectionAllocator@I@shdfnd@physx@@QAEPAXIPBDH@Z 100087e0 f i RTreeCooking.obj
 0001:00008480       ?buildFromTriangles@RTreeCooker@physx@@SAXAAURTree@Gu@2@PBVPxVec3@2@IPBGPBIIAAV?$Array@IV?$ReflectionAllocator@I@shdfnd@physx@@@shdfnd@2@PAURemapCallback@12@MW4Enum@PxMeshCookingHint@2@@Z 10009480 f   RTreeCooking.obj
 0001:000086b0       ?copy@?$Array@URTreeNodeNQ@physx@@V?$ReflectionAllocator@URTreeNodeNQ@physx@@@shdfnd@2@@shdfnd@physx@@KAXPAURTreeNodeNQ@3@0PBU43@@Z 100096b0 f i RTreeCooking.obj
 0001:00008720       ?copy@?$Array@VPxVec3@physx@@V?$ReflectionAllocator@VPxVec3@physx@@@shdfnd@2@@shdfnd@physx@@KAXPAVPxVec3@3@0PBV43@@Z 10009720 f i RTreeCooking.obj
 0001:000087e0       ?growAndPushBack@?$Array@IV?$ReflectionAllocator@I@shdfnd@physx@@@shdfnd@physx@@IAEAAIABI@Z 100097e0 f i RTreeCooking.obj
 0001:00008880       ?growAndPushBack@?$Array@UInterval@physx@@V?$InlineAllocator@$0CAAA@V?$ReflectionAllocator@UInterval@physx@@@shdfnd@physx@@@shdfnd@2@@shdfnd@physx@@IAEAAUInterval@3@ABU43@@Z 10009880 f i RTreeCooking.obj
 0001:00008950       ?growAndPushBack@?$Array@UPxBounds3V@physx@@V?$ReflectionAllocator@UPxBounds3V@physx@@@shdfnd@2@@shdfnd@physx@@IAEAAUPxBounds3V@3@ABU43@@Z 10009950 f i RTreeCooking.obj
 0001:000089f0       ?growAndPushBack@?$Array@URTreeNodeNQ@physx@@V?$ReflectionAllocator@URTreeNodeNQ@physx@@@shdfnd@2@@shdfnd@physx@@IAEAAURTreeNodeNQ@3@ABU43@@Z 100099f0 f i RTreeCooking.obj
 0001:00008aa0       ?growAndPushBack@?$Array@URTreeNodeQ@Gu@physx@@V?$ReflectionAllocator@URTreeNodeQ@Gu@physx@@@shdfnd@3@@shdfnd@physx@@IAEAAURTreeNodeQ@Gu@3@ABU453@@Z 10009aa0 f i RTreeCooking.obj
 0001:00008b70       ?recreate@?$Array@IV?$ReflectionAllocator@I@shdfnd@physx@@@shdfnd@physx@@IAEXI@Z 10009b70 f i RTreeCooking.obj
 0001:00008bf0       ?recreate@?$Array@UPxBounds3V@physx@@V?$ReflectionAllocator@UPxBounds3V@physx@@@shdfnd@2@@shdfnd@physx@@IAEXI@Z 10009bf0 f i RTreeCooking.obj
 0001:00008c50       ?recreate@?$Array@URTreeNodeNQ@physx@@V?$ReflectionAllocator@URTreeNodeNQ@physx@@@shdfnd@2@@shdfnd@physx@@IAEXI@Z 10009c50 f i RTreeCooking.obj
 0001:00008cb0       ?recreate@?$Array@URTreeNodeQ@Gu@physx@@V?$ReflectionAllocator@URTreeNodeQ@Gu@physx@@@shdfnd@3@@shdfnd@physx@@IAEXI@Z 10009cb0 f i RTreeCooking.obj
 0001:00008d30       ?recreate@?$Array@VPxVec3@physx@@V?$ReflectionAllocator@VPxVec3@physx@@@shdfnd@2@@shdfnd@physx@@IAEXI@Z 10009d30 f i RTreeCooking.obj
 0001:00008d90       ?resize@?$Array@IV?$ReflectionAllocator@I@shdfnd@physx@@@shdfnd@physx@@QAEXIABI@Z 10009d90 f i RTreeCooking.obj
 0001:00008e30       ?resizeUninitialized@?$Array@URTreeNodeNQ@physx@@V?$ReflectionAllocator@URTreeNodeNQ@physx@@@shdfnd@2@@shdfnd@physx@@QAEXI@Z 10009e30 f i RTreeCooking.obj
 0001:00008e60       ?sort4@SubSortQuick@physx@@QAEXPIAIIAAV?$Array@URTreeNodeNQ@physx@@V?$ReflectionAllocator@URTreeNodeNQ@physx@@@shdfnd@2@@shdfnd@2@AAIAAUPxBounds3V@2@I@Z 10009e60 f i RTreeCooking.obj
 0001:00009270       ?sort4@SubSortSAH@physx@@QAEXPAIIAAV?$Array@URTreeNodeNQ@physx@@V?$ReflectionAllocator@URTreeNodeNQ@physx@@@shdfnd@2@@shdfnd@2@AAIIPAURTreeNodeNQ@2@@Z 1000a270 f i RTreeCooking.obj
 0001:000099d0       ?split@SubSortSAH@physx@@QAEIPAII@Z 1000a9d0 f i RTreeCooking.obj
 0001:00009df0       ?computeLocalBounds@MeshBulider@physx@@IAEXAAVMeshDataBase@Gu@2@@Z 1000adf0 f   MeshBuilder.obj
 0001:00009e70       ??$?_UG@@YAPAXIV?$ReflectionAllocator@G@shdfnd@physx@@PBDH@Z 1000ae70 f i TriangleMeshBuilder.obj
 0001:00009ed0       ??$sort@UEdgeTriLookup@physx@@U?$Less@UEdgeTriLookup@physx@@@shdfnd@2@V?$ReflectionAllocator@UEdgeTriLookup@physx@@@42@@shdfnd@physx@@YAXPAUEdgeTriLookup@1@IABU?$Less@UEdgeTriLookup@physx@@@01@ABV?$ReflectionAllocator@UEdgeTriLookup@physx@@@01@I@Z 1000aed0 f i TriangleMeshBuilder.obj
 0001:0000a350       ??0BV4TriangleMeshBuilder@physx@@QAE@ABUPxCookingParams@1@@Z 1000b350 f   TriangleMeshBuilder.obj
 0001:0000a3a0       ??0RTreeTriangleMeshBuilder@physx@@QAE@ABUPxCookingParams@1@@Z 1000b3a0 f   TriangleMeshBuilder.obj
 0001:0000a410       ??0TriangleMeshData@Gu@physx@@QAE@XZ 1000b410 f i TriangleMeshBuilder.obj
 0001:0000a4b0       ??1BV4TriangleMeshBuilder@physx@@UAE@XZ 1000b4b0 f   TriangleMeshBuilder.obj
 0001:0000a510       ??1MeshDataBase@Gu@physx@@UAE@XZ 1000b510 f i TriangleMeshBuilder.obj
 0001:0000a5c0       ??1RTreeTriangleMeshBuilder@physx@@UAE@XZ 1000b5c0 f   TriangleMeshBuilder.obj
 0001:0000a640       ??1TriangleMeshData@Gu@physx@@UAE@XZ 1000b640 f i TriangleMeshBuilder.obj
 0001:0000a6c0       ??_EBV4TriangleData@Gu@physx@@UAEPAXI@Z 1000b6c0 f i TriangleMeshBuilder.obj
 0001:0000a6c0       ??_GBV4TriangleData@Gu@physx@@UAEPAXI@Z 1000b6c0 f i TriangleMeshBuilder.obj
 0001:0000a720       ??_EBV4TriangleMeshBuilder@physx@@UAEPAXI@Z 1000b720 f i TriangleMeshBuilder.obj
 0001:0000a720       ??_GBV4TriangleMeshBuilder@physx@@UAEPAXI@Z 1000b720 f i TriangleMeshBuilder.obj
 0001:0000a790       ??_EMeshDataBase@Gu@physx@@UAEPAXI@Z 1000b790 f i TriangleMeshBuilder.obj
 0001:0000a790       ??_GMeshDataBase@Gu@physx@@UAEPAXI@Z 1000b790 f i TriangleMeshBuilder.obj
 0001:0000a7d0       ??_GRTreeCookerRemap@physx@@UAEPAXI@Z 1000b7d0 f i TriangleMeshBuilder.obj
 0001:0000a7d0       ??_ERTreeCookerRemap@physx@@UAEPAXI@Z 1000b7d0 f i TriangleMeshBuilder.obj
 0001:0000a800       ??_ERTreeTriangleData@Gu@physx@@UAEPAXI@Z 1000b800 f i TriangleMeshBuilder.obj
 0001:0000a800       ??_GRTreeTriangleData@Gu@physx@@UAEPAXI@Z 1000b800 f i TriangleMeshBuilder.obj
 0001:0000a880       ??_ERTreeTriangleMeshBuilder@physx@@UAEPAXI@Z 1000b880 f i TriangleMeshBuilder.obj
 0001:0000a880       ??_GRTreeTriangleMeshBuilder@physx@@UAEPAXI@Z 1000b880 f i TriangleMeshBuilder.obj
 0001:0000a910       ??_ERemapCallback@RTreeCooker@physx@@UAEPAXI@Z 1000b910 f i TriangleMeshBuilder.obj
 0001:0000a910       ??_GRemapCallback@RTreeCooker@physx@@UAEPAXI@Z 1000b910 f i TriangleMeshBuilder.obj
 0001:0000a940       ??_ETriangleMeshBuilder@physx@@UAEPAXI@Z 1000b940 f i TriangleMeshBuilder.obj
 0001:0000a940       ??_GTriangleMeshBuilder@physx@@UAEPAXI@Z 1000b940 f i TriangleMeshBuilder.obj
 0001:0000a990       ??_ETriangleMeshData@Gu@physx@@UAEPAXI@Z 1000b990 f i TriangleMeshBuilder.obj
 0001:0000a990       ??_GTriangleMeshData@Gu@physx@@UAEPAXI@Z 1000b990 f i TriangleMeshBuilder.obj
 0001:0000a9d0       ?allocateTriangles@TriangleMeshData@Gu@physx@@QAEPAXI_NI@Z 1000b9d0 f i TriangleMeshBuilder.obj
 0001:0000ae20       ?checkMeshIndicesSize@TriangleMeshBuilder@physx@@QAEXXZ 1000be20 f   TriangleMeshBuilder.obj
 0001:0000aed0       ?cleanMesh@TriangleMeshBuilder@physx@@QAE_N_NPAW4Enum@PxTriangleMeshCookingResult@2@@Z 1000bed0 f   TriangleMeshBuilder.obj
 0001:0000b2c0       ?createGRBMidPhaseAndData@TriangleMeshBuilder@physx@@QAEXI@Z 1000c2c0 f   TriangleMeshBuilder.obj
 0001:0000b5a0       ?createMidPhaseStructure@BV4TriangleMeshBuilder@physx@@UAEXXZ 1000c5a0 f   TriangleMeshBuilder.obj
 0001:0000b7a0       ?createMidPhaseStructure@RTreeTriangleMeshBuilder@physx@@UAEXXZ 1000c7a0 f   TriangleMeshBuilder.obj
 0001:0000b860       ?createSharedEdgeData@TriangleMeshBuilder@physx@@QAEX_N0@Z 1000c860 f   TriangleMeshBuilder.obj
 0001:0000bdd0       ?getMidphaseID@BV4TriangleMeshBuilder@physx@@UBE?AW4Enum@PxMeshMidPhase@2@XZ 1000cdd0 f i TriangleMeshBuilder.obj
 0001:0000bde0       ?getMidphaseID@RTreeTriangleMeshBuilder@physx@@UBE?AW4Enum@PxMeshMidPhase@2@XZ 1000cde0 f i TriangleMeshBuilder.obj
 0001:0000bdf0       ?importMesh@TriangleMeshBuilder@physx@@IAE_NABVPxTriangleMeshDesc@2@ABUPxCookingParams@2@PAW4Enum@PxTriangleMeshCookingResult@2@_N@Z 1000cdf0 f   TriangleMeshBuilder.obj
 0001:0000c070       ?loadFromDesc@TriangleMeshBuilder@physx@@QAE_NABVPxTriangleMeshDesc@2@PAW4Enum@PxTriangleMeshCookingResult@2@_N@Z 1000d070 f   TriangleMeshBuilder.obj
 0001:0000c390       ?onMeshIndexFormatChange@BV4TriangleMeshBuilder@physx@@UAEXXZ 1000d390 f   TriangleMeshBuilder.obj
 0001:0000c3c0       ?remap@RTreeCookerRemap@physx@@UAEXPAIII@Z 1000d3c0 f i TriangleMeshBuilder.obj
 0001:0000c3e0       ?remapTopology@TriangleMeshBuilder@physx@@QAEXPBI@Z 1000d3e0 f   TriangleMeshBuilder.obj
 0001:0000c630       ?save@TriangleMeshBuilder@physx@@QBE_NAAVPxOutputStream@2@_NABUPxCookingParams@2@@Z 1000d630 f   TriangleMeshBuilder.obj
 0001:0000cb50       ?saveMidPhaseStructure@BV4TriangleMeshBuilder@physx@@UBEXAAVPxOutputStream@2@_N@Z 1000db50 f   TriangleMeshBuilder.obj
 0001:0000ccf0       ?saveMidPhaseStructure@RTreeTriangleMeshBuilder@physx@@UBEXAAVPxOutputStream@2@_N@Z 1000dcf0 f   TriangleMeshBuilder.obj
 0001:0000ce80       ??0BigConvexDataBuilder@physx@@QAE@PBUConvexHullData@Gu@1@PAVBigConvexData@1@PBVPxVec3@1@@Z 1000de80 f   BigConvexDataBuilder.obj
 0001:0000cea0       ??4BigConvexData@physx@@QAEAAV01@ABV01@@Z 1000dea0 f i BigConvexDataBuilder.obj
 0001:0000cec0       ?GetAdjacentVerts@BigConvexData@physx@@QBEPBEXZ 1000dec0 f i BigConvexDataBuilder.obj
 0001:0000ced0       ?GetValency@BigConvexData@physx@@QBEGI@Z 1000ded0 f i BigConvexDataBuilder.obj
 0001:0000ced0       ?GetNbNeighbors@BigConvexData@physx@@QBEGI@Z 1000ded0 f i BigConvexDataBuilder.obj
 0001:0000cee0       ?GetNbSamples@BigConvexData@physx@@QBEIXZ 1000dee0 f i BigConvexDataBuilder.obj
 0001:0000cef0       ?GetNeighbors@BigConvexData@physx@@QBEPBEI@Z 1000def0 f i BigConvexDataBuilder.obj
 0001:0000cf10       ?GetOffset@BigConvexData@physx@@QBEGI@Z 1000df10 f i BigConvexDataBuilder.obj
 0001:0000cf20       ?GetSubdiv@BigConvexData@physx@@QBEIXZ 1000df20 f i BigConvexDataBuilder.obj
 0001:0000cf30       ?GetValencies@BigConvexData@physx@@QBEPBUValency@Gu@2@XZ 1000df30 f i BigConvexDataBuilder.obj
 0001:0000cf40       ?computeValencies@BigConvexDataBuilder@physx@@QAE_NABVConvexHullBuilder@2@@Z 1000df40 f   BigConvexDataBuilder.obj
 0001:0000d2b0       ?precompute@BigConvexDataBuilder@physx@@QAE_NI@Z 1000e2b0 f   BigConvexDataBuilder.obj
 0001:0000dc20       ?save@BigConvexDataBuilder@physx@@QBE_NAAVPxOutputStream@2@_N@Z 1000ec20 f   BigConvexDataBuilder.obj
 0001:0000ddd0       ??0ConvexHullBuilder@physx@@QAE@PAUConvexHullData@Gu@1@_N@Z 1000edd0 f   ConvexHullBuilder.obj
 0001:0000de20       ??1ConvexHullBuilder@physx@@QAE@XZ 1000ee20 f   ConvexHullBuilder.obj
 0001:0000def0       ?calculateVertexMapTable@ConvexHullBuilder@physx@@QAE_NI_N@Z 1000eef0 f   ConvexHullBuilder.obj
 0001:0000e0b0       ?checkHullPolygons@ConvexHullBuilder@physx@@QBE_NXZ 1000f0b0 f   ConvexHullBuilder.obj
 0001:0000e4b0       ?computeGeomCenter@ConvexHullBuilder@physx@@IBE_NAAVPxVec3@2@IPAUHullTriangleData@2@@Z 1000f4b0 f   ConvexHullBuilder.obj
 0001:0000e6f0       ?copy@ConvexHullBuilder@physx@@QAE_NAAUConvexHullData@Gu@2@AAI@Z 1000f6f0 f   ConvexHullBuilder.obj
 0001:0000e920       ?createEdgeList@ConvexHullBuilder@physx@@QAE_N_NI@Z 1000f920 f   ConvexHullBuilder.obj
 0001:0000f090       ?init@ConvexHullBuilder@physx@@QAE_NIPBVPxVec3@2@PBIIIPBUPxHullPolygon@2@_NPAVConvexHullLib@2@@Z 10010090 f   ConvexHullBuilder.obj
 0001:0000f8d0       ?save@ConvexHullBuilder@physx@@QBE_NAAVPxOutputStream@2@_N@Z 100108d0 f   ConvexHullBuilder.obj
 0001:0000fb80       ??1ConvexHullLib@physx@@UAE@XZ 10010b80 f   ConvexHullLib.obj
 0001:0000fbc0       ??_GConvexHullLib@physx@@UAEPAXI@Z 10010bc0 f i ConvexHullLib.obj
 0001:0000fbc0       ??_EConvexHullLib@physx@@UAEPAXI@Z 10010bc0 f i ConvexHullLib.obj
 0001:0000ff20       ?cleanupVertices@ConvexHullLib@physx@@IAE_NIPBVPxVec3@2@IAAIPAV32@AAV32@3@Z 10010f20 f   ConvexHullLib.obj
 0001:000102d0       ?shiftAndcleanupVertices@ConvexHullLib@physx@@IAE_NIPBVPxVec3@2@IAAIPAV32@AAV32@3@Z 100112d0 f   ConvexHullLib.obj
 0001:00010460       ?shiftConvexMeshDesc@ConvexHullLib@physx@@IAEXAAVPxConvexMeshDesc@2@@Z 10011460 f   ConvexHullLib.obj
 0001:00010500       ?swapLargestFace@ConvexHullLib@physx@@IAEXAAVPxConvexMeshDesc@2@@Z 10011500 f   ConvexHullLib.obj
 0001:000106d0       ??4Box@Gu@physx@@QAEABV012@ABV012@@Z 100116d0 f i ConvexHullUtils.obj
 0001:000106d0       ??0Box@Gu@physx@@QAE@ABV012@@Z 100116d0 f i ConvexHullUtils.obj
 0001:00010740       ??0Box@Gu@physx@@QAE@ABVPxVec3@2@0ABVPxMat33@2@@Z 10011740 f i ConvexHullUtils.obj
 0001:000107b0       ??0ConvexHull@physx@@QAE@ABVPxVec3@1@ABVPxTransform@1@ABV?$Array@VPxPlane@physx@@V?$ReflectionAllocator@VPxPlane@physx@@@shdfnd@2@@shdfnd@1@@Z 100117b0 f   ConvexHullUtils.obj
 0001:00011b20       ??0PxQuat@physx@@QAE@ABVPxMat33@1@@Z 10012b20 f i ConvexHullUtils.obj
 0001:00011ce0       ?allocate@?$Array@VHalfEdge@ConvexHull@physx@@V?$ReflectionAllocator@VHalfEdge@ConvexHull@physx@@@shdfnd@3@@shdfnd@physx@@IAEPAVHalfEdge@ConvexHull@3@I@Z 10012ce0 f i ConvexHullUtils.obj
 0001:00011d50       ?allocate@?$Array@VPxPlane@physx@@V?$ReflectionAllocator@VPxPlane@physx@@@shdfnd@2@@shdfnd@physx@@IAEPAVPxPlane@3@I@Z 10012d50 f i ConvexHullUtils.obj
 0001:00011dc0       ?assertIntact@ConvexHull@physx@@QBE_NM@Z 10012dc0 f   ConvexHullUtils.obj
 0001:00012090       ?computeAABBExtent@Box@Gu@physx@@QBE?AVPxVec3@3@XZ 10013090 f i ConvexHullUtils.obj
 0001:00012140       ?computeBoxPoints@Box@Gu@physx@@QBEXPIAVPxVec3@3@@Z 10013140 f i ConvexHullUtils.obj
 0001:00012160       ?computeOBBFromConvex@physx@@YA_NABVPxConvexMeshDesc@1@AAVPxVec3@1@AAVPxTransform@1@@Z 10013160 f   ConvexHullUtils.obj
 0001:00012a80       ?convexHullCrop@physx@@YAPAVConvexHull@1@ABV21@ABVPxPlane@1@M@Z 10013a80 f   ConvexHullUtils.obj
 0001:00013bc0       ?copy@?$Array@VPxPlane@physx@@V?$ReflectionAllocator@VPxPlane@physx@@@shdfnd@2@@shdfnd@physx@@KAXPAVPxPlane@3@0PBV43@@Z 10014bc0 f i ConvexHullUtils.obj
 0001:00013c10       ?findCandidatePlane@ConvexHull@physx@@QBEHMM@Z 10014c10 f   ConvexHullUtils.obj
 0001:00013e90       ?getInverse@PxMat33@physx@@QBE?BV12@XZ 10014e90 f i ConvexHullUtils.obj
 0001:000140e0       ?getTransform@Box@Gu@physx@@QBE?AVPxTransform@3@XZ 100150e0 f i ConvexHullUtils.obj
 0001:00014130       ?growAndPushBack@?$Array@VHalfEdge@ConvexHull@physx@@V?$ReflectionAllocator@VHalfEdge@ConvexHull@physx@@@shdfnd@3@@shdfnd@physx@@IAEAAVHalfEdge@ConvexHull@3@ABV453@@Z 10015130 f i ConvexHullUtils.obj
 0001:000141b0       ?growAndPushBack@?$Array@VPxPlane@physx@@V?$ReflectionAllocator@VPxPlane@physx@@@shdfnd@2@@shdfnd@physx@@IAEAAVPxPlane@3@ABV43@@Z 100151b0 f i ConvexHullUtils.obj
 0001:00014240       ?isValid@Box@Gu@physx@@QBE_NXZ 10015240 f i ConvexHullUtils.obj
 0001:00014260       ?maxNumVertsPerFace@ConvexHull@physx@@QBEIXZ 10015260 f   ConvexHullUtils.obj
 0001:000142e0       ?recreate@?$Array@VHalfEdge@ConvexHull@physx@@V?$ReflectionAllocator@VHalfEdge@ConvexHull@physx@@@shdfnd@3@@shdfnd@physx@@IAEXI@Z 100152e0 f i ConvexHullUtils.obj
 0001:00014340       ?recreate@?$Array@VPxPlane@physx@@V?$ReflectionAllocator@VPxPlane@physx@@@shdfnd@2@@shdfnd@physx@@IAEXI@Z 10015340 f i ConvexHullUtils.obj
 0001:000143a0       ?resize@?$Array@VHalfEdge@ConvexHull@physx@@V?$ReflectionAllocator@VHalfEdge@ConvexHull@physx@@@shdfnd@3@@shdfnd@physx@@QAEXIABVHalfEdge@ConvexHull@3@@Z 100153a0 f i ConvexHullUtils.obj
 0001:00014440       ?resize@?$Array@VPxPlane@physx@@V?$ReflectionAllocator@VPxPlane@physx@@@shdfnd@2@@shdfnd@physx@@QAEXIABVPxPlane@3@@Z 10015440 f i ConvexHullUtils.obj
 0001:00014540       ?resize@?$Array@VPxVec3@physx@@V?$ReflectionAllocator@VPxVec3@physx@@@shdfnd@2@@shdfnd@physx@@QAEXIABVPxVec3@3@@Z 10015540 f i ConvexHullUtils.obj
 0001:00014610       ?rotate@Box@Gu@physx@@QBE?AVPxVec3@3@ABV43@@Z 10015610 f i ConvexHullUtils.obj
 0001:000146a0       ?rotateInv@Box@Gu@physx@@QBE?AVPxVec3@3@ABV43@@Z 100156a0 f i ConvexHullUtils.obj
 0001:00014730       ?setAxes@Box@Gu@physx@@QAEXABVPxVec3@3@00@Z 10015730 f i ConvexHullUtils.obj
 0001:00014780       ?setEmpty@Box@Gu@physx@@QAEXXZ 10015780 f i ConvexHullUtils.obj
 0001:000147f0       ?transform@Box@Gu@physx@@QBE?AVPxVec3@3@ABV43@@Z 100157f0 f i ConvexHullUtils.obj
 0001:00014890       ??0ConvexMeshBuilder@physx@@QAE@_N@Z 10015890 f   ConvexMeshBuilder.obj
 0001:000148f0       ??1ConvexMeshBuilder@physx@@QAE@XZ 100158f0 f   ConvexMeshBuilder.obj
 0001:00014d50       ?build@ConvexMeshBuilder@physx@@QAE_NABVPxConvexMeshDesc@2@I_NPAVConvexHullLib@2@@Z 10015d50 f   ConvexMeshBuilder.obj
 0001:00014ff0       ?computeHullPolygons@ConvexMeshBuilder@physx@@QAE_NABIPBVPxVec3@2@0PBIAAVPxAllocatorCallback@2@AAIAAPAV32@4AAPAI4AAPAUPxHullPolygon@2@@Z 10015ff0 f   ConvexMeshBuilder.obj
 0001:00015170       ?computeMassInfo@ConvexMeshBuilder@physx@@QAEX_N@Z 10016170 f   ConvexMeshBuilder.obj
 0001:000155e0       ?copy@ConvexMeshBuilder@physx@@QAE_NAAUConvexHullInitData@Gu@2@@Z 100165e0 f   ConvexMeshBuilder.obj
 0001:000156d0       ?isFinite@PxVec3@physx@@QBE_NXZ 100166d0 f i ConvexMeshBuilder.obj
 0001:00015740       ?loadConvexHull@ConvexMeshBuilder@physx@@QAE_NABVPxConvexMeshDesc@2@PAVConvexHullLib@2@@Z 10016740 f   ConvexMeshBuilder.obj
 0001:00015920       ?save@ConvexMeshBuilder@physx@@QBE_NAAVPxOutputStream@2@_N@Z 10016920 f   ConvexMeshBuilder.obj
 0001:00015b10       ??$?_UE@@YAPAXIV?$ReflectionAllocator@E@shdfnd@physx@@PBDH@Z 10016b10 f i ConvexPolygonsBuilder.obj
 0001:00015b70       ??$copy@V?$ReflectionAllocator@VPair@@@shdfnd@physx@@@?$Array@VPair@@V?$ReflectionAllocator@VPair@@@shdfnd@physx@@@shdfnd@physx@@IAEXABV012@@Z 10016b70 f i ConvexPolygonsBuilder.obj
 0001:00015be0       ??0ConvexPolygonsBuilder@physx@@QAE@PAUConvexHullData@Gu@1@_N@Z 10016be0 f   ConvexPolygonsBuilder.obj
 0001:00015c10       ??1ConvexPolygonsBuilder@physx@@QAE@XZ 10016c10 f   ConvexPolygonsBuilder.obj
 0001:00015c40       ??4?$Array@IV?$ReflectionAllocator@I@shdfnd@physx@@@shdfnd@physx@@QAEAAV012@ABV012@@Z 10016c40 f i ConvexPolygonsBuilder.obj
 0001:000163d0       ?allocate@?$Array@VPair@@V?$ReflectionAllocator@VPair@@@shdfnd@physx@@@shdfnd@physx@@IAEPAVPair@@I@Z 100173d0 f i ConvexPolygonsBuilder.obj
 0001:00016980       ?computeHullPolygons@ConvexPolygonsBuilder@physx@@QAE_NABIPBVPxVec3@2@0PBI@Z 10017980 f   ConvexPolygonsBuilder.obj
 0001:00017820       ?createPolygonData@ConvexPolygonsBuilder@physx@@AAE_NXZ 10018820 f   ConvexPolygonsBuilder.obj
 0001:00018330       ?createTrianglesFromPolygons@ConvexPolygonsBuilder@physx@@AAE_NXZ 10019330 f   ConvexPolygonsBuilder.obj
 0001:00019320       ?growAndPushBack@?$Array@VPair@@V?$ReflectionAllocator@VPair@@@shdfnd@physx@@@shdfnd@physx@@IAEAAVPair@@ABV4@@Z 1001a320 f i ConvexPolygonsBuilder.obj
 0001:000193b0       ??0QuickHull@local@@QAE@ABUPxCookingParams@physx@@ABVPxConvexMeshDesc@3@@Z 1001a3b0 f   QuickHullConvexHullLib.obj
 0001:00019500       ??0QuickHullConvexHullLib@physx@@QAE@ABVPxConvexMeshDesc@1@ABUPxCookingParams@1@@Z 1001a500 f   QuickHullConvexHullLib.obj
 0001:000195c0       ??1?$MemBlock@UQuickHullHalfEdge@local@@$0A@@local@@QAE@XZ 1001a5c0 f i QuickHullConvexHullLib.obj
 0001:000195c0       ??1?$MemBlock@UQuickHullFace@local@@$00@local@@QAE@XZ 1001a5c0 f i QuickHullConvexHullLib.obj
 0001:00019620       ??1QuickHull@local@@QAE@XZ 1001a620 f   QuickHullConvexHullLib.obj
 0001:00019720       ??_GConvexHull@physx@@QAEPAXI@Z 1001a720 f i QuickHullConvexHullLib.obj
 0001:000197c0       ??_EQuickHullConvexHullLib@physx@@UAEPAXI@Z 1001a7c0 f i QuickHullConvexHullLib.obj
 0001:000197c0       ??_GQuickHullConvexHullLib@physx@@UAEPAXI@Z 1001a7c0 f i QuickHullConvexHullLib.obj
 0001:00019870       ?addExpandPoint@local@@YAXABUExpandPoint@1@AAV?$Array@UExpandPoint@local@@V?$ReflectionAllocator@UExpandPoint@local@@@shdfnd@physx@@@shdfnd@physx@@@Z 1001a870 f   QuickHullConvexHullLib.obj
 0001:00019950       ?addPointToHull@QuickHull@local@@IAE_NPBUQuickHullVertex@2@AAUQuickHullFace@2@AA_N@Z 1001a950 f   QuickHullConvexHullLib.obj
 0001:00019c70       ?addSimplex@QuickHull@local@@IAEXPAUQuickHullVertex@2@_N@Z 1001ac70 f   QuickHullConvexHullLib.obj
 0001:0001a020       ?allocate@?$Array@PAUQuickHullFace@local@@V?$ReflectionAllocator@PAUQuickHullFace@local@@@shdfnd@physx@@@shdfnd@physx@@IAEPAPAUQuickHullFace@local@@I@Z 1001b020 f i QuickHullConvexHullLib.obj
 0001:0001a090       ?allocate@?$Array@PAUQuickHullHalfEdge@local@@V?$ReflectionAllocator@PAUQuickHullHalfEdge@local@@@shdfnd@physx@@@shdfnd@physx@@IAEPAPAUQuickHullHalfEdge@local@@I@Z 1001b090 f i QuickHullConvexHullLib.obj
 0001:0001a100       ?allocate@?$Array@PAUQuickHullVertex@local@@V?$ReflectionAllocator@PAUQuickHullVertex@local@@@shdfnd@physx@@@shdfnd@physx@@IAEPAPAUQuickHullVertex@local@@I@Z 1001b100 f i QuickHullConvexHullLib.obj
 0001:0001a170       ?allocate@?$Array@UExpandPoint@local@@V?$ReflectionAllocator@UExpandPoint@local@@@shdfnd@physx@@@shdfnd@physx@@IAEPAUExpandPoint@local@@I@Z 1001b170 f i QuickHullConvexHullLib.obj
 0001:0001a1e0       ?buildHull@QuickHull@local@@QAE?AW4Enum@QuickHullResult@2@XZ 1001b1e0 f   QuickHullConvexHullLib.obj
 0001:0001a460       ?calculateHorizon@QuickHull@local@@IAEXABVPxVec3@physx@@PAUQuickHullHalfEdge@2@AAUQuickHullFace@2@AAV?$Array@PAUQuickHullHalfEdge@local@@V?$ReflectionAllocator@PAUQuickHullHalfEdge@local@@@shdfnd@physx@@@shdfnd@4@AAV?$Array@PAUQuickHullFace@local@@V?$ReflectionAllocator@PAUQuickHullFace@local@@@shdfnd@physx@@@84@@Z 1001b460 f   QuickHullConvexHullLib.obj
 0001:0001a570       ?canMergeFaces@QuickHull@local@@IAE_NABUQuickHullHalfEdge@2@@Z 1001b570 f   QuickHullConvexHullLib.obj
 0001:0001ac90       ?cleanupForSimplex@QuickHullConvexHullLib@physx@@IAE_NPAVPxVec3@2@IPAUQuickHullVertex@local@@1AAM2@Z 1001bc90 f   QuickHullConvexHullLib.obj
 0001:0001b390       ?computeMinMaxVerts@QuickHull@local@@IAEXXZ 1001c390 f   QuickHullConvexHullLib.obj
 0001:0001b6e0       ?connectHalfEdges@QuickHullFace@local@@AAEPAU12@PAUQuickHullHalfEdge@2@0@Z 1001c6e0 f   QuickHullConvexHullLib.obj
 0001:0001ba00       ?copy@?$Array@UExpandPoint@local@@V?$ReflectionAllocator@UExpandPoint@local@@@shdfnd@physx@@@shdfnd@physx@@KAXPAUExpandPoint@local@@0PBU45@@Z 1001ca00 f i QuickHullConvexHullLib.obj
 0001:0001ba90       ?createConvexHull@QuickHullConvexHullLib@physx@@UAE?AW4Enum@PxConvexMeshCookingResult@2@XZ 1001ca90 f   QuickHullConvexHullLib.obj
 0001:0001bf80       ?createEdgeList@QuickHullConvexHullLib@physx@@UAE_NIPBEPAPAEPAPAG2@Z 1001cf80 f   QuickHullConvexHullLib.obj
 0001:0001c1c0       ?createTriangle@QuickHull@local@@IAEPAUQuickHullFace@2@ABUQuickHullVertex@2@00@Z 1001d1c0 f   QuickHullConvexHullLib.obj
 0001:0001c530       ?deleteFacePoints@QuickHull@local@@IAEXAAUQuickHullFace@2@PAU32@@Z 1001d530 f   QuickHullConvexHullLib.obj
 0001:0001c620       ?doAdjacentMerge@QuickHull@local@@IAE_NAAUQuickHullFace@2@_NAA_N@Z 1001d620 f   QuickHullConvexHullLib.obj
 0001:0001c860       ?expandHull@QuickHullConvexHullLib@physx@@IAE?AW4Enum@PxConvexMeshCookingResult@2@XZ 1001d860 f   QuickHullConvexHullLib.obj
 0001:0001ceb0       ?expandHullOBB@QuickHullConvexHullLib@physx@@IAE?AW4Enum@PxConvexMeshCookingResult@2@XZ 1001deb0 f   QuickHullConvexHullLib.obj
 0001:0001d2b0       ?fillConvexMeshDesc@QuickHullConvexHullLib@physx@@UAEXAAVPxConvexMeshDesc@2@@Z 1001e2b0 f   QuickHullConvexHullLib.obj
 0001:0001d2f0       ?fillConvexMeshDescFromCroppedHull@QuickHullConvexHullLib@physx@@IAEXAAVPxConvexMeshDesc@2@@Z 1001e2f0 f   QuickHullConvexHullLib.obj
 0001:0001d4b0       ?fillConvexMeshDescFromQuickHull@QuickHullConvexHullLib@physx@@IAEXAAVPxConvexMeshDesc@2@@Z 1001e4b0 f   QuickHullConvexHullLib.obj
 0001:0001d870       ?findSimplex@QuickHull@local@@IAE_NXZ 1001e870 f   QuickHullConvexHullLib.obj
 0001:0001dd10       ?getFreeItem@?$MemBlock@UQuickHullFace@local@@$00@local@@QAEPAUQuickHullFace@2@XZ 1001ed10 f i QuickHullConvexHullLib.obj
 0001:0001ddf0       ?getFreeItem@?$MemBlock@UQuickHullHalfEdge@local@@$0A@@local@@QAEPAUQuickHullHalfEdge@2@XZ 1001edf0 f i QuickHullConvexHullLib.obj
 0001:0001de90       ?growAndPushBack@?$Array@PAUQuickHullFace@local@@V?$ReflectionAllocator@PAUQuickHullFace@local@@@shdfnd@physx@@@shdfnd@physx@@IAEAAPAUQuickHullFace@local@@ABQAU45@@Z 1001ee90 f i QuickHullConvexHullLib.obj
 0001:0001df10       ?growAndPushBack@?$Array@PAUQuickHullHalfEdge@local@@V?$ReflectionAllocator@PAUQuickHullHalfEdge@local@@@shdfnd@physx@@@shdfnd@physx@@IAEAAPAUQuickHullHalfEdge@local@@ABQAU45@@Z 1001ef10 f i QuickHullConvexHullLib.obj
 0001:0001df90       ?growAndPushBack@?$Array@PAUQuickHullVertex@local@@V?$ReflectionAllocator@PAUQuickHullVertex@local@@@shdfnd@physx@@@shdfnd@physx@@IAEAAPAUQuickHullVertex@local@@ABQAU45@@Z 1001ef90 f i QuickHullConvexHullLib.obj
 0001:0001e010       ?growAndPushBack@?$Array@UExpandPoint@local@@V?$ReflectionAllocator@UExpandPoint@local@@@shdfnd@physx@@@shdfnd@physx@@IAEAAUExpandPoint@local@@ABU45@@Z 1001f010 f i QuickHullConvexHullLib.obj
 0001:0001e100       ?init@?$MemBlock@UQuickHullFace@local@@$00@local@@QAEXI@Z 1001f100 f i QuickHullConvexHullLib.obj
 0001:0001e1a0       ?mergeAdjacentFace@QuickHullFace@local@@QAE_NPAUQuickHullHalfEdge@2@AAV?$Array@PAUQuickHullFace@local@@V?$ReflectionAllocator@PAUQuickHullFace@local@@@shdfnd@physx@@@shdfnd@physx@@@Z 1001f1a0 f   QuickHullConvexHullLib.obj
 0001:0001e5a0       ?parseInputVertices@QuickHull@local@@QAEXPBVPxVec3@physx@@I@Z 1001f5a0 f   QuickHullConvexHullLib.obj
 0001:0001e600       ?preallocate@QuickHull@local@@QAEXI@Z 1001f600 f   QuickHullConvexHullLib.obj
 0001:0001e770       ?recreate@?$Array@PAUQuickHullFace@local@@V?$ReflectionAllocator@PAUQuickHullFace@local@@@shdfnd@physx@@@shdfnd@physx@@IAEXI@Z 1001f770 f i QuickHullConvexHullLib.obj
 0001:0001e7d0       ?recreate@?$Array@PAUQuickHullHalfEdge@local@@V?$ReflectionAllocator@PAUQuickHullHalfEdge@local@@@shdfnd@physx@@@shdfnd@physx@@IAEXI@Z 1001f7d0 f i QuickHullConvexHullLib.obj
 0001:0001e830       ?recreate@?$Array@PAUQuickHullVertex@local@@V?$ReflectionAllocator@PAUQuickHullVertex@local@@@shdfnd@physx@@@shdfnd@physx@@IAEXI@Z 1001f830 f i QuickHullConvexHullLib.obj
 0001:0001e890       ?recreate@?$Array@UExpandPoint@local@@V?$ReflectionAllocator@UExpandPoint@local@@@shdfnd@physx@@@shdfnd@physx@@IAEXI@Z 1001f890 f i QuickHullConvexHullLib.obj
 0001:0001f540       ?computeVolumeIntegralsEberly@physx@@YA_NABVPxConvexMeshDesc@1@MAAUPxIntegrals@1@ABVPxVec3@1@@Z 10020540 f   VolumeIntegration.obj
 0001:0001f590       ?computeVolumeIntegralsEberlySIMD@physx@@YA_NABVPxConvexMeshDesc@1@MAAUPxIntegrals@1@ABVPxVec3@1@@Z 10020590 f   VolumeIntegration.obj
 0001:0001fc30       ?cookingDelayHook@@YGP6GHXZIPAUDelayLoadInfo@@@Z 10020c30 f   WindowsCookingDelayLoadHook.obj
 0001:0001fcd0       _PxSetPhysXCookingDelayLoadHook 10020cd0 f   WindowsCookingDelayLoadHook.obj
 0001:0001fcda       __imp_load_??0RadixSortBuffered@Cm@physx@@QAE@XZ 10020cda f   PhysXCommon_32:PhysXCommon_32.dll
 0001:0001fce4       ??0RadixSortBuffered@Cm@physx@@QAE@XZ 10020ce4 f   PhysXCommon_32:PhysXCommon_32.dll
 0001:0001fcea       __tailMerge_physxcommon_32_dll 10020cea     PhysXCommon_32:PhysXCommon_32.dll
 0001:0001fcfb       __imp_load_??1RadixSortBuffered@Cm@physx@@UAE@XZ 10020cfb f   PhysXCommon_32:PhysXCommon_32.dll
 0001:0001fd05       ??1RadixSortBuffered@Cm@physx@@UAE@XZ 10020d05 f   PhysXCommon_32:PhysXCommon_32.dll
 0001:0001fd0b       __imp_load_?Sort@RadixSortBuffered@Cm@physx@@QAEAAV123@PBIIW4RadixHint@23@@Z 10020d0b f   PhysXCommon_32:PhysXCommon_32.dll
 0001:0001fd15       ?Sort@RadixSortBuffered@Cm@physx@@QAEAAV123@PBIIW4RadixHint@23@@Z 10020d15 f   PhysXCommon_32:PhysXCommon_32.dll
 0001:0001fd1b       __imp_load_??0HeightField@Gu@physx@@QAE@PAVGuMeshFactory@2@@Z 10020d1b f   PhysXCommon_32:PhysXCommon_32.dll
 0001:0001fd25       ??0HeightField@Gu@physx@@QAE@PAVGuMeshFactory@2@@Z 10020d25 f   PhysXCommon_32:PhysXCommon_32.dll
 0001:0001fd2b       __imp_load_?loadFromDesc@HeightField@Gu@physx@@QAE_NABVPxHeightFieldDesc@3@@Z 10020d2b f   PhysXCommon_32:PhysXCommon_32.dll
 0001:0001fd35       ?loadFromDesc@HeightField@Gu@physx@@QAE_NABVPxHeightFieldDesc@3@@Z 10020d35 f   PhysXCommon_32:PhysXCommon_32.dll
 0001:0001fd3b       __imp_load_?computeCellCoordinates@HeightField@Gu@physx@@QBEIMMAAM0@Z 10020d3b f   PhysXCommon_32:PhysXCommon_32.dll
 0001:0001fd45       ?computeCellCoordinates@HeightField@Gu@physx@@QBEIMMAAM0@Z 10020d45 f   PhysXCommon_32:PhysXCommon_32.dll
 0001:0001fd4b       __imp_load_?releaseMemory@HeightField@Gu@physx@@QAEXXZ 10020d4b f   PhysXCommon_32:PhysXCommon_32.dll
 0001:0001fd55       ?releaseMemory@HeightField@Gu@physx@@QAEXXZ 10020d55 f   PhysXCommon_32:PhysXCommon_32.dll
 0001:0001fd5b       __imp_load_??1HeightField@Gu@physx@@UAE@XZ 10020d5b f   PhysXCommon_32:PhysXCommon_32.dll
 0001:0001fd65       ??1HeightField@Gu@physx@@UAE@XZ 10020d65 f   PhysXCommon_32:PhysXCommon_32.dll
 0001:0001fd6b       __imp_load_??0NodeAllocator@Gu@physx@@QAE@XZ 10020d6b f   PhysXCommon_32:PhysXCommon_32.dll
 0001:0001fd75       ??0NodeAllocator@Gu@physx@@QAE@XZ 10020d75 f   PhysXCommon_32:PhysXCommon_32.dll
 0001:0001fd7b       __imp_load_??1NodeAllocator@Gu@physx@@QAE@XZ 10020d7b f   PhysXCommon_32:PhysXCommon_32.dll
 0001:0001fd85       ??1NodeAllocator@Gu@physx@@QAE@XZ 10020d85 f   PhysXCommon_32:PhysXCommon_32.dll
 0001:0001fd8b       __imp_load_?release@NodeAllocator@Gu@physx@@QAEXXZ 10020d8b f   PhysXCommon_32:PhysXCommon_32.dll
 0001:0001fd95       ?release@NodeAllocator@Gu@physx@@QAEXXZ 10020d95 f   PhysXCommon_32:PhysXCommon_32.dll
 0001:0001fd9b       __imp_load_?buildAABBTree@Gu@physx@@YA_NAAVAABBTreeBuildParams@12@AAVNodeAllocator@12@AAUBuildStats@12@AAPAI@Z 10020d9b f   PhysXCommon_32:PhysXCommon_32.dll
 0001:0001fda5       ?buildAABBTree@Gu@physx@@YA_NAAVAABBTreeBuildParams@12@AAVNodeAllocator@12@AAUBuildStats@12@AAPAI@Z 10020da5 f   PhysXCommon_32:PhysXCommon_32.dll
 0001:0001fdab       __imp_load_?writeDword@physx@@YAXI_NAAVPxOutputStream@1@@Z 10020dab f   PhysXCommon_32:PhysXCommon_32.dll
 0001:0001fdb5       ?writeDword@physx@@YAXI_NAAVPxOutputStream@1@@Z 10020db5 f   PhysXCommon_32:PhysXCommon_32.dll
 0001:0001fdbb       __imp_load_?writeFloatBuffer@physx@@YAXPBMI_NAAVPxOutputStream@1@@Z 10020dbb f   PhysXCommon_32:PhysXCommon_32.dll
 0001:0001fdc5       ?writeFloatBuffer@physx@@YAXPBMI_NAAVPxOutputStream@1@@Z 10020dc5 f   PhysXCommon_32:PhysXCommon_32.dll
 0001:0001fdcb       __imp_load_?writeHeader@physx@@YA_NCCCCI_NAAVPxOutputStream@1@@Z 10020dcb f   PhysXCommon_32:PhysXCommon_32.dll
 0001:0001fdd5       ?writeHeader@physx@@YA_NCCCCI_NAAVPxOutputStream@1@@Z 10020dd5 f   PhysXCommon_32:PhysXCommon_32.dll
 0001:0001fddb       __imp_load_?writeWord@physx@@YAXG_NAAVPxOutputStream@1@@Z 10020ddb f   PhysXCommon_32:PhysXCommon_32.dll
 0001:0001fde5       ?writeWord@physx@@YAXG_NAAVPxOutputStream@1@@Z 10020de5 f   PhysXCommon_32:PhysXCommon_32.dll
 0001:0001fdeb       __imp_load_?writeFloat@physx@@YAXM_NAAVPxOutputStream@1@@Z 10020deb f   PhysXCommon_32:PhysXCommon_32.dll
 0001:0001fdf5       ?writeFloat@physx@@YAXM_NAAVPxOutputStream@1@@Z 10020df5 f   PhysXCommon_32:PhysXCommon_32.dll
 0001:0001fdfb       __imp_load_?computeBoundsAroundVertices@Gu@physx@@YAXAAVPxBounds3@2@IPIBVPxVec3@2@@Z 10020dfb f   PhysXCommon_32:PhysXCommon_32.dll
 0001:0001fe05       ?computeBoundsAroundVertices@Gu@physx@@YAXAAVPxBounds3@2@IPIBVPxVec3@2@@Z 10020e05 f   PhysXCommon_32:PhysXCommon_32.dll
 0001:0001fe0b       __imp_load_??0SourceMesh@Gu@physx@@QAE@XZ 10020e0b f   PhysXCommon_32:PhysXCommon_32.dll
 0001:0001fe15       ??0SourceMesh@Gu@physx@@QAE@XZ 10020e15 f   PhysXCommon_32:PhysXCommon_32.dll
 0001:0001fe1b       __imp_load_??1SourceMesh@Gu@physx@@QAE@XZ 10020e1b f   PhysXCommon_32:PhysXCommon_32.dll
 0001:0001fe25       ??1SourceMesh@Gu@physx@@QAE@XZ 10020e25 f   PhysXCommon_32:PhysXCommon_32.dll
 0001:0001fe2b       __imp_load_??0BV4Tree@Gu@physx@@QAE@XZ 10020e2b f   PhysXCommon_32:PhysXCommon_32.dll
 0001:0001fe35       ??0BV4Tree@Gu@physx@@QAE@XZ 10020e35 f   PhysXCommon_32:PhysXCommon_32.dll
 0001:0001fe3b       __imp_load_??1BV4Tree@Gu@physx@@QAE@XZ 10020e3b f   PhysXCommon_32:PhysXCommon_32.dll
 0001:0001fe45       ??1BV4Tree@Gu@physx@@QAE@XZ 10020e45 f   PhysXCommon_32:PhysXCommon_32.dll
 0001:0001fe4b       __imp_load_??0BV32Tree@Gu@physx@@QAE@XZ 10020e4b f   PhysXCommon_32:PhysXCommon_32.dll
 0001:0001fe55       ??0BV32Tree@Gu@physx@@QAE@XZ 10020e55 f   PhysXCommon_32:PhysXCommon_32.dll
 0001:0001fe5b       __imp_load_??1BV32Tree@Gu@physx@@QAE@XZ 10020e5b f   PhysXCommon_32:PhysXCommon_32.dll
 0001:0001fe65       ??1BV32Tree@Gu@physx@@QAE@XZ 10020e65 f   PhysXCommon_32:PhysXCommon_32.dll
 0001:0001fe6b       __imp_load_?writeWordBuffer@physx@@YAXPBGI_NAAVPxOutputStream@1@@Z 10020e6b f   PhysXCommon_32:PhysXCommon_32.dll
 0001:0001fe75       ?writeWordBuffer@physx@@YAXPBGI_NAAVPxOutputStream@1@@Z 10020e75 f   PhysXCommon_32:PhysXCommon_32.dll
 0001:0001fe7b       __imp_load_?computeMaxIndex@physx@@YAIPBII@Z 10020e7b f   PhysXCommon_32:PhysXCommon_32.dll
 0001:0001fe85       ?computeMaxIndex@physx@@YAIPBII@Z 10020e85 f   PhysXCommon_32:PhysXCommon_32.dll
 0001:0001fe8b       __imp_load_?storeIndices@physx@@YAXIIPBIAAVPxOutputStream@1@_N@Z 10020e8b f   PhysXCommon_32:PhysXCommon_32.dll
 0001:0001fe95       ?storeIndices@physx@@YAXIIPBIAAVPxOutputStream@1@_N@Z 10020e95 f   PhysXCommon_32:PhysXCommon_32.dll
 0001:0001fe9b       __imp_load_?BuildBV4Ex@Gu@physx@@YA_NAAVBV4Tree@12@AAVSourceMesh@12@MI@Z 10020e9b f   PhysXCommon_32:PhysXCommon_32.dll
 0001:0001fea5       ?BuildBV4Ex@Gu@physx@@YA_NAAVBV4Tree@12@AAVSourceMesh@12@MI@Z 10020ea5 f   PhysXCommon_32:PhysXCommon_32.dll
 0001:0001feab       __imp_load_?BuildBV32Ex@Gu@physx@@YA_NAAVBV32Tree@12@AAVSourceMesh@12@MI@Z 10020eab f   PhysXCommon_32:PhysXCommon_32.dll
 0001:0001feb5       ?BuildBV32Ex@Gu@physx@@YA_NAAVBV32Tree@12@AAVSourceMesh@12@MI@Z 10020eb5 f   PhysXCommon_32:PhysXCommon_32.dll
 0001:0001febb       __imp_load_?computeMaxIndex@physx@@YAGPBGI@Z 10020ebb f   PhysXCommon_32:PhysXCommon_32.dll
 0001:0001fec5       ?computeMaxIndex@physx@@YAGPBGI@Z 10020ec5 f   PhysXCommon_32:PhysXCommon_32.dll
 0001:0001fecb       __imp_load_?WriteHeader@Gu@physx@@YA_NEEEEI_NAAVPxOutputStream@2@@Z 10020ecb f   PhysXCommon_32:PhysXCommon_32.dll
 0001:0001fed5       ?WriteHeader@Gu@physx@@YA_NEEEEI_NAAVPxOutputStream@2@@Z 10020ed5 f   PhysXCommon_32:PhysXCommon_32.dll
 0001:0001fedb       __imp_load_?StoreIndices@Gu@physx@@YAXGIPBGAAVPxOutputStream@2@_N@Z 10020edb f   PhysXCommon_32:PhysXCommon_32.dll
 0001:0001fee5       ?StoreIndices@Gu@physx@@YAXGIPBGAAVPxOutputStream@2@_N@Z 10020ee5 f   PhysXCommon_32:PhysXCommon_32.dll
 0001:0001feeb       __imp_load_?CreateOffsets@BigConvexData@physx@@IAEXXZ 10020eeb f   PhysXCommon_32:PhysXCommon_32.dll
 0001:0001fef5       ?CreateOffsets@BigConvexData@physx@@IAEXXZ 10020ef5 f   PhysXCommon_32:PhysXCommon_32.dll
 0001:0001fefb       __imp_load_?computeOBBPoints@Gu@physx@@YAXPIAVPxVec3@2@ABV32@1111@Z 10020efb f   PhysXCommon_32:PhysXCommon_32.dll
 0001:0001ff05       ?computeOBBPoints@Gu@physx@@YAXPIAVPxVec3@2@ABV32@1111@Z 10020f05 f   PhysXCommon_32:PhysXCommon_32.dll
 0001:0001ff0b       __imp_load_??0BigConvexData@physx@@QAE@XZ 10020f0b f   PhysXCommon_32:PhysXCommon_32.dll
 0001:0001ff15       ??0BigConvexData@physx@@QAE@XZ 10020f15 f   PhysXCommon_32:PhysXCommon_32.dll
 0001:0001ff1b       __imp_load_??1BigConvexData@physx@@QAE@XZ 10020f1b f   PhysXCommon_32:PhysXCommon_32.dll
 0001:0001ff25       ??1BigConvexData@physx@@QAE@XZ 10020f25 f   PhysXCommon_32:PhysXCommon_32.dll
 0001:0001ff2b       __imp_load__PxGetFoundation 10020f2b f   PhysXFoundation_32:PhysXFoundation_32.dll
 0001:0001ff35       _PxGetFoundation           10020f35 f   PhysXFoundation_32:PhysXFoundation_32.dll
 0001:0001ff3b       __tailMerge_physxfoundation_32_dll 10020f3b     PhysXFoundation_32:PhysXFoundation_32.dll
 0001:0001ff4c       __imp_load_?getAllocator@shdfnd@physx@@YAAAVPxAllocatorCallback@2@XZ 10020f4c f   PhysXFoundation_32:PhysXFoundation_32.dll
 0001:0001ff56       ?getAllocator@shdfnd@physx@@YAAAVPxAllocatorCallback@2@XZ 10020f56 f   PhysXFoundation_32:PhysXFoundation_32.dll
 0001:0001ff5c       __imp_load_?getInstance@Foundation@shdfnd@physx@@SAAAV123@XZ 10020f5c f   PhysXFoundation_32:PhysXFoundation_32.dll
 0001:0001ff66       ?getInstance@Foundation@shdfnd@physx@@SAAAV123@XZ 10020f66 f   PhysXFoundation_32:PhysXFoundation_32.dll
 0001:0001ff6c       __imp_load_?error@Foundation@shdfnd@physx@@QAAXW4Enum@PxErrorCode@3@PBDH1ZZ 10020f6c f   PhysXFoundation_32:PhysXFoundation_32.dll
 0001:0001ff76       ?error@Foundation@shdfnd@physx@@QAAXW4Enum@PxErrorCode@3@PBDH1ZZ 10020f76 f   PhysXFoundation_32:PhysXFoundation_32.dll
 0001:0001ff7c       __imp_load_?incRefCount@Foundation@shdfnd@physx@@SAXXZ 10020f7c f   PhysXFoundation_32:PhysXFoundation_32.dll
 0001:0001ff86       ?incRefCount@Foundation@shdfnd@physx@@SAXXZ 10020f86 f   PhysXFoundation_32:PhysXFoundation_32.dll
 0001:0001ff8c       __imp_load_?decRefCount@Foundation@shdfnd@physx@@SAXXZ 10020f8c f   PhysXFoundation_32:PhysXFoundation_32.dll
 0001:0001ff96       ?decRefCount@Foundation@shdfnd@physx@@SAXXZ 10020f96 f   PhysXFoundation_32:PhysXFoundation_32.dll
 0001:0001ff9c       __imp_load_??0FPUGuard@shdfnd@physx@@QAE@XZ 10020f9c f   PhysXFoundation_32:PhysXFoundation_32.dll
 0001:0001ffa6       ??0FPUGuard@shdfnd@physx@@QAE@XZ 10020fa6 f   PhysXFoundation_32:PhysXFoundation_32.dll
 0001:0001ffac       __imp_load_??1FPUGuard@shdfnd@physx@@QAE@XZ 10020fac f   PhysXFoundation_32:PhysXFoundation_32.dll
 0001:0001ffb6       ??1FPUGuard@shdfnd@physx@@QAE@XZ 10020fb6 f   PhysXFoundation_32:PhysXFoundation_32.dll
 0001:0001ffbc       __imp_load_?allocate@TempAllocator@shdfnd@physx@@QAEPAXIPBDH@Z 10020fbc f   PhysXFoundation_32:PhysXFoundation_32.dll
 0001:0001ffc6       ?allocate@TempAllocator@shdfnd@physx@@QAEPAXIPBDH@Z 10020fc6 f   PhysXFoundation_32:PhysXFoundation_32.dll
 0001:0001ffcc       __imp_load_?deallocate@TempAllocator@shdfnd@physx@@QAEXPAX@Z 10020fcc f   PhysXFoundation_32:PhysXFoundation_32.dll
 0001:0001ffd6       ?deallocate@TempAllocator@shdfnd@physx@@QAEXPAX@Z 10020fd6 f   PhysXFoundation_32:PhysXFoundation_32.dll
 0001:0001ffdc       __imp_load_?PxDiagonalize@physx@@YA?AVPxVec3@1@ABVPxMat33@1@AAVPxQuat@1@@Z 10020fdc f   PhysXFoundation_32:PhysXFoundation_32.dll
 0001:0001ffe6       ?PxDiagonalize@physx@@YA?AVPxVec3@1@ABVPxMat33@1@AAVPxQuat@1@@Z 10020fe6 f   PhysXFoundation_32:PhysXFoundation_32.dll
 0001:0001ffee       ?DloadAcquireSectionWriteAccess@@YGXXZ 10020fee f i Delayimp:delayhlp.obj
 0001:00020021       ?DloadGetSRWLockFunctionPointers@@YGEXZ 10021021 f i Delayimp:delayhlp.obj
 0001:00020094       ?DloadLock@@YGXXZ          10021094 f i Delayimp:delayhlp.obj
 0001:000200d3       ?DloadMakePermanentImageCommit@@YGXPAXK@Z 100210d3 f i Delayimp:delayhlp.obj
 0001:00020142       ?DloadObtainSection@@YGPAXPAK0@Z 10021142 f i Delayimp:delayhlp.obj
 0001:000201bd       ?DloadProtectSection@@YGXKPAK@Z 100211bd f i Delayimp:delayhlp.obj
 0001:0002022b       ?DloadReleaseSectionWriteAccess@@YGXXZ 1002122b f i Delayimp:delayhlp.obj
 0001:00020261       ?DloadUnlock@@YGXXZ        10021261 f i Delayimp:delayhlp.obj
 0001:0002028d       ___delayLoadHelper2@8      1002128d f   Delayimp:delayhlp.obj
 0001:000204fc       ??3@YAXPAXI@Z              100214fc f   LIBCMT:delete_scalar_size.obj
 0001:0002050a       ??_V@YAXPAXI@Z             1002150a f   LIBCMT:delete_array_size.obj
 0001:00020518       ??_Etype_info@@UAEPAXI@Z   10021518 f i LIBCMT:std_type_info_static.obj
 0001:00020518       ??_Gtype_info@@UAEPAXI@Z   10021518 f i LIBCMT:std_type_info_static.obj
 0001:0002053b       ?__scrt_initialize_type_info@@YAXXZ 1002153b f   LIBCMT:tncleanup.obj
 0001:00020547       ?__scrt_uninitialize_type_info@@YAXXZ 10021547 f   LIBCMT:tncleanup.obj
 0001:00020560       __alloca_probe_16          10021560 f   LIBCMT:alloca16.obj
 0001:00020576       __alloca_probe_8           10021576     LIBCMT:alloca16.obj
 0001:0002058c       ??3@YAXPAX@Z               1002158c f   LIBCMT:delete_scalar.obj
 0001:00020591       ??_V@YAXPAX@Z              10021591 f   LIBCMT:delete_array.obj
 0001:000205a0       __chkstk                   100215a0 f   LIBCMT:chkstk.obj
 0001:000205a0       __alloca_probe             100215a0 f   LIBCMT:chkstk.obj
 0001:000205d0       __ftoui3                   100215d0 f   LIBCMT:ftol3.obj
 0001:00020616       __ftoul3                   10021616 f   LIBCMT:ftol3.obj
 0001:00020688       __ftol3                    10021688 f   LIBCMT:ftol3.obj
 0001:000206f5       __dtoui3                   100216f5 f   LIBCMT:ftol3.obj
 0001:00020769       __dtoul3                   10021769 f   LIBCMT:ftol3.obj
 0001:0002080b       __dtol3                    1002180b f   LIBCMT:ftol3.obj
 0001:000208c0       __ultod3                   100218c0 f   LIBCMT:ftol3.obj
 0001:00020920       __ltod3                    10021920 f   LIBCMT:ftol3.obj
 0001:00020970       ___vdecl_sinf4             10021970 f   LIBCMT:svml_ssinf4_dispatch.obj
 0001:00020982       ___libm_sse2_sincosf_      10021982 f   LIBCMT:svml_ssinf4_dispatch.obj
 0001:000209c5       ___libm_sse2_sincosf4_     100219c5 f   LIBCMT:svml_ssinf4_dispatch.obj
 0001:00020d12       __DllMainCRTStartup@12     10021d12 f   LIBCMT:dll_dllmain.obj
 0001:00020d35       ___isa_available_init      10021d35 f   LIBCMT:cpu_disp.obj
 0001:00020f10       ___sse2_sinf4@@16          10021f10 f   LIBCMT:svml_ssinf4_sse2.obj
 0001:000210d0       ___sse4_sinf4@@16          100220d0 f   LIBCMT:svml_ssinf4_sse4.obj
 0001:00021798       ___security_init_cookie    10022798 f   LIBCMT:gs_support.obj
 0001:000217e3       _DllMain@12                100227e3 f   LIBCMT:dll_dllmain_stub.obj
 0001:000217e9       ___local_stdio_printf_options 100227e9 f i LIBCMT:default_local_stdio_options.obj
 0001:000217ef       ___local_stdio_scanf_options 100227ef f i LIBCMT:default_local_stdio_options.obj
 0001:000217f5       ___scrt_initialize_default_local_stdio_options 100227f5 f   LIBCMT:default_local_stdio_options.obj
 0001:00021856       ___scrt_acquire_startup_lock 10022856 f   LIBCMT:utility.obj
 0001:00021888       ___scrt_dllmain_after_initialize_c 10022888 f   LIBCMT:utility.obj
 0001:000218b3       ___scrt_dllmain_before_initialize_c 100228b3 f   LIBCMT:utility.obj
 0001:000218c1       ___scrt_dllmain_crt_thread_attach 100228c1 f   LIBCMT:utility.obj
 0001:000218e0       ___scrt_dllmain_crt_thread_detach 100228e0 f   LIBCMT:utility.obj
 0001:000218ed       ___scrt_dllmain_exception_filter 100228ed f   LIBCMT:utility.obj
 0001:00021921       ___scrt_dllmain_uninitialize_c 10022921 f   LIBCMT:utility.obj
 0001:00021944       ___scrt_dllmain_uninitialize_critical 10022944 f   LIBCMT:utility.obj
 0001:00021951       ___scrt_initialize_crt     10022951 f   LIBCMT:utility.obj
 0001:0002198a       ___scrt_initialize_onexit_tables 1002298a f   LIBCMT:utility.obj
 0001:00021a11       ___scrt_is_nonwritable_in_current_image 10022a11 f   LIBCMT:utility.obj
 0001:00021aa5       ___scrt_release_startup_lock 10022aa5 f   LIBCMT:utility.obj
 0001:00021ac2       ___scrt_uninitialize_crt   10022ac2 f   LIBCMT:utility.obj
 0001:00021aea       ___scrt_get_dyn_tls_init_callback 10022aea f   LIBCMT:dyn_tls_init.obj
 0001:00021af0       ___scrt_fastfail           10022af0 f   LIBCMT:utility_desktop.obj
 0001:00021c0a       __crt_debugger_hook        10022c0a f   LIBCMT:utility_desktop.obj
 0001:00021c12       __RTC_Initialize           10022c12 f   LIBCMT:initsect.obj
 0001:00021c3e       __RTC_Terminate            10022c3e f   LIBCMT:initsect.obj
 0001:00021c70       __SEH_prolog4              10022c70 f   LIBCMT:sehprolg4.obj
 0001:00021cb4       __SEH_epilog4              10022cb4 f   LIBCMT:sehprolg4.obj
 0001:00021cd0       ___common_sin_reduction_LA 10022cd0 f   LIBCMT:svml_dtrig.obj
 0001:00022030       ___common_cos_reduction_LA 10023030 f   LIBCMT:svml_dtrig.obj
 0001:00022330       ___common_pi04_reduction_LA 10023330 f   LIBCMT:svml_dtrig.obj
 0001:00022660       ___common_ssin_cout_rare   10023660 f   LIBCMT:svml_s_sin_cout.obj
 0001:000226d1       __get_startup_argv_mode    100236d1 f   LIBCMT:argv_mode.obj
 0001:000226d1       ?raw_length@charNode@@UBEHXZ 100236d1 f   libvcruntime:undname.obj
 0001:000226d1       ?length@charNode@@UBEHXZ   100236d1 f   libvcruntime:undname.obj
 0001:000226d5       ___scrt_is_ucrt_dll_in_use 100236d5 f   LIBCMT:ucrt_detection.obj
 0001:000226e1       @__security_check_cookie@4 100236e1 f   LIBCMT:secchk.obj
 0001:000226f2       ___raise_securityfailure   100236f2 f   LIBCMT:gs_report.obj
 0001:0002271a       ___report_gsfailure        1002371a f   LIBCMT:gs_report.obj
 0001:00022813       __get_purecall_handler     10023813 f   libvcruntime:purevirt.obj
 0001:00022819       __purecall                 10023819 f   libvcruntime:purevirt.obj
 0001:0002283e       ___std_type_info_compare   1002383e f   libvcruntime:std_type_info.obj
 0001:0002287a       ___std_type_info_destroy_list 1002387a f   libvcruntime:std_type_info.obj
 0001:0002289d       ___std_type_info_name      1002389d f   libvcruntime:std_type_info.obj
 0001:00022970       _memset                    10023970 f   libvcruntime:memset.obj
 0001:00022ad0       _memcpy                    10023ad0 f   libvcruntime:memcpy.obj
 0001:00023050       _strstr                    10024050 f   libvcruntime:strstr.obj
 0001:00023300       __except_handler4          10024300 f   libvcruntime:chandler4.obj
 0001:0002345e       ___vcrt_initialize         1002445e f   libvcruntime:initialization.obj
 0001:0002347d       ___vcrt_thread_attach      1002447d f   libvcruntime:initialization.obj
 0001:00023488       ___vcrt_thread_detach      10024488 f   libvcruntime:initialization.obj
 0001:00023493       ___vcrt_uninitialize       10024493 f   libvcruntime:initialization.obj
 0001:000234aa       ___vcrt_uninitialize_critical 100244aa f   libvcruntime:initialization.obj
 0001:000234b2       ___DestructExceptionObject 100244b2 f   libvcruntime:ehhelpers.obj
 0001:00023553       ?_CallMemberFunction0@@YGXQAX0@Z 10024553 f i libvcruntime:ehhelpers.obj
 0001:000235b8       __IsExceptionObjectToBeDestroyed 100245b8 f   libvcruntime:ehhelpers.obj
 0001:000235de       ___AdjustPointer           100245de f   libvcruntime:ehhelpers.obj
 0001:00023603       ___FrameUnwindFilter       10024603 f   libvcruntime:ehhelpers.obj
 0001:00023659       ??$?0$00@DName@@QAE@PBDU?$StringLifeSelector@$00@@@Z 10024659 f i libvcruntime:undname.obj
 0001:0002368c       ??$?0$01@DName@@QAE@PBDU?$StringLifeSelector@$01@@@Z 1002468c f i libvcruntime:undname.obj
 0001:0002368c       ??$?0$0A@@DName@@QAE@PBDU?$StringLifeSelector@$0A@@@@Z 1002468c f i libvcruntime:undname.obj
 0001:000236bf       ??$?0$0A@@pcharNode@@QAE@PBDHU?$StringLifeSelector@$0A@@@@Z 100246bf f i libvcruntime:undname.obj
 0001:000236bf       ??$?0$01@pcharNode@@QAE@PBDHU?$StringLifeSelector@$01@@@Z 100246bf f i libvcruntime:undname.obj
 0001:000236ff       ??$append@VDNameStatusNode@@@DName@@AAEXPBVDNameStatusNode@@@Z 100246ff f i libvcruntime:undname.obj
 0001:000236ff       ??$append@VcharNode@@@DName@@AAEXPBVcharNode@@@Z 100246ff f i libvcruntime:undname.obj
 0001:000236ff       ??$append@VDNameNode@@@DName@@AAEXPBVDNameNode@@@Z 100246ff f i libvcruntime:undname.obj
 0001:000236ff       ??$append@VpcharNode@@@DName@@AAEXPBVpcharNode@@@Z 100246ff f i libvcruntime:undname.obj
 0001:00023740       ??$doPchar@$00@DName@@AAEXPBDH@Z 10024740 f i libvcruntime:undname.obj
 0001:000237ab       ??$doPchar@$0A@@DName@@AAEXPBDH@Z 100247ab f i libvcruntime:undname.obj
 0001:000237ab       ??$doPchar@$01@DName@@AAEXPBDH@Z 100247ab f i libvcruntime:undname.obj
 0001:0002381c       ??$forward@_K@std@@YA$$QA_KAA_K@Z 1002481c f i libvcruntime:undname.obj
 0001:00023824       ??0DName@@QAE@AAPBDD@Z     10024824 f   libvcruntime:undname.obj
 0001:000238a4       ??0DName@@QAE@ABUStringLiteral@@@Z 100248a4 f   libvcruntime:undname.obj
 0001:000238cb       ??0DName@@QAE@PAV0@@Z      100248cb f   libvcruntime:undname.obj
 0001:00023912       ??0DName@@QAE@W4DNameStatus@@@Z 10024912 f   libvcruntime:undname.obj
 0001:00023952       ??0DName@@QAE@_J@Z         10024952 f   libvcruntime:undname.obj
 0001:000239de       ??0DName@@QAE@_K@Z         100249de f   libvcruntime:undname.obj
 0001:00023a44       ??0UnDecorator@@QAE@PBDP6APADJ@ZK@Z 10024a44 f i libvcruntime:undname.obj
 0001:00023a90       ??0pDNameNode@@QAE@PAVDName@@@Z 10024a90 f   libvcruntime:undname.obj
 0001:00023abf       ??2@YAPAXIAAV_HeapManager@@H@Z 10024abf f   libvcruntime:undname.obj
 0001:00023ade       ??4DName@@QAEAAV0@ABUStringLiteral@@@Z 10024ade f   libvcruntime:undname.obj
 0001:00023aff       ??4DName@@QAEAAV0@W4DNameStatus@@@Z 10024aff f   libvcruntime:undname.obj
 0001:00023b31       ??AReplicator@@QBE?AVDName@@H@Z 10024b31 f   libvcruntime:undname.obj
 0001:00023b77       ??H@YA?AVDName@@ABUStringLiteral@@ABV0@@Z 10024b77 f i libvcruntime:undname.obj
 0001:00023b99       ??H@YA?AVDName@@DABV0@@Z   10024b99 f i libvcruntime:undname.obj
 0001:00023bc4       ??H@YA?AVDName@@W4DNameStatus@@ABV0@@Z 10024bc4 f i libvcruntime:undname.obj
 0001:00023be6       ??HDName@@QBE?AV0@ABUStringLiteral@@@Z 10024be6 f   libvcruntime:undname.obj
 0001:00023c08       ??HDName@@QBE?AV0@ABV0@@Z  10024c08 f   libvcruntime:undname.obj
 0001:00023c2a       ??HDName@@QBE?AV0@D@Z      10024c2a f   libvcruntime:undname.obj
 0001:00023c4c       ??HDName@@QBE?AV0@W4DNameStatus@@@Z 10024c4c f   libvcruntime:undname.obj
 0001:00023c6e       ??YDName@@QAEAAV0@ABUStringLiteral@@@Z 10024c6e f   libvcruntime:undname.obj
 0001:00023cc6       ??YDName@@QAEAAV0@ABV0@@Z  10024cc6 f   libvcruntime:undname.obj
 0001:00023d1d       ??YDName@@QAEAAV0@D@Z      10024d1d f   libvcruntime:undname.obj
 0001:00023d72       ??YDName@@QAEAAV0@W4DNameStatus@@@Z 10024d72 f   libvcruntime:undname.obj
 0001:00023db2       ??YReplicator@@QAEAAV0@ABVDName@@@Z 10024db2 f   libvcruntime:undname.obj
 0001:00023df0       ??_5DName@@QAEAAV0@ABV0@@Z 10024df0 f   libvcruntime:undname.obj
 0001:00023e0c       ?Destructor@_HeapManager@@QAEXXZ 10024e0c f i libvcruntime:undname.obj
 0001:00023e44       ?UScore@UnDecorator@@SA?AUStringLiteral@@W4Tokens@@@Z 10024e44 f   libvcruntime:undname.obj
 0001:00023e6b       ?composeDeclaration@UnDecorator@@CA?AVDName@@ABV2@@Z 10024e6b f i libvcruntime:undname.obj
 0001:00024b9e       ?doPchar@DName@@AAEXD@Z    10025b9e f   libvcruntime:undname.obj
 0001:00024bd6       ?getArgumentList@UnDecorator@@CA?AVDName@@XZ 10025bd6 f   libvcruntime:undname.obj
 0001:00024ce3       ?getArgumentTypes@UnDecorator@@CA?AVDName@@XZ 10025ce3 f   libvcruntime:undname.obj
 0001:00024dfc       ?getArrayObject@UnDecorator@@CA?AVDName@@XZ 10025dfc f   libvcruntime:undname.obj
 0001:00024e9e       ?getArrayType@UnDecorator@@CA?AVDName@@ABV2@@Z 10025e9e f i libvcruntime:undname.obj
 0001:0002503b       ?getBasedType@UnDecorator@@CA?AVDName@@XZ 1002603b f   libvcruntime:undname.obj
 0001:000250f6       ?getBasicDataType@UnDecorator@@CA?AVDName@@ABV2@@Z 100260f6 f   libvcruntime:undname.obj
 0001:000255e9       ?getCallingConvention@UnDecorator@@CA?AVDName@@XZ 100265e9 f   libvcruntime:undname.obj
 0001:000256c6       ?getDataIndirectType@UnDecorator@@CA?AVDName@@ABV2@W4IndirectionKind@@0H@Z 100266c6 f   libvcruntime:undname.obj
 0001:00025d5c       ?getDataIndirectType@UnDecorator@@CA?AVDName@@XZ 10026d5c f i libvcruntime:undname.obj
 0001:00025d8a       ?getDataType@UnDecorator@@CA?AVDName@@PAV2@@Z 10026d8a f   libvcruntime:undname.obj
 0001:00025e61       ?getDecoratedName@UnDecorator@@CA?AVDName@@XZ 10026e61 f   libvcruntime:undname.obj
 0001:000260cb       ?getDimension@UnDecorator@@CA?AVDName@@_N@Z 100270cb f   libvcruntime:undname.obj
 0001:000261e2       ?getDispatchTarget@UnDecorator@@CA?AVDName@@XZ 100271e2 f   libvcruntime:undname.obj
 0001:00026236       ?getECSUDataType@UnDecorator@@CA?AVDName@@XZ 10027236 f   libvcruntime:undname.obj
 0001:000263c6       ?getEnumType@UnDecorator@@CA?AVDName@@XZ 100273c6 f i libvcruntime:undname.obj
 0001:000264e6       ?getExtendedDataIndirectType@UnDecorator@@CA?AVDName@@AAW4IndirectionKind@@AA_NH@Z 100274e6 f   libvcruntime:undname.obj
 0001:00026699       ?getExternalDataType@UnDecorator@@CA?AVDName@@ABV2@@Z 10027699 f i libvcruntime:undname.obj
 0001:000266fe       ?getFloatingPoint@UnDecorator@@CA?AVDName@@H@Z 100276fe f   libvcruntime:undname.obj
 0001:000267ea       ?getFunctionIndirectType@UnDecorator@@CA?AVDName@@ABV2@@Z 100277ea f   libvcruntime:undname.obj
 0001:00026ba3       ?getLastChar@DName@@QBEDXZ 10027ba3 f i libvcruntime:undname.obj
 0001:00026bc3       ?getLastChar@DNameStatusNode@@UBEDXZ 10027bc3 f i libvcruntime:undname.obj
 0001:00026bcf       ?getLastChar@charNode@@UBEDXZ 10027bcf f i libvcruntime:undname.obj
 0001:00026bd3       ?getLastChar@pDNameNode@@UBEDXZ 10027bd3 f i libvcruntime:undname.obj
 0001:00026be1       ?getLastChar@pairNode@@UBEDXZ 10027be1 f i libvcruntime:undname.obj
 0001:00026c16       ?getLastChar@pcharNode@@UBEDXZ 10027c16 f i libvcruntime:undname.obj
 0001:00026c28       ?getLexicalFrame@UnDecorator@@CA?AVDName@@XZ 10027c28 f i libvcruntime:undname.obj
 0001:00026c59       ?getMemoryWithBuffer@_HeapManager@@QAEPAXI@Z 10027c59 f   libvcruntime:undname.obj
 0001:00026cc3       ?getMemoryWithoutBuffer@_HeapManager@@QAEPAXI@Z 10027cc3 f   libvcruntime:undname.obj
 0001:00026ce3       ?getNoexcept@UnDecorator@@CA?AVDName@@XZ 10027ce3 f   libvcruntime:undname.obj
 0001:00026d37       ?getNumberOfDimensions@UnDecorator@@CAHXZ 10027d37 f   libvcruntime:undname.obj
 0001:00026d98       ?getOperatorName@UnDecorator@@CA?AVDName@@_NPA_N@Z 10027d98 f i libvcruntime:undname.obj
 0001:0002743e       ?getPrimaryDataType@UnDecorator@@CA?AVDName@@ABV2@@Z 1002843e f   libvcruntime:undname.obj
 0001:0002765d       ?getPtrRefDataType@UnDecorator@@CA?AVDName@@ABV2@H@Z 1002865d f   libvcruntime:undname.obj
 0001:000277ca       ?getPtrRefType@UnDecorator@@CA?AVDName@@ABV2@0W4IndirectionKind@@@Z 100287ca f   libvcruntime:undname.obj
 0001:000278db       ?getRestrictionSpec@UnDecorator@@CA?AVDName@@XZ 100288db f   libvcruntime:undname.obj
 0001:00027a04       ?getReturnType@UnDecorator@@CA?AVDName@@PAV2@@Z 10028a04 f   libvcruntime:undname.obj
 0001:00027a33       ?getScope@UnDecorator@@CA?AVDName@@XZ 10028a33 f   libvcruntime:undname.obj
 0001:00027de5       ?getScopedName@UnDecorator@@CA?AVDName@@XZ 10028de5 f   libvcruntime:undname.obj
 0001:00027ed0       ?getSignedDimension@UnDecorator@@CA?AVDName@@XZ 10028ed0 f   libvcruntime:undname.obj
 0001:00027f21       ?getString@DName@@QBEPADPAD0@Z 10028f21 f i libvcruntime:undname.obj
 0001:00027f4e       ?getString@DName@@QBEPADPADH@Z 10028f4e f i libvcruntime:undname.obj
 0001:00027fa3       ?getString@DNameStatusNode@@UBEPADPAD0@Z 10028fa3 f i libvcruntime:undname.obj
 0001:00027fe9       ?getString@charNode@@UBEPADPAD0@Z 10028fe9 f i libvcruntime:undname.obj
 0001:00027ffe       ?getString@pDNameNode@@UBEPADPAD0@Z 10028ffe f i libvcruntime:undname.obj
 0001:00028015       ?getString@pairNode@@UBEPADPAD0@Z 10029015 f i libvcruntime:undname.obj
 0001:0002805b       ?getString@pcharNode@@UBEPADPAD0@Z 1002905b f i libvcruntime:undname.obj
 0001:00028076       ?getStringEncoding@UnDecorator@@CA?AVDName@@W4PrefixKind@@H@Z 10029076 f   libvcruntime:undname.obj
 0001:0002812e       ?getStringHelper@@YAPADPADPBD1H@Z 1002912e f i libvcruntime:undname.obj
 0001:00028158       ?getStringObject@UnDecorator@@CA?AVDName@@XZ 10029158 f   libvcruntime:undname.obj
[...]
 0002:0000a38f       $N00034                    1004438f     PhysXCooking_32.exp
 0002:0000a3bd       $N00035                    100443bd     PhysXCooking_32.exp
 0002:0000a3e9       $N00036                    100443e9     PhysXCooking_32.exp
 0002:0000a416       $N00037                    10044416     PhysXCooking_32.exp
 0002:0000a441       $N00038                    10044441     PhysXCooking_32.exp
 0002:0000a46f       $N00039                    1004446f     PhysXCooking_32.exp
 0002:0000a4a2       $N00040                    100444a2     PhysXCooking_32.exp
 0002:0000a4d3       $N00041                    100444d3     PhysXCooking_32.exp
 0002:0000a502       $N00042                    10044502     PhysXCooking_32.exp
 0002:0000a531       $N00043                    10044531     PhysXCooking_32.exp
 0002:0000a55a       $N00044                    1004455a     PhysXCooking_32.exp
 0002:0000a576       $N00045                    10044576     PhysXCooking_32.exp
 0002:0000a59f       $N00046                    1004459f     PhysXCooking_32.exp
 0002:0000a5c2       $N00047                    100445c2     PhysXCooking_32.exp
 0002:0000a5f2       $N00048                    100445f2     PhysXCooking_32.exp
 0002:0000a618       $N00049                    10044618     PhysXCooking_32.exp
 0002:0000a645       $N00050                    10044645     PhysXCooking_32.exp
 0002:0000a66f       $N00051                    1004466f     PhysXCooking_32.exp
 0002:0000a69b       $N00052                    1004469b     PhysXCooking_32.exp
 0002:0000a6c3       $N00053                    100446c3     PhysXCooking_32.exp
 0002:0000a6f0       $N00054                    100446f0     PhysXCooking_32.exp
 0002:0000a718       $N00055                    10044718     PhysXCooking_32.exp
 0002:0000a73f       $N00056                    1004473f     PhysXCooking_32.exp
 0002:0000a76b       $N00057                    1004476b     PhysXCooking_32.exp
 0002:0000a792       $N00058                    10044792     PhysXCooking_32.exp
 0002:0000a7cb       $N00059                    100447cb     PhysXCooking_32.exp
 0002:0000a7f4       $N00060                    100447f4     PhysXCooking_32.exp
 0002:0000a827       $N00061                    10044827     PhysXCooking_32.exp
 0002:0000a85b       $N00062                    1004485b     PhysXCooking_32.exp
 0002:0000a895       $N00063                    10044895     PhysXCooking_32.exp
 0002:0000a8db       $N00064                    100448db     PhysXCooking_32.exp
 0002:0000a929       $N00065                    10044929     PhysXCooking_32.exp
 0002:0000a95b       $N00066                    1004495b     PhysXCooking_32.exp
 0002:0000a98e       $N00067                    1004498e     PhysXCooking_32.exp
 0002:0000a9c3       $N00068                    100449c3     PhysXCooking_32.exp
 0002:0000a9e9       $N00069                    100449e9     PhysXCooking_32.exp
 0002:0000aa2f       $N00070                    10044a2f     PhysXCooking_32.exp
 0002:0000aa74       $N00071                    10044a74     PhysXCooking_32.exp
 0002:0000aacb       $N00072                    10044acb     PhysXCooking_32.exp
 0002:0000ab11       $N00073                    10044b11     PhysXCooking_32.exp
 0002:0000ab3b       $N00074                    10044b3b     PhysXCooking_32.exp
 0002:0000ab69       $N00075                    10044b69     PhysXCooking_32.exp
 0002:0000abb7       $N00076                    10044bb7     PhysXCooking_32.exp
 0002:0000ac61       $N00077                    10044c61     PhysXCooking_32.exp
 0002:0000acbd       $N00078                    10044cbd     PhysXCooking_32.exp
 0002:0000ace8       $N00079                    10044ce8     PhysXCooking_32.exp
 0002:0000ad13       $N00080                    10044d13     PhysXCooking_32.exp
 0002:0000ad47       $N00081                    10044d47     PhysXCooking_32.exp
 0002:0000ad6f       $N00082                    10044d6f     PhysXCooking_32.exp
 0002:0000adaa       $N00083                    10044daa     PhysXCooking_32.exp
 0002:0000add5       $N00084                    10044dd5     PhysXCooking_32.exp
 0002:0000ae06       $N00085                    10044e06     PhysXCooking_32.exp
 0002:0000ae51       $N00086                    10044e51     PhysXCooking_32.exp
 0002:0000ae82       $N00087                    10044e82     PhysXCooking_32.exp
 0002:0000aeb9       $N00088                    10044eb9     PhysXCooking_32.exp
 0002:0000aef0       $N00089                    10044ef0     PhysXCooking_32.exp
 0002:0000af2b       $N00090                    10044f2b     PhysXCooking_32.exp
 0002:0000af6d       $N00091                    10044f6d     PhysXCooking_32.exp
 0002:0000af9b       $N00092                    10044f9b     PhysXCooking_32.exp
 0002:0000b012       $N00093                    10045012     PhysXCooking_32.exp
 0002:0000b06d       $N00094                    1004506d     PhysXCooking_32.exp
 0002:0000b098       $N00095                    10045098     PhysXCooking_32.exp
 0002:0000b0cb       $N00096                    100450cb     PhysXCooking_32.exp
 0002:0000b103       $N00097                    10045103     PhysXCooking_32.exp
 0002:0000b13f       $N00098                    1004513f     PhysXCooking_32.exp
 0002:0000b173       $N00099                    10045173     PhysXCooking_32.exp
 0002:0000b19f       $N00100                    1004519f     PhysXCooking_32.exp
 0002:0000b1cb       $N00101                    100451cb     PhysXCooking_32.exp
 0002:0000b1f4       $N00102                    100451f4     PhysXCooking_32.exp
 0002:0000b21e       $N00103                    1004521e     PhysXCooking_32.exp
 0002:0000b24a       $N00104                    1004524a     PhysXCooking_32.exp
 0002:0000b269       $N00105                    10045269     PhysXCooking_32.exp
 0002:0000b2a3       $N00106                    100452a3     PhysXCooking_32.exp
 0002:0000b2d3       $N00107                    100452d3     PhysXCooking_32.exp
 0002:0000b304       $N00108                    10045304     PhysXCooking_32.exp
 0002:0000b344       $N00109                    10045344     PhysXCooking_32.exp
 0002:0000b370       $N00110                    10045370     PhysXCooking_32.exp
 0002:0000b393       $N00111                    10045393     PhysXCooking_32.exp
 0002:0000b3c1       $N00112                    100453c1     PhysXCooking_32.exp
 0002:0000b3f2       $N00113                    100453f2     PhysXCooking_32.exp
 0002:0000b417       $N00114                    10045417     PhysXCooking_32.exp
 0002:0000b443       $N00115                    10045443     PhysXCooking_32.exp
 0002:0000b46a       $N00116                    1004546a     PhysXCooking_32.exp
 0002:0000b489       $N00117                    10045489     PhysXCooking_32.exp
 0002:0000b4cd       $N00118                    100454cd     PhysXCooking_32.exp
 0002:0000b509       $N00119                    10045509     PhysXCooking_32.exp
 0002:0000b545       $N00120                    10045545     PhysXCooking_32.exp
 0002:0000b576       $N00121                    10045576     PhysXCooking_32.exp
 0002:0000b586       $N00122                    10045586     PhysXCooking_32.exp
 0002:0000b700       .idata$6                   10045700     kernel32:KERNEL32.dll
 0003:00000000       ?MAXDOT_MINANG@local@@3MB  10046000     ConvexHullUtils.obj
 0003:00000004       ?MAXDOT_MINANG@local@@3MB  10046004     QuickHullConvexHullLib.obj
 0003:00000040       ?prefix@?1??getDimension@UnDecorator@@CA?AVDName@@_N@Z@4UStringLiteral@@A 10046040     libvcruntime:undname.obj
 0003:00000050       ?__vcrt_flsindex@@3KA      10046050     libvcruntime:per_thread_data.obj
 0003:00000080       ?errno_no_memory@@3HA      10046080     libucrt:errno.obj
 0003:00000084       ?doserrno_no_memory@@3KA   10046084     libucrt:errno.obj
 0003:00000088       ?__acrt_flsindex@@3KA      10046088     libucrt:per_thread_data.obj
 0003:000002b0       __mbctypes                 100462b0     libucrt:mbctype.obj
 0003:000003b8       __mbcasemaps               100463b8     libucrt:mbctype.obj
 0003:000004b8       ?__rgctypeflag@@3PADA      100464b8     libucrt:mbctype.obj
 0003:000004c0       ?__rgcode_page_info@@3PAUcode_page_info@@A 100464c0     libucrt:mbctype.obj
 0003:00000880       ?__dcrt_lowio_console_output_handle@@3PAXA 10046880     libucrt:initcon.obj
 0003:00000e80       ?maxV3Error@_VecMathTests@aos@shdfnd@physx@@3T__m128@@B 10046e80     Cooking.obj
 0003:00000e90       ?minFError@_VecMathTests@aos@shdfnd@physx@@3T__m128@@B 10046e90     Cooking.obj
 0003:00000ea0       ?maxV4Error@_VecMathTests@aos@shdfnd@physx@@3T__m128@@B 10046ea0     Cooking.obj
 0003:00000eb0       ?minV4Error@_VecMathTests@aos@shdfnd@physx@@3T__m128@@B 10046eb0     Cooking.obj
 0003:00000ec0       ?minV3Error@_VecMathTests@aos@shdfnd@physx@@3T__m128@@B 10046ec0     Cooking.obj
 0003:00000ed0       ?maxFError@_VecMathTests@aos@shdfnd@physx@@3T__m128@@B 10046ed0     Cooking.obj
 0003:00000ee0       ?maxV3Error@_VecMathTests@aos@shdfnd@physx@@3T__m128@@B 10046ee0     BVHStructureBuilder.obj
 0003:00000ef0       ?minFError@_VecMathTests@aos@shdfnd@physx@@3T__m128@@B 10046ef0     BVHStructureBuilder.obj
 0003:00000f00       ?maxV4Error@_VecMathTests@aos@shdfnd@physx@@3T__m128@@B 10046f00     BVHStructureBuilder.obj
 0003:00000f10       ?minV4Error@_VecMathTests@aos@shdfnd@physx@@3T__m128@@B 10046f10     BVHStructureBuilder.obj
 0003:00000f20       ?minV3Error@_VecMathTests@aos@shdfnd@physx@@3T__m128@@B 10046f20     BVHStructureBuilder.obj
 0003:00000f30       ?maxFError@_VecMathTests@aos@shdfnd@physx@@3T__m128@@B 10046f30     BVHStructureBuilder.obj
 0003:00000f40       ?maxV3Error@_VecMathTests@aos@shdfnd@physx@@3T__m128@@B 10046f40     RTreeCooking.obj
 0003:00000f50       ?minFError@_VecMathTests@aos@shdfnd@physx@@3T__m128@@B 10046f50     RTreeCooking.obj
 0003:00000f60       ?maxV4Error@_VecMathTests@aos@shdfnd@physx@@3T__m128@@B 10046f60     RTreeCooking.obj
 0003:00000f70       ?minV4Error@_VecMathTests@aos@shdfnd@physx@@3T__m128@@B 10046f70     RTreeCooking.obj
 0003:00000f80       ?minV3Error@_VecMathTests@aos@shdfnd@physx@@3T__m128@@B 10046f80     RTreeCooking.obj
 0003:00000f90       ?maxFError@_VecMathTests@aos@shdfnd@physx@@3T__m128@@B 10046f90     RTreeCooking.obj
 0003:00000fa0       ?maxV3Error@_VecMathTests@aos@shdfnd@physx@@3T__m128@@B 10046fa0     MeshBuilder.obj
 0003:00000fb0       ?minFError@_VecMathTests@aos@shdfnd@physx@@3T__m128@@B 10046fb0     MeshBuilder.obj
 0003:00000fc0       ?maxV4Error@_VecMathTests@aos@shdfnd@physx@@3T__m128@@B 10046fc0     MeshBuilder.obj
 0003:00000fd0       ?minV4Error@_VecMathTests@aos@shdfnd@physx@@3T__m128@@B 10046fd0     MeshBuilder.obj
 0003:00000fe0       ?minV3Error@_VecMathTests@aos@shdfnd@physx@@3T__m128@@B 10046fe0     MeshBuilder.obj
 0003:00000ff0       ?maxFError@_VecMathTests@aos@shdfnd@physx@@3T__m128@@B 10046ff0     MeshBuilder.obj
 0003:00001000       ?maxV3Error@_VecMathTests@aos@shdfnd@physx@@3T__m128@@B 10047000     TriangleMeshBuilder.obj
 0003:00001010       ?minFError@_VecMathTests@aos@shdfnd@physx@@3T__m128@@B 10047010     TriangleMeshBuilder.obj
 0003:00001020       ?maxV4Error@_VecMathTests@aos@shdfnd@physx@@3T__m128@@B 10047020     TriangleMeshBuilder.obj
 0003:00001030       ?minV4Error@_VecMathTests@aos@shdfnd@physx@@3T__m128@@B 10047030     TriangleMeshBuilder.obj
 0003:00001040       ?minV3Error@_VecMathTests@aos@shdfnd@physx@@3T__m128@@B 10047040     TriangleMeshBuilder.obj
 0003:00001050       ?maxFError@_VecMathTests@aos@shdfnd@physx@@3T__m128@@B 10047050     TriangleMeshBuilder.obj
 0003:00001060       ?maxV3Error@_VecMathTests@aos@shdfnd@physx@@3T__m128@@B 10047060     BigConvexDataBuilder.obj
 0003:00001070       ?minFError@_VecMathTests@aos@shdfnd@physx@@3T__m128@@B 10047070     BigConvexDataBuilder.obj
 0003:00001080       ?maxV4Error@_VecMathTests@aos@shdfnd@physx@@3T__m128@@B 10047080     BigConvexDataBuilder.obj
 0003:00001090       ?minV4Error@_VecMathTests@aos@shdfnd@physx@@3T__m128@@B 10047090     BigConvexDataBuilder.obj
 0003:000010a0       ?minV3Error@_VecMathTests@aos@shdfnd@physx@@3T__m128@@B 100470a0     BigConvexDataBuilder.obj
 0003:000010b0       ?maxFError@_VecMathTests@aos@shdfnd@physx@@3T__m128@@B 100470b0     BigConvexDataBuilder.obj
 0003:000010c0       ?maxV3Error@_VecMathTests@aos@shdfnd@physx@@3T__m128@@B 100470c0     ConvexHullBuilder.obj
 0003:000010d0       ?minFError@_VecMathTests@aos@shdfnd@physx@@3T__m128@@B 100470d0     ConvexHullBuilder.obj
 0003:000010e0       ?maxV4Error@_VecMathTests@aos@shdfnd@physx@@3T__m128@@B 100470e0     ConvexHullBuilder.obj
 0003:000010f0       ?minV4Error@_VecMathTests@aos@shdfnd@physx@@3T__m128@@B 100470f0     ConvexHullBuilder.obj
 0003:00001100       ?minV3Error@_VecMathTests@aos@shdfnd@physx@@3T__m128@@B 10047100     ConvexHullBuilder.obj
 0003:00001110       ?maxFError@_VecMathTests@aos@shdfnd@physx@@3T__m128@@B 10047110     ConvexHullBuilder.obj
 0003:00001120       ?maxV3Error@_VecMathTests@aos@shdfnd@physx@@3T__m128@@B 10047120     ConvexHullUtils.obj
 0003:00001130       ?minFError@_VecMathTests@aos@shdfnd@physx@@3T__m128@@B 10047130     ConvexHullUtils.obj
 0003:00001140       ?maxV4Error@_VecMathTests@aos@shdfnd@physx@@3T__m128@@B 10047140     ConvexHullUtils.obj
 0003:00001150       ?minV4Error@_VecMathTests@aos@shdfnd@physx@@3T__m128@@B 10047150     ConvexHullUtils.obj
 0003:00001160       ?minV3Error@_VecMathTests@aos@shdfnd@physx@@3T__m128@@B 10047160     ConvexHullUtils.obj
 0003:00001170       ?maxFError@_VecMathTests@aos@shdfnd@physx@@3T__m128@@B 10047170     ConvexHullUtils.obj
 0003:00001180       ?maxV3Error@_VecMathTests@aos@shdfnd@physx@@3T__m128@@B 10047180     ConvexMeshBuilder.obj
 0003:00001190       ?minFError@_VecMathTests@aos@shdfnd@physx@@3T__m128@@B 10047190     ConvexMeshBuilder.obj
 0003:000011a0       ?maxV4Error@_VecMathTests@aos@shdfnd@physx@@3T__m128@@B 100471a0     ConvexMeshBuilder.obj
 0003:000011b0       ?minV4Error@_VecMathTests@aos@shdfnd@physx@@3T__m128@@B 100471b0     ConvexMeshBuilder.obj
 0003:000011c0       ?minV3Error@_VecMathTests@aos@shdfnd@physx@@3T__m128@@B 100471c0     ConvexMeshBuilder.obj
 0003:000011d0       ?maxFError@_VecMathTests@aos@shdfnd@physx@@3T__m128@@B 100471d0     ConvexMeshBuilder.obj
 0003:000011e0       ?maxV3Error@_VecMathTests@aos@shdfnd@physx@@3T__m128@@B 100471e0     VolumeIntegration.obj
 0003:000011f0       ?minFError@_VecMathTests@aos@shdfnd@physx@@3T__m128@@B 100471f0     VolumeIntegration.obj
 0003:00001200       ?maxV4Error@_VecMathTests@aos@shdfnd@physx@@3T__m128@@B 10047200     VolumeIntegration.obj
 0003:00001210       ?minV4Error@_VecMathTests@aos@shdfnd@physx@@3T__m128@@B 10047210     VolumeIntegration.obj
 0003:00001220       ?minV3Error@_VecMathTests@aos@shdfnd@physx@@3T__m128@@B 10047220     VolumeIntegration.obj
 0003:00001230       ?maxFError@_VecMathTests@aos@shdfnd@physx@@3T__m128@@B 10047230     VolumeIntegration.obj
 0003:00001240       ?gCookingDelayLoadHook@@3PBVPxDelayLoadHook@physx@@B 10047240     WindowsCookingDelayLoadHook.obj
 0003:00001270       ?__proc_attached@@3HA      10047270     LIBCMT:dll_dllmain.obj
 0003:00001298       ?is_initialized_as_dll@@3_NA 10047298     LIBCMT:utility.obj
 0003:00001299       ?module_local_atexit_table_initialized@@3_NA 10047299     LIBCMT:utility.obj
 0003:0000129c       ?module_local_atexit_table@@3U_onexit_table_t@@A 1004729c     LIBCMT:utility.obj
 0003:000012a8       ?module_local_at_quick_exit_table@@3U_onexit_table_t@@A 100472a8     LIBCMT:utility.obj
 0003:000012b8       _GS_ExceptionRecord        100472b8     LIBCMT:gs_report.obj
 0003:00001308       _GS_ContextRecord          10047308     LIBCMT:gs_report.obj
 0003:00001604       ?heap@@3V_HeapManager@@A   10047604     libvcruntime:undname.obj
 0003:00001618       ?__vcrt_startup_thread_ptd@@3U__vcrt_ptd@@A 10047618     libvcruntime:per_thread_data.obj
 0003:00001640       ___vcrt_lock_table         10047640     libvcruntime:locks.obj
 0003:00001658       ___vcrt_locks_initialized  10047658     libvcruntime:locks.obj
 0003:0000165c       ?module_handles@@3PAPAUHINSTANCE__@@A 1004765c     libvcruntime:winapi_downlevel.obj
 0003:00001668       ?function_pointers@@3PAPAXA 10047668     libvcruntime:winapi_downlevel.obj
 0003:0000167c       ?c_termination_complete@@3JA 1004767c     libucrt:exit.obj
 0003:00001680       ?thread_local_exit_callback_func@@3P6GXPAXK0@ZA 10047680     libucrt:exit.obj
 0003:00001688       ?program_name@?1???$common_configure_argv@D@@YAHW4_crt_argv_mode@@@Z@4PADA 10047688     libucrt:argv_parsing.obj
 0003:000017b8       ?user_matherr@@3V?$dual_state_global@P6AHPAU_exception@@@Z@__crt_state_management@@A 100477b8     libucrt:matherr.obj
 0003:000017c0       ?__acrt_lock_table@@3PAU_RTL_CRITICAL_SECTION@@A 100477c0     libucrt:locks.obj
 0003:00001910       ?__acrt_locks_initialized@@3IA 10047910     libucrt:locks.obj
 0003:00001914       ?__acrt_invalid_parameter_handler@@3V?$dual_state_global@P6AXPB_W00II@Z@__crt_state_management@@A 10047914     libucrt:invalid_parameter.obj
 0003:00001924       ?fSystemSet@@3HA           10047924     libucrt:mbctype.obj
 0003:00001928       ?initialized@?1??__acrt_initialize_multibyte@@9@4_NA 10047928     libucrt:mbctype.obj
 0003:00001948       ?module_handles@@3PAPAUHINSTANCE__@@A 10047948     libucrt:winapi_thunks.obj
 0003:00001998       ?encoded_function_pointers@@3PAPAXA 10047998     libucrt:winapi_thunks.obj
 0003:00001c2c       ?__acrt_new_handler@@3V?$dual_state_global@P6AHI@Z@__crt_state_management@@A 10047c2c     libucrt:new_handler.obj
 0003:00001c30       ?ctrlc_action@@3V?$dual_state_global@P6AXH@Z@__crt_state_management@@A 10047c30     libucrt:signal.obj
 0003:00001c34       ?ctrlbreak_action@@3V?$dual_state_global@P6AXH@Z@__crt_state_management@@A 10047c34     libucrt:signal.obj
 0003:00001c38       ?abort_action@@3V?$dual_state_global@P6AXH@Z@__crt_state_management@@A 10047c38     libucrt:signal.obj
 0003:00001c3c       ?term_action@@3V?$dual_state_global@P6AXH@Z@__crt_state_management@@A 10047c3c     libucrt:signal.obj
 0003:00001c54       ?internal_state@?1??_mbtowc_l@@9@4U_Mbstatet@@A 10047c54     libucrt:mbtowc.obj
 0003:00001c5c       ?enable_percent_n@@3IA     10047c5c     libucrt:printf_count_output.obj
 0003:00001c64       ?__acrt_global_new_mode@@3V?$dual_state_global@J@__crt_state_management@@A 10047c64     libucrt:new_mode.obj
 0003:00001c74       ?__acrt_app_type@@3W4_crt_app_type@@A 10047c74     libucrt:report_runtime_error.obj
 0003:00001c78       ?internal_pst@?1??__mbrtoc32_utf8@__crt_mbstring@@YAIPA_UPBDIPAU_Mbstatet@@@Z@4U3@A 10047c78     libucrt:mbrtoc32.obj
 0003:00001c80       __pmatherr_set             10047c80     libucrt:libm_error.obj
 0004:00000000       _static_const_table        10048000     LIBCMT:svml_ssinf4_sse2.obj
 0004:00000100       __e02PI                    10048100     LIBCMT:svml_dtrig.obj
 0004:000002a0       __e04PI                    100482a0     LIBCMT:svml_dtrig.obj
 0004:00000430       _2il0floatpacket_0         10048430     LIBCMT:svml_dtrig.obj
 0004:00000440       _2il0floatpacket_1         10048440     LIBCMT:svml_dtrig.obj
 0004:00000448       __d02PI                    10048448     LIBCMT:svml_dtrig.obj
 0004:00000458       __DP4                      10048458     LIBCMT:svml_dtrig.obj
 0004:00000478       __dPI02                    10048478     LIBCMT:svml_dtrig.obj
 0004:00000488       __d04PI                    10048488     LIBCMT:svml_dtrig.obj
 0004:00000498       __QP4                      10048498     LIBCMT:svml_dtrig.obj
 0004:000004b8       __dPI04                    100484b8     LIBCMT:svml_dtrig.obj
 0004:00002600       __vmlsSinHATab             1004a600     LIBCMT:svml_s_sin_cout.obj
 0005:000000a0       $R000000                   1004b0a0     PhysXCooking.res
 0005:000003d0       $R000330                   1004b3d0     PhysXCooking.res
