 PhysXCommon_32

 Timestamp is 608bdbea (Fri Apr 30 12:28:58 2021)

 Preferred load address is 10000000

 Start         Length     Name                   Class
 0001:00000000 00004320H .text$di                CODE
 0001:00004320 00130e6fH .text$mn                CODE
 0001:0013518f 00000047H .text$x                 CODE
 0002:00000000 00000120H .idata$5                DATA
 0002:00000120 00000004H .00cfg                  DATA
 0002:00000124 00000004H .CRT$XCA                DATA
 0002:00000128 000009fcH .CRT$XCU                DATA
 0002:00000b24 00000004H .CRT$XCZ                DATA
 0002:00000b28 00000004H .CRT$XIA                DATA
 0002:00000b2c 0000000cH .CRT$XIC                DATA
 0002:00000b38 00000004H .CRT$XIZ                DATA
 0002:00000b3c 00000004H .CRT$XPA                DATA
 0002:00000b40 00000008H .CRT$XPX                DATA
 0002:00000b48 00000004H .CRT$XPXA               DATA
 0002:00000b4c 00000004H .CRT$XPZ                DATA
 0002:00000b50 00000004H .CRT$XTA                DATA
 0002:00000b54 0000000cH .CRT$XTZ                DATA
 0002:00000b58 00000000H .gfids$y                DATA
 0002:00000b60 0000c760H .rdata                  DATA
 0002:0000d2c0 0000028cH .rdata$r                DATA
 0002:0000d54c 0000001cH .rdata$sxdata           DATA
 0002:0000d568 000003d8H .rdata$zzzdbg           DATA
 0002:0000d940 00000004H .rtc$IAA                DATA
 0002:0000d944 00000004H .rtc$IZZ                DATA
 0002:0000d948 00000004H .rtc$TAA                DATA
 0002:0000d94c 00000004H .rtc$TZZ                DATA
 0002:0000d950 00000544H .xdata$x                DATA
 0002:0000de94 00000020H .didat$2                DATA
 0002:0000deb4 00000020H .didat$3                DATA
 0002:0000ded4 00000044H .didat$4                DATA
 0002:0000df18 00000300H .didat$6                DATA
 0002:0000e218 00000048H .didat$7                DATA
 0002:0000e260 00009c30H .edata                  DATA
 0002:00017e90 00000014H .idata$2                DATA
 0002:00017ea4 00000014H .idata$3                DATA
 0002:00017eb8 00000120H .idata$4                DATA
 0002:00017fd8 0000052eH .idata$6                DATA
 0003:00000000 00000fe0H .data                   DATA
 0003:00000fe0 0000051cH .data$r                 DATA
 0003:000014fc 00000044H .didat$5                DATA
 0003:00001540 000032c8H .bss                    DATA
 0004:00000000 00002608H _RDATA                  DATA
 0005:00000000 000000a0H .rsrc$01                DATA
 0005:000000a0 000004b0H .rsrc$02                DATA

  Address         Publics by Value              Rva+Base       Lib:Object

 0000:00000000       ___arm64x_native_entrypoint 00000000     <absolute>
 0000:00000000       ___arm64x_redirection_metadata_count 00000000     <absolute>
 0000:00000000       ___hybrid_code_map_count   00000000     <absolute>
 0000:00000000       ___guard_fids_table        00000000     <absolute>
 0000:00000000       ___guard_longjmp_table     00000000     <absolute>
 0000:00000000       ___guard_fids_count        00000000     <absolute>
 0000:00000000       ___x64_code_ranges_to_entry_points 00000000     <absolute>
 0000:00000000       ___guard_iat_table         00000000     <absolute>
 0000:00000000       ___dynamic_value_reloc_table 00000000     <absolute>
 0000:00000000       ___volatile_metadata       00000000     <absolute>
 0000:00000000       ___guard_eh_cont_count     00000000     <absolute>
 0000:00000000       ___hybrid_auxiliary_iat    00000000     <absolute>
 0000:00000000       ___arm64x_redirection_metadata 00000000     <absolute>
 0000:00000000       ___arm64x_extra_rfe_table_size 00000000     <absolute>
 0000:00000000       __except_list              00000000     <absolute>
 0000:00000000       ___AbsoluteZero            00000000     <absolute>
 0000:00000000       ___arm64x_extra_rfe_table  00000000     <absolute>
 0000:00000000       ___enclave_config          00000000     <absolute>
 0000:00000000       ___x64_code_ranges_to_entry_points_count 00000000     <absolute>
 0000:00000000       ___guard_eh_cont_table     00000000     <absolute>
 0000:00000000       ___guard_iat_count         00000000     <absolute>
 0000:00000000       ___guard_longjmp_count     00000000     <absolute>
 0000:00000000       ___hybrid_code_map         00000000     <absolute>
 0000:00000007       ___safe_se_handler_count   00000007     <absolute>
 0000:00000100       ___guard_flags             00000100     <absolute>
 0000:00000000       ___ImageBase               10000000     <linker-defined>
 0001:00004320       ??_GCollection@Cm@physx@@UAEPAXI@Z 10005320 f i CmCollection.obj
 0001:00004320       ??_ECollection@Cm@physx@@UAEPAXI@Z 10005320 f i CmCollection.obj
 0001:00004390       ??_EPxCollection@physx@@MAEPAXI@Z 10005390 f i CmCollection.obj
 0001:00004390       ??_GPxCollection@physx@@MAEPAXI@Z 10005390 f i CmCollection.obj
 0001:000043c0       ?PxCreateCollection@@YAPAVPxCollection@physx@@XZ 100053c0 f   CmCollection.obj
 0001:000044c0       ?add@Collection@Cm@physx@@UAEXAAVPxBase@3@_K@Z 100054c0 f   CmCollection.obj
 0001:000045a0       ?add@Collection@Cm@physx@@UAEXAAVPxCollection@3@@Z 100055a0 f   CmCollection.obj
 0001:00004700       ?addId@Collection@Cm@physx@@UAEXAAVPxBase@3@_K@Z 10005700 f   CmCollection.obj
 0001:000047a0       ?contains@Collection@Cm@physx@@UBE_NAAVPxBase@3@@Z 100057a0 f   CmCollection.obj
 0001:000047c0       ?create@?$HashBase@V?$Pair@$$CB_KPAVPxBase@physx@@@shdfnd@physx@@_KU?$Hash@_K@23@UGetKey@?$HashMapBase@_KPAVPxBase@physx@@U?$Hash@_K@shdfnd@2@VNonTrackingAllocator@42@@internal@23@VNonTrackingAllocator@23@$00@internal@shdfnd@physx@@QAEPAV?$Pair@$$CB_KPAVPxBase@physx@@@34@AB_KAA_N@Z 100057c0 f i CmCollection.obj
 0001:000048a0       ?create@?$HashBase@V?$Pair@QAVPxBase@physx@@_K@shdfnd@physx@@PAVPxBase@3@U?$Hash@PAVPxBase@physx@@@23@UGetKey@?$HashMapBase@PAVPxBase@physx@@_KU?$Hash@PAVPxBase@physx@@@shdfnd@2@VNonTrackingAllocator@42@@internal@23@VNonTrackingAllocator@23@$00@internal@shdfnd@physx@@QAEPAV?$Pair@QAVPxBase@physx@@_K@34@ABQAVPxBase@4@AA_N@Z 100058a0 f i CmCollection.obj
 0001:000049c0       ?erase@?$HashBase@V?$Pair@QAVPxBase@physx@@_K@shdfnd@physx@@PAVPxBase@3@U?$Hash@PAVPxBase@physx@@@23@UGetKey@?$HashMapBase@PAVPxBase@physx@@_KU?$Hash@PAVPxBase@physx@@@shdfnd@2@VNonTrackingAllocator@42@@internal@23@VNonTrackingAllocator@23@$00@internal@shdfnd@physx@@QAE_NABQAVPxBase@4@@Z 100059c0 f i CmCollection.obj
 0001:00004ad0       ?erase@?$HashMapBase@_KPAVPxBase@physx@@U?$Hash@_K@shdfnd@2@VNonTrackingAllocator@42@@internal@shdfnd@physx@@QAE_NAB_K@Z 10005ad0 f i CmCollection.obj
 0001:00004bb0       ?find@?$HashMapBase@PAVPxBase@physx@@_KU?$Hash@PAVPxBase@physx@@@shdfnd@2@VNonTrackingAllocator@42@@internal@shdfnd@physx@@QBEPBV?$Pair@QAVPxBase@physx@@_K@34@ABQAVPxBase@4@@Z 10005bb0 f i CmCollection.obj
 0001:00004c30       ?find@?$HashMapBase@_KPAVPxBase@physx@@U?$Hash@_K@shdfnd@2@VNonTrackingAllocator@42@@internal@shdfnd@physx@@QBEPBV?$Pair@$$CB_KPAVPxBase@physx@@@34@AB_K@Z 10005c30 f i CmCollection.obj
 0001:00004c90       ?find@Collection@Cm@physx@@UBEPAVPxBase@3@_K@Z 10005c90 f   CmCollection.obj
 0001:00004cb0       ?getId@Collection@Cm@physx@@UBE_KABVPxBase@3@@Z 10005cb0 f   CmCollection.obj
 0001:00004cf0       ?getIds@Collection@Cm@physx@@UBEIPA_KII@Z 10005cf0 f   CmCollection.obj
 0001:00004da0       ?getNbRows@HeightField@Gu@physx@@UBEIXZ 10005da0 f   GuBounds.obj
 0001:00004da0       ?getNbIds@Collection@Cm@physx@@UBEIXZ 10005da0 f   CmCollection.obj
 0001:00004db0       ?getNbObjects@Collection@Cm@physx@@UBEIXZ 10005db0 f   CmCollection.obj
 0001:00004dc0       ?getObject@Collection@Cm@physx@@UBEAAVPxBase@3@I@Z 10005dc0 f   CmCollection.obj
 0001:00004dd0       ?getObjects@Collection@Cm@physx@@UBEIPAPAVPxBase@3@II@Z 10005dd0 f   CmCollection.obj
 0001:00004e10       ?hash@?$HashBase@V?$Pair@$$CB_KPAVPxBase@physx@@@shdfnd@physx@@_KU?$Hash@_K@23@UGetKey@?$HashMapBase@_KPAVPxBase@physx@@U?$Hash@_K@shdfnd@2@VNonTrackingAllocator@42@@internal@23@VNonTrackingAllocator@23@$00@internal@shdfnd@physx@@ABEIAB_KI@Z 10005e10 f i CmCollection.obj
 0001:00004ea0       ?release@Collection@Cm@physx@@UAEXXZ 10005ea0 f i CmCollection.obj
 0001:00004eb0       ?remove@Collection@Cm@physx@@UAEXAAVPxBase@3@@Z 10005eb0 f   CmCollection.obj
 0001:00004f00       ?remove@Collection@Cm@physx@@UAEXAAVPxCollection@3@@Z 10005f00 f   CmCollection.obj
 0001:000050d0       ?removeId@Collection@Cm@physx@@UAEX_K@Z 100060d0 f   CmCollection.obj
 0001:00005130       ?reserveInternal@?$HashBase@V?$Pair@$$CB_KPAVPxBase@physx@@@shdfnd@physx@@_KU?$Hash@_K@23@UGetKey@?$HashMapBase@_KPAVPxBase@physx@@U?$Hash@_K@shdfnd@2@VNonTrackingAllocator@42@@internal@23@VNonTrackingAllocator@23@$00@internal@shdfnd@physx@@AAEXI@Z 10006130 f i CmCollection.obj
 0001:00005350       ?reserveInternal@?$HashBase@V?$Pair@QAVPxBase@physx@@_K@shdfnd@physx@@PAVPxBase@3@U?$Hash@PAVPxBase@physx@@@23@UGetKey@?$HashMapBase@PAVPxBase@physx@@_KU?$Hash@PAVPxBase@physx@@@shdfnd@2@VNonTrackingAllocator@42@@internal@23@VNonTrackingAllocator@23@$00@internal@shdfnd@physx@@AAEXI@Z 10006350 f i CmCollection.obj
 0001:000054f0       ??0PtrTable@Cm@physx@@QAE@W4PxEMPTY@2@@Z 100064f0 f i CmPtrTable.obj
 0001:00005510       ??0PtrTable@Cm@physx@@QAE@XZ 10006510 f   CmPtrTable.obj
 0001:00005520       ??1Box@Gu@physx@@QAE@XZ    10006520 f   GuBounds.obj
 0001:00005520       @_guard_check_icall_nop@4  10006520 f   LIBCMT:guard_support.obj
 0001:00005520       ?profile@Callback@RTree@Gu@physx@@UAEXXZ 10006520 f   GuMidphaseRTree.obj
 0001:00005520       ??1AABBTreeBuildNode@Gu@physx@@QAE@XZ 10006520 f   GuAABBTreeBuild.obj
 0001:00005520       ??1HeightFieldData@Gu@physx@@QAE@XZ 10006520 f   GuBounds.obj
 0001:00005520       ??1MaterialIndicesStruct@physx@@QAE@XZ 10006520 f   GuGeometryUnion.obj
 0001:00005520       ??1PtrTable@Cm@physx@@QAE@XZ 10006520 f   CmPtrTable.obj
 0001:00005530       ??4BuildStats@Gu@physx@@QAEAAU012@ABU012@@Z 10006530 f i GuAABBTreeBuild.obj
 0001:00005530       ??4MaterialIndicesStruct@physx@@QAEAAU01@ABU01@@Z 10006530 f i GuGeometryUnion.obj
 0001:00005530       ??4BuildStats@Gu@physx@@QAEAAU012@$$QAU012@@Z 10006530 f i GuAABBTreeBuild.obj
 0001:00005530       ??4PtrTable@Cm@physx@@QAEAAU012@ABU012@@Z 10006530 f i CmPtrTable.obj
 0001:00005530       ??4CmModuleUpdateLoader@Cm@physx@@QAEAAV012@ABV012@@Z 10006530 f i CmWindowsModuleUpdateLoader.obj
 0001:00005550       ?add@PtrTable@Cm@physx@@QAEXPAXAAVPtrTableStorageManager@23@@Z 10006550 f   CmPtrTable.obj
 0001:00005610       ?clear@PtrTable@Cm@physx@@QAEXAAVPtrTableStorageManager@23@@Z 10006610 f   CmPtrTable.obj
 0001:00005670       ?exportExtraData@PtrTable@Cm@physx@@QAEXAAVPxSerializationContext@3@@Z 10006670 f   CmPtrTable.obj
 0001:000056a0       ?find@PtrTable@Cm@physx@@QBEIPBX@Z 100066a0 f   CmPtrTable.obj
 0001:000056d0       ?getBinaryMetaData@PtrTable@Cm@physx@@SAXAAVPxOutputStream@3@@Z 100066d0 f   CmPtrTable.obj
 0001:000058b0       ?getCount@PtrTable@Cm@physx@@QBEIXZ 100068b0 f i CmPtrTable.obj
 0001:000058c0       ?getPtrs@PtrTable@Cm@physx@@QAEPAPAXXZ 100068c0 f i CmPtrTable.obj
 0001:000058c0       ?getPtrs@PtrTable@Cm@physx@@QBEPBQAXXZ 100068c0 f i CmPtrTable.obj
 0001:000058d0       ?importExtraData@PtrTable@Cm@physx@@QAEXAAVPxDeserializationContext@3@@Z 100068d0 f   CmPtrTable.obj
 0001:00005900       ?realloc@PtrTable@Cm@physx@@AAEXIIAAVPtrTableStorageManager@23@@Z 10006900 f   CmPtrTable.obj
 0001:00005970       ?replaceWithLast@PtrTable@Cm@physx@@QAEXIAAVPtrTableStorageManager@23@@Z 10006970 f   CmPtrTable.obj
 0001:00005a40       ??0RadixSort@Cm@physx@@QAE@XZ 10006a40 f   CmRadixSort.obj
 0001:00005a80       ??1RadixSort@Cm@physx@@UAE@XZ 10006a80 f   CmRadixSort.obj
 0001:00005a90       ??_ERadixSort@Cm@physx@@UAEPAXI@Z 10006a90 f i CmRadixSort.obj
 0001:00005b00       ?getTriangles@TriangleMesh@Gu@physx@@UBEPBXXZ 10006b00 f i GuTriangleMesh.obj
 0001:00005b00       ?GetNbHits@RadixSort@Cm@physx@@QBEIXZ 10006b00 f i CmRadixSort.obj
 0001:00005b00       ?getBounds@BVHStructure@Gu@physx@@UBEPBVPxBounds3@3@XZ 10006b00 f i GuBVHStructure.obj
 0001:00005b10       ?getVertices@TriangleMesh@Gu@physx@@UBEPBVPxVec3@3@XZ 10006b10 f i GuTriangleMesh.obj
 0001:00005b10       ?getPos@AABBTreeBuildNode@Gu@physx@@QBEPBV123@XZ 10006b10 f i GuAABBTreeBuild.obj
 0001:00005b10       ?GetNbTotalCalls@RadixSort@Cm@physx@@QBEIXZ 10006b10 f i CmRadixSort.obj
 0001:00005b20       ?raw_length@pcharNode@@UBEHXZ 10006b20 f i libvcruntime:undname.obj
 0001:00005b20       ?length@pcharNode@@UBEHXZ  10006b20 f i libvcruntime:undname.obj
 0001:00005b20       ?length@DNameStatusNode@@UBEHXZ 10006b20 f i libvcruntime:undname.obj
 0001:00005b20       ?GetRanks@RadixSort@Cm@physx@@QBEPBIXZ 10006b20 f i CmRadixSort.obj
 0001:00005b20       ?raw_length@DNameStatusNode@@UBEHXZ 10006b20 f i libvcruntime:undname.obj
 0001:00005b20       ?GetNbVerts@BigConvexData@physx@@QBEIXZ 10006b20 f i GuMetaData.obj
 0001:00005b30       ?getReferenceCount@HeightField@Gu@physx@@UBEIXZ 10006b30 f i GuHeightField.obj
 0001:00005b30       ?getReferenceCount@ConvexMesh@Gu@physx@@UBEIXZ 10006b30 f i GuConvexMesh.obj
 0001:00005b30       ?raw_length@pairNode@@UBEHXZ 10006b30 f i libvcruntime:undname.obj
 0001:00005b30       ?getHeightField@HeightFieldUtil@Gu@physx@@QBEABVHeightField@23@XZ 10006b30 f i GuCCTSweepTests.obj
 0001:00005b30       ?getReferenceCount@TriangleMesh@Gu@physx@@UBEIXZ 10006b30 f i GuTriangleMesh.obj
 0001:00005b30       ?GetRecyclable@RadixSort@Cm@physx@@QBEPAIXZ 10006b30 f i CmRadixSort.obj
 0001:00005b40       ?SetBuffers@RadixSort@Cm@physx@@QAE_NPAI00PAPAI@Z 10006b40 f   CmRadixSort.obj
 0001:00005b90       ?Sort@RadixSort@Cm@physx@@QAEAAV123@PBIIW4RadixHint@23@@Z 10006b90 f   CmRadixSort.obj
 0001:00006170       ?Sort@RadixSort@Cm@physx@@QAEAAV123@PBMI@Z 10007170 f   CmRadixSort.obj
 0001:00006850       ?invalidateRanks@RadixSort@Cm@physx@@QAEXXZ 10007850 f i CmRadixSort.obj
 0001:00006860       ??0RadixSortBuffered@Cm@physx@@QAE@XZ 10007860 f   CmRadixSortBuffered.obj
 0001:00006880       ??1RadixSortBuffered@Cm@physx@@UAE@XZ 10007880 f   CmRadixSortBuffered.obj
 0001:000068e0       ??_ERadixSortBuffered@Cm@physx@@UAEPAXI@Z 100078e0 f i CmRadixSortBuffered.obj
 0001:000069b0       ?CheckResize@RadixSortBuffered@Cm@physx@@AAEXI@Z 100079b0 f i CmRadixSortBuffered.obj
 0001:000069e0       ?Resize@RadixSortBuffered@Cm@physx@@AAE_NI@Z 100079e0 f   CmRadixSortBuffered.obj
 0001:00006a80       ?Sort@RadixSortBuffered@Cm@physx@@QAEAAV123@PBIIW4RadixHint@23@@Z 10007a80 f   CmRadixSortBuffered.obj
 0001:00006b00       ?Sort@RadixSortBuffered@Cm@physx@@QAEAAV123@PBMI@Z 10007b00 f   CmRadixSortBuffered.obj
 0001:00006b70       ?reset@RadixSortBuffered@Cm@physx@@QAEXXZ 10007b70 f   CmRadixSortBuffered.obj
 0001:00006bc0       ??0DebugText@Cm@physx@@QAA@ABVPxVec3@2@MPBDZZ 10007bc0 f   CmRenderOutput.obj
 0001:00006c20       ??0DebugText@Cm@physx@@QAE@$$QAU012@@Z 10007c20 f i CmRenderOutput.obj
 0001:00006c20       ??0DebugText@Cm@physx@@QAE@ABU012@@Z 10007c20 f i CmRenderOutput.obj
 0001:00006c70       ??0PxDebugLine@physx@@QAE@ABVPxVec3@1@0ABI@Z 10007c70 f i CmRenderOutput.obj
 0001:00006cb0       ??0PxDebugTriangle@physx@@QAE@ABVPxVec3@1@00ABI@Z 10007cb0 f i CmRenderOutput.obj
 0001:00006d10       ??0PxMat44@physx@@QAE@ABV01@@Z 10007d10 f i CmRenderOutput.obj
 0001:00006d10       ??4PxMat44@physx@@QAEAAV01@ABV01@@Z 10007d10 f i CmRenderOutput.obj
 0001:00006d80       ??0RenderOutput@Cm@physx@@QAE@AAVRenderBuffer@12@@Z 10007d80 f i CmRenderOutput.obj
 0001:00006e40       ??0RenderOutput@Cm@physx@@QAE@ABV012@@Z 10007e40 f i CmRenderOutput.obj
 0001:00006ea0       ??4DebugText@Cm@physx@@QAEAAU012@ABU012@@Z 10007ea0 f i CmRenderOutput.obj
 0001:00006ea0       ??4DebugText@Cm@physx@@QAEAAU012@$$QAU012@@Z 10007ea0 f i CmRenderOutput.obj
 0001:00006f30       ??6Cm@physx@@YAAAVRenderOutput@01@AAV201@ABUDebugArc@01@@Z 10007f30 f   CmRenderOutput.obj
 0001:00007020       ??6Cm@physx@@YAAAVRenderOutput@01@AAV201@ABUDebugArrow@01@@Z 10008020 f   CmRenderOutput.obj
 0001:00007400       ??6Cm@physx@@YAAAVRenderOutput@01@AAV201@ABUDebugBasis@01@@Z 10008400 f   CmRenderOutput.obj
 0001:00007510       ??6Cm@physx@@YAAAVRenderOutput@01@AAV201@ABUDebugBox@01@@Z 10008510 f   CmRenderOutput.obj
 0001:00007a10       ??6Cm@physx@@YAAAVRenderOutput@01@AAV201@ABUDebugCircle@01@@Z 10008a10 f   CmRenderOutput.obj
 0001:00007ae0       ??6RenderOutput@Cm@physx@@QAEAAV012@ABUDebugText@12@@Z 10008ae0 f   CmRenderOutput.obj
 0001:00007cd0       ??6RenderOutput@Cm@physx@@QAEAAV012@ABVPxMat44@2@@Z 10008cd0 f   CmRenderOutput.obj
 0001:00007cf0       ??6RenderOutput@Cm@physx@@QAEAAV012@ABVPxTransform@2@@Z 10008cf0 f   CmRenderOutput.obj
 0001:00007e90       ??6RenderOutput@Cm@physx@@QAEAAV012@I@Z 10008e90 f   CmRenderOutput.obj
 0001:00007ea0       ??6RenderOutput@Cm@physx@@QAEAAV012@VPxVec3@2@@Z 10008ea0 f   CmRenderOutput.obj
 0001:00008290       ??6RenderOutput@Cm@physx@@QAEAAV012@W4Primitive@012@@Z 10009290 f   CmRenderOutput.obj
 0001:000082b0       ?allocate@?$Array@DV?$ReflectionAllocator@D@shdfnd@physx@@@shdfnd@physx@@IAEPADI@Z 100092b0 f i CmRenderOutput.obj
 0001:00008310       ?allocate@?$Array@UPxDebugLine@physx@@V?$ReflectionAllocator@UPxDebugLine@physx@@@shdfnd@2@@shdfnd@physx@@IAEPAUPxDebugLine@3@I@Z 10009310 f i CmRenderOutput.obj
 0001:00008380       ?allocate@?$Array@UPxDebugPoint@physx@@V?$ReflectionAllocator@UPxDebugPoint@physx@@@shdfnd@2@@shdfnd@physx@@IAEPAUPxDebugPoint@3@I@Z 10009380 f i CmRenderOutput.obj
 0001:000083f0       ?allocate@?$Array@UPxDebugText@physx@@V?$ReflectionAllocator@UPxDebugText@physx@@@shdfnd@2@@shdfnd@physx@@IAEPAUPxDebugText@3@I@Z 100093f0 f i CmRenderOutput.obj
 0001:00008460       ?allocate@?$Array@UPxDebugTriangle@physx@@V?$ReflectionAllocator@UPxDebugTriangle@physx@@@shdfnd@2@@shdfnd@physx@@IAEPAUPxDebugTriangle@3@I@Z 10009460 f i CmRenderOutput.obj
 0001:000084d0       ?copy@?$Array@UPxDebugLine@physx@@V?$ReflectionAllocator@UPxDebugLine@physx@@@shdfnd@2@@shdfnd@physx@@KAXPAUPxDebugLine@3@0PBU43@@Z 100094d0 f i CmRenderOutput.obj
 0001:00008540       ?copy@?$Array@UPxDebugPoint@physx@@V?$ReflectionAllocator@UPxDebugPoint@physx@@@shdfnd@2@@shdfnd@physx@@KAXPAUPxDebugPoint@3@0PBU43@@Z 10009540 f i CmRenderOutput.obj
 0001:00008590       ?copy@?$Array@UPxDebugText@physx@@V?$ReflectionAllocator@UPxDebugText@physx@@@shdfnd@2@@shdfnd@physx@@KAXPAUPxDebugText@3@0PBU43@@Z 10009590 f i CmRenderOutput.obj
 0001:000085f0       ?copy@?$Array@UPxDebugTriangle@physx@@V?$ReflectionAllocator@UPxDebugTriangle@physx@@@shdfnd@2@@shdfnd@physx@@KAXPAUPxDebugTriangle@3@0PBU43@@Z 100095f0 f i CmRenderOutput.obj
 0001:00008670       ?growAndPushBack@?$Array@DV?$ReflectionAllocator@D@shdfnd@physx@@@shdfnd@physx@@IAEAADABD@Z 10009670 f i CmRenderOutput.obj
 0001:000086f0       ?growAndPushBack@?$Array@UPxDebugLine@physx@@V?$ReflectionAllocator@UPxDebugLine@physx@@@shdfnd@2@@shdfnd@physx@@IAEAAUPxDebugLine@3@ABU43@@Z 100096f0 f i CmRenderOutput.obj
 0001:000087a0       ?growAndPushBack@?$Array@UPxDebugPoint@physx@@V?$ReflectionAllocator@UPxDebugPoint@physx@@@shdfnd@2@@shdfnd@physx@@IAEAAUPxDebugPoint@3@ABU43@@Z 100097a0 f i CmRenderOutput.obj
 0001:00008830       ?growAndPushBack@?$Array@UPxDebugText@physx@@V?$ReflectionAllocator@UPxDebugText@physx@@@shdfnd@2@@shdfnd@physx@@IAEAAUPxDebugText@3@ABU43@@Z 10009830 f i CmRenderOutput.obj
 0001:000088d0       ?growAndPushBack@?$Array@UPxDebugTriangle@physx@@V?$ReflectionAllocator@UPxDebugTriangle@physx@@@shdfnd@2@@shdfnd@physx@@IAEAAUPxDebugTriangle@3@ABU43@@Z 100098d0 f i CmRenderOutput.obj
 0001:000089a0       ?outputCapsule@RenderOutput@Cm@physx@@QAEAAV123@MMABVPxMat44@3@@Z 100099a0 f   CmRenderOutput.obj
 0001:000094b0       ?outputSegment@RenderOutput@Cm@physx@@QAEXABVPxVec3@3@0@Z 1000a4b0 f i CmRenderOutput.obj
 0001:00009540       ?recreate@?$Array@DV?$ReflectionAllocator@D@shdfnd@physx@@@shdfnd@physx@@IAEXI@Z 1000a540 f i CmRenderOutput.obj
 0001:000095a0       ?recreate@?$Array@UPxDebugLine@physx@@V?$ReflectionAllocator@UPxDebugLine@physx@@@shdfnd@2@@shdfnd@physx@@IAEXI@Z 1000a5a0 f i CmRenderOutput.obj
 0001:00009600       ?reserveSegments@RenderOutput@Cm@physx@@QAEPAUPxDebugLine@3@I@Z 1000a600 f i CmRenderOutput.obj
 0001:00009660       ?visualizeAngularLimit@Cm@physx@@YAXAAVRenderOutput@12@MABVPxTransform@2@MM_N@Z 1000a660 f   CmVisualization.obj
 0001:000097f0       ?visualizeDoubleCone@Cm@physx@@YAXAAVRenderOutput@12@MABVPxTransform@2@M_N@Z 1000a7f0 f   CmVisualization.obj
 0001:00009a20       ?visualizeJointFrames@Cm@physx@@YAXAAVRenderOutput@12@MABVPxTransform@2@1@Z 1000aa20 f   CmVisualization.obj
 0001:00009ae0       ?visualizeLimitCone@Cm@physx@@YAXAAVRenderOutput@12@MABVPxTransform@2@MM_N@Z 1000aae0 f   CmVisualization.obj
 0001:00009cf0       ?visualizeLinearLimit@Cm@physx@@YAXAAVRenderOutput@12@MABVPxTransform@2@1M_N@Z 1000acf0 f   CmVisualization.obj
 0001:00009f20       ??0CmModuleUpdateLoader@Cm@physx@@QAE@PBD@Z 1000af20 f   CmWindowsModuleUpdateLoader.obj
 0001:00009f50       ??1CmModuleUpdateLoader@Cm@physx@@QAE@XZ 1000af50 f   CmWindowsModuleUpdateLoader.obj
 0001:00009f70       ?LoadModule@CmModuleUpdateLoader@Cm@physx@@QAEPAUHINSTANCE__@@PBD0@Z 1000af70 f   CmWindowsModuleUpdateLoader.obj
 0001:00009fa0       ?commonDelayHook@@YGP6GHXZIPAUDelayLoadInfo@@@Z 1000afa0 f   CmWindowsDelayLoadHook.obj
 0001:0000a040       _PxSetPhysXCommonDelayLoadHook 1000b040 f   CmWindowsDelayLoadHook.obj
 0001:0000a050       ??0Box@Gu@physx@@QAE@ABV012@@Z 1000b050 f i GuBounds.obj
 0001:0000a050       ??4Box@Gu@physx@@QAEABV012@ABV012@@Z 1000b050 f i GuBounds.obj
 0001:0000a0c0       ??0Box@Gu@physx@@QAE@ABVPxVec3@2@0ABVPxMat33@2@@Z 1000b0c0 f i GuBounds.obj
 0001:0000a130       ?getAABB@AABBTreeBuildNode@Gu@physx@@QBEABVPxBounds3@3@XZ 1000b130 f i GuAABBTreeBuild.obj
 0001:0000a130       ?getPaddedBounds@HeightFieldData@Gu@physx@@QBEABVCenterExtentsPadded@23@XZ 1000b130 f i GuBounds.obj
 0001:0000a130       ?getGeometry@GeometryUnion@Gu@physx@@QBEABVPxGeometry@3@XZ 1000b130 f i GuGeometryUnion.obj
 0001:0000a130       ??0Box@Gu@physx@@QAE@XZ    1000b130 f i GuBounds.obj
 0001:0000a130       ??0AABBTreeBuildNode@Gu@physx@@QAE@XZ 1000b130 f i GuAABBTreeBuild.obj
 0001:0000a140       ??4HeightFieldData@Gu@physx@@QAEAAU012@$$QAU012@@Z 1000b140 f i GuBounds.obj
 0001:0000a140       ??0HeightFieldData@Gu@physx@@QAE@ABU012@@Z 1000b140 f i GuBounds.obj
 0001:0000a140       ??0HeightFieldData@Gu@physx@@QAE@$$QAU012@@Z 1000b140 f i GuBounds.obj
 0001:0000a140       ??4HeightFieldData@Gu@physx@@QAEAAU012@ABU012@@Z 1000b140 f i GuBounds.obj
 0001:0000a1b0       ??0MaterialIndicesStruct@physx@@QAE@W4PxEMPTY@1@@Z 1000b1b0 f i GuGeometryUnion.obj
 0001:0000a1b0       ??0GeometryUnion@Gu@physx@@QAE@W4PxEMPTY@2@@Z 1000b1b0 f i GuGeometryUnion.obj
 0001:0000a1b0       ??0HeightFieldData@Gu@physx@@QAE@W4PxEMPTY@2@@Z 1000b1b0 f i GuBounds.obj
 0001:0000a1b0       ??0BigConvexData@physx@@QAE@W4PxEMPTY@1@@Z 1000b1b0 f i GuMetaData.obj
 0001:0000a1c0       ??0HeightFieldData@Gu@physx@@QAE@XZ 1000b1c0 f i GuBounds.obj
 0001:0000a1d0       ??0PxQuat@physx@@QAE@ABVPxMat33@1@@Z 1000b1d0 f i GuBounds.obj
 0001:0000a390       ??0ShapeData@Gu@physx@@QAE@ABVPxGeometry@2@ABVPxTransform@2@M@Z 1000b390 f   GuBounds.obj
 0001:0000a8c0       ??1PxConvexMesh@physx@@MAE@XZ 1000b8c0 f i GuBounds.obj
 0001:0000a8c0       ??1PxHeightField@physx@@MAE@XZ 1000b8c0 f i GuBounds.obj
 0001:0000a8d0       ??_GPxTriangleMesh@physx@@MAEPAXI@Z 1000b8d0 f i GuTriangleMesh.obj
 0001:0000a8d0       ??_EPxBVHStructure@physx@@MAEPAXI@Z 1000b8d0 f i GuBVHStructure.obj
 0001:0000a8d0       ??_EPxBase@physx@@MAEPAXI@Z 1000b8d0 f i GuBounds.obj
 0001:0000a8d0       ??_EPxTriangleMesh@physx@@MAEPAXI@Z 1000b8d0 f i GuTriangleMesh.obj
 0001:0000a8d0       ??_GPxBase@physx@@MAEPAXI@Z 1000b8d0 f i GuBounds.obj
 0001:0000a8d0       ??_GPxBVHStructure@physx@@MAEPAXI@Z 1000b8d0 f i GuBVHStructure.obj
 0001:0000a900       ??_H@YGXPAXIIP6EPAX0@Z@Z   1000b900 f i GuBounds.obj
 0001:0000a930       ?computeAABBExtent@Box@Gu@physx@@QBE?AVPxVec3@3@XZ 1000b930 f i GuBounds.obj
 0001:0000a9e0       ?computeBounds@Gu@physx@@YAXAAVPxBounds3@2@ABVPxGeometry@2@ABVPxTransform@2@MPIBVCenterExtentsPadded@12@M@Z 1000b9e0 f   GuBounds.obj
 0001:0000b3f0       ?computeBoundsWithCCDThreshold@Gu@physx@@YAMAAVVec3p@12@0ABVPxGeometry@2@ABVPxTransform@2@PIBVCenterExtentsPadded@12@@Z 1000c3f0 f   GuBounds.obj
 0001:0000b580       ?computeBoxPoints@Box@Gu@physx@@QBEXPIAVPxVec3@3@@Z 1000c580 f i GuBounds.obj
 0001:0000c550       ?getConcreteTypeName@PxConvexMesh@physx@@UBEPBDXZ 1000d550 f i GuBounds.obj
 0001:0000c560       ?getConcreteTypeName@PxHeightField@physx@@UBEPBDXZ 1000d560 f i GuBounds.obj
 0001:0000c570       ?getConvexEdgeThreshold@HeightField@Gu@physx@@UBEMXZ 1000d570 f i GuBounds.obj
 0001:0000c580       ?getFlags@HeightField@Gu@physx@@UBE?AV?$PxFlags@W4Enum@PxHeightFieldFlag@physx@@G@3@XZ 1000d580 f i GuBounds.obj
 0001:0000c590       ?getTrianglesRemap@TriangleMesh@Gu@physx@@UBEPBIXZ 1000d590 f i GuTriangleMesh.obj
 0001:0000c590       ?getFormat@HeightField@Gu@physx@@UBE?AW4Enum@PxHeightFieldFormat@3@XZ 1000d590 f i GuBounds.obj
 0001:0000c5a0       ?getHeight@HeightField@Gu@physx@@UBEMMM@Z 1000d5a0 f i GuBounds.obj
 0001:0000c600       ?getHeightInternal2@HeightField@Gu@physx@@QBEMIMM@Z 1000d600 f i GuBounds.obj
 0001:0000c750       ?getIndexBuffer@ConvexMesh@Gu@physx@@UBEPBEXZ 1000d750 f i GuBounds.obj
 0001:0000c790       ?getNbColumns@HeightField@Gu@physx@@UBEIXZ 1000d790 f i GuBounds.obj
 0001:0000c7a0       ?getNbPolygons@ConvexMesh@Gu@physx@@UBEIXZ 1000d7a0 f i GuBounds.obj
 0001:0000c7b0       ?getNbVertices@ConvexMesh@Gu@physx@@UBEIXZ 1000d7b0 f i GuBounds.obj
 0001:0000c7c0       ?getSample@HeightField@Gu@physx@@UBEABUPxHeightFieldSample@3@II@Z 1000d7c0 f i GuBounds.obj
 0001:0000c7e0       ?getSampleStride@HeightField@Gu@physx@@UBEIXZ 1000d7e0 f i GuBounds.obj
 0001:0000c7f0       ?getTimestamp@HeightField@Gu@physx@@UBEIXZ 1000d7f0 f i GuBounds.obj
 0001:0000c800       ?getTransform@Box@Gu@physx@@QBE?AVPxTransform@3@XZ 1000d800 f i GuBounds.obj
 0001:0000c850       ?getTriangleMaterialIndex@HeightField@Gu@physx@@UBEGI@Z 1000d850 f i GuBounds.obj
 0001:0000c880       ?getTriangleNormal@HeightField@Gu@physx@@UBE?AVPxVec3@3@I@Z 1000d880 f i GuBounds.obj
 0001:0000c970       ?getVertices@ConvexMesh@Gu@physx@@UBEPBVPxVec3@3@XZ 1000d970 f i GuBounds.obj
 0001:0000c980       ?isKindOf@PxBase@physx@@MBE_NPBD@Z 1000d980 f i GuBounds.obj
 0001:0000c9d0       ?isKindOf@PxConvexMesh@physx@@MBE_NPBD@Z 1000d9d0 f i GuBounds.obj
 0001:0000ca50       ?isKindOf@PxHeightField@physx@@MBE_NPBD@Z 1000da50 f i GuBounds.obj
 0001:0000cad0       ?isReleasable@PxBase@physx@@UBE_NXZ 1000dad0 f i GuBounds.obj
 0001:0000cae0       ?isValid@Box@Gu@physx@@QBE_NXZ 1000dae0 f i GuBounds.obj
 0001:0000cb00       ?preExportDataReset@ConvexMesh@Gu@physx@@QAEXXZ 1000db00 f i GuBounds.obj
 0001:0000cb00       ?preExportDataReset@HeightField@Gu@physx@@QAEXXZ 1000db00 f i GuBounds.obj
 0001:0000cb10       ?rotate@Box@Gu@physx@@QBE?AVPxVec3@3@ABV43@@Z 1000db10 f i GuBounds.obj
 0001:0000cba0       ?rotateInv@Box@Gu@physx@@QBE?AVPxVec3@3@ABV43@@Z 1000dba0 f i GuBounds.obj
 0001:0000cc30       ?setAxes@Box@Gu@physx@@QAEXABVPxVec3@3@00@Z 1000dc30 f i GuBounds.obj
 0001:0000cc80       ?setEmpty@Box@Gu@physx@@QAEXXZ 1000dc80 f i GuBounds.obj
 0001:0000ccf0       ?transform@Box@Gu@physx@@QBE?AVPxVec3@3@ABV43@@Z 1000dcf0 f i GuBounds.obj
 0001:0000cd90       ?computeOBBPoints@Gu@physx@@YAXPIAVPxVec3@2@ABV32@1111@Z 1000dd90 f   GuBox.obj
 0001:0000d000       ?create@Box@Gu@physx@@QAEXABVCapsule@23@@Z 1000e000 f   GuBox.obj
 0001:0000d240       ?getBoxEdges@Gu@physx@@YAPBEXZ 1000e240 f   GuBox.obj
 0001:0000d250       ?computeBasis@shdfnd@physx@@YAXABVPxVec3@2@0AAV32@11@Z 1000e250 f i GuCapsule.obj
 0001:0000d3f0       ?computeBoxAroundCapsule@Gu@physx@@YAXABVCapsule@12@AAVBox@12@@Z 1000e3f0 f   GuCapsule.obj
 0001:0000d570       ??0HeightFieldTraceUtil@Gu@physx@@QAE@ABVPxHeightFieldGeometry@2@@Z 1000e570 f i GuCCTSweepTests.obj
 0001:0000d570       ??0HeightFieldUtil@Gu@physx@@QAE@ABVPxHeightFieldGeometry@2@@Z 1000e570 f i GuCCTSweepTests.obj
 0001:0000d5b0       ??4HeightFieldUtil@Gu@physx@@QAEAAV012@ABV012@@Z 1000e5b0 f i GuCCTSweepTests.obj
 0001:0000d5b0       ??4HeightFieldTraceUtil@Gu@physx@@QAEAAV012@$$QAV012@@Z 1000e5b0 f i GuCCTSweepTests.obj
 0001:0000d5b0       ??4HeightFieldTraceUtil@Gu@physx@@QAEAAV012@ABV012@@Z 1000e5b0 f i GuCCTSweepTests.obj
 0001:0000d5d0       ??4HeightFieldUtil@Gu@physx@@QAEAAV012@$$QAV012@@Z 1000e5d0 f i GuCCTSweepTests.obj
 0001:0000d600       ??_G?$EntityReport@I@Gu@physx@@UAEPAXI@Z 1000e600 f i GuCCTSweepTests.obj
 0001:0000d600       ??_E?$EntityReport@I@Gu@physx@@UAEPAXI@Z 1000e600 f i GuCCTSweepTests.obj
 0001:0000d660       ?ceilUp@HeightFieldTraceUtil@Gu@physx@@SAMM@Z 1000e660 f i GuCCTSweepTests.obj
 0001:0000d6a0       ?computePointNormal@HeightFieldUtil@Gu@physx@@QBE?AVPxVec3@3@IABV43@ABVPxTransform@3@MMMMAAM@Z 1000e6a0 f i GuCCTSweepTests.obj
 0001:0000dab0       ?floorDown@HeightFieldTraceUtil@Gu@physx@@SAMM@Z 1000eab0 f i GuCCTSweepTests.obj
 0001:0000db20       ?getFeatureIndex@HeightFieldUtil@Gu@physx@@SAII@Z 1000eb20 f i GuCCTSweepTests.obj
 0001:0000db30       ?getFeatureType@HeightFieldUtil@Gu@physx@@SA?AW4Feature@123@I@Z 1000eb30 f i GuCCTSweepTests.obj
 0001:0000db40       ?getHeightAtShapePoint@HeightFieldUtil@Gu@physx@@QBEMMM@Z 1000eb40 f i GuCCTSweepTests.obj
 0001:0000dbb0       ?getNbVertices@TriangleMesh@Gu@physx@@UBEIXZ 1000ebb0 f i GuTriangleMesh.obj
 0001:0000dbb0       ?getHeightFieldGeometry@HeightFieldUtil@Gu@physx@@QBEABVPxHeightFieldGeometry@3@XZ 1000ebb0 f i GuCCTSweepTests.obj
 0001:0000dbb0       ?GetValencies@BigConvexData@physx@@QBEPBUValency@Gu@2@XZ 1000ebb0 f i GuMetaData.obj
 0001:0000dbc0       ?getNormalAtShapePoint@HeightFieldUtil@Gu@physx@@QBE?AVPxVec3@3@MM@Z 1000ebc0 f i GuCCTSweepTests.obj
 0001:0000dc70       ?getNormal_2@HeightField@Gu@physx@@QBE?AVPxVec3@3@IMMMMM@Z 1000ec70 f i GuCCTSweepTests.obj
 0001:0000dd70       ?getOneOverColumnScale@HeightFieldUtil@Gu@physx@@QBEMXZ 1000ed70 f i GuCCTSweepTests.obj
 0001:0000dd80       ?getOneOverHeightScale@HeightFieldUtil@Gu@physx@@QBEMXZ 1000ed80 f i GuCCTSweepTests.obj
 0001:0000dd90       ?getOneOverRowScale@HeightFieldUtil@Gu@physx@@QBEMXZ 1000ed90 f i GuCCTSweepTests.obj
 0001:0000dda0       ?getVertexNormal@HeightFieldUtil@Gu@physx@@QBE?AVPxVec3@3@I@Z 1000eda0 f i GuCCTSweepTests.obj
 0001:0000ddd0       ?hf2shapen@HeightFieldUtil@Gu@physx@@QBE?AVPxVec3@3@ABV43@@Z 1000edd0 f i GuCCTSweepTests.obj
 0001:0000ddd0       ?shape2hfp@HeightFieldUtil@Gu@physx@@QBE?AVPxVec3@3@ABV43@@Z 1000edd0 f i GuCCTSweepTests.obj
 0001:0000de10       ?hf2shapep@HeightFieldUtil@Gu@physx@@QBE?AVPxVec3@3@ABV43@@Z 1000ee10 f i GuCCTSweepTests.obj
 0001:0000de50       ?hf2worldn@HeightFieldUtil@Gu@physx@@QBE?AVPxVec3@3@ABVPxTransform@3@ABV43@@Z 1000ee50 f i GuCCTSweepTests.obj
 0001:0000df80       ?hf2worldp@HeightFieldUtil@Gu@physx@@QBE?AVPxVec3@3@ABVPxTransform@3@ABV43@@Z 1000ef80 f i GuCCTSweepTests.obj
 0001:0000e0c0       ?isCollisionVertex@HeightFieldUtil@Gu@physx@@QBE_NIII@Z 1000f0c0 f i GuCCTSweepTests.obj
 0001:0000e0e0       ?isQueryVertex@HeightFieldUtil@Gu@physx@@QBE_NIII@Z 1000f0e0 f i GuCCTSweepTests.obj
 0001:0000e170       ?isShapePointOnHeightField@HeightFieldUtil@Gu@physx@@QBE_NMM@Z 1000f170 f i GuCCTSweepTests.obj
 0001:0000e1d0       ?makeFeatureCode@HeightFieldUtil@Gu@physx@@SAIIW4Feature@123@@Z 1000f1d0 f i GuCCTSweepTests.obj
 0001:0000e330       ?poseExtent@PxBounds3@physx@@SA?AV12@ABVPxTransform@2@ABVPxVec3@2@@Z 1000f330 f i GuCCTSweepTests.obj
 0001:0000e530       ?sweepBoxTriangles_Precise@Gu@physx@@YA_NIPBVPxTriangle@2@_NABVPxBoxGeometry@2@ABVPxTransform@2@ABVPxVec3@2@MAAUPxSweepHit@2@PBIMV?$PxFlags@W4Enum@PxHitFlag@physx@@G@2@@Z 1000f530 f   GuCCTSweepTests.obj
 0001:0000f3d0       ?sweepBox_BoxGeom_Precise@@YA_NABVPxGeometry@physx@@ABVPxTransform@2@ABVPxBoxGeometry@2@1ABVBox@Gu@2@ABVPxVec3@2@MAAUPxSweepHit@2@V?$PxFlags@W4Enum@PxHitFlag@physx@@G@2@M@Z 100103d0 f   GuCCTSweepTests.obj
 0001:0000f5b0       ?sweepBox_CapsuleGeom_Precise@@YA_NABVPxGeometry@physx@@ABVPxTransform@2@ABVPxBoxGeometry@2@1ABVBox@Gu@2@ABVPxVec3@2@MAAUPxSweepHit@2@V?$PxFlags@W4Enum@PxHitFlag@physx@@G@2@M@Z 100105b0 f   GuCCTSweepTests.obj
 0001:0000f970       ?sweepBox_HeightFieldGeom_Precise@@YA_NABVPxGeometry@physx@@ABVPxTransform@2@ABVPxBoxGeometry@2@1ABVBox@Gu@2@ABVPxVec3@2@MAAUPxSweepHit@2@V?$PxFlags@W4Enum@PxHitFlag@physx@@G@2@M@Z 10010970 f   GuCCTSweepTests.obj
 0001:0000fb80       ?sweepBox_SphereGeom_Precise@@YA_NABVPxGeometry@physx@@ABVPxTransform@2@ABVPxBoxGeometry@2@1ABVBox@Gu@2@ABVPxVec3@2@MAAUPxSweepHit@2@V?$PxFlags@W4Enum@PxHitFlag@physx@@G@2@M@Z 10010b80 f   GuCCTSweepTests.obj
 0001:0000fe20       ?sweepCapsule_BoxGeom_Precise@@YA_NABVPxGeometry@physx@@ABVPxTransform@2@ABVPxCapsuleGeometry@2@1ABVCapsule@Gu@2@ABVPxVec3@2@MAAUPxSweepHit@2@V?$PxFlags@W4Enum@PxHitFlag@physx@@G@2@M@Z 10010e20 f   GuCCTSweepTests.obj
 0001:00010460       ?computePenetration@PxGeometryQuery@physx@@SA_NAAVPxVec3@2@AAMABVPxGeometry@2@ABVPxTransform@2@23@Z 10011460 f   GuGeometryQuery.obj
 0001:00010560       ?getWorldBounds@PxGeometryQuery@physx@@SA?AVPxBounds3@2@ABVPxGeometry@2@ABVPxTransform@2@M@Z 10011560 f   GuGeometryQuery.obj
 0001:000105c0       ?isFinite@PxQuat@physx@@QBE_NXZ 100115c0 f i GuGeometryQuery.obj
 0001:00010650       ?isValid@PxGeometryQuery@physx@@SA_NABVPxGeometry@2@@Z 10011650 f   GuGeometryQuery.obj
 0001:000108b0       ?overlap@PxGeometryQuery@physx@@SA_NABVPxGeometry@2@ABVPxTransform@2@01@Z 100118b0 f   GuGeometryQuery.obj
 0001:00010930       ?pointDistance@PxGeometryQuery@physx@@SAMABVPxVec3@2@ABVPxGeometry@2@ABVPxTransform@2@PAV32@@Z 10011930 f   GuGeometryQuery.obj
 0001:00011020       ?raycast@PxGeometryQuery@physx@@SAIABVPxVec3@2@0ABVPxGeometry@2@ABVPxTransform@2@MV?$PxFlags@W4Enum@PxHitFlag@physx@@G@2@IPIAUPxRaycastHit@2@@Z 10012020 f   GuGeometryQuery.obj
 0001:00011090       ?sweep@PxGeometryQuery@physx@@SA_NABVPxVec3@2@MABVPxGeometry@2@ABVPxTransform@2@12AAUPxSweepHit@2@V?$PxFlags@W4Enum@PxHitFlag@physx@@G@2@M@Z 10012090 f   GuGeometryQuery.obj
 0001:000114d0       ??0GeometryUnion@Gu@physx@@QAE@ABVPxGeometry@2@@Z 100124d0 f i GuGeometryUnion.obj
 0001:000114f0       ??0GeometryUnion@Gu@physx@@QAE@XZ 100124f0 f i GuGeometryUnion.obj
 0001:00011500       ??0MaterialIndicesStruct@physx@@QAE@XZ 10012500 f i GuGeometryUnion.obj
 0001:00011510       ??4GeometryUnion@Gu@physx@@QAEAAV012@ABV012@@Z 10012510 f i GuGeometryUnion.obj
 0001:00011510       ??4GeometryUnion@Gu@physx@@QAEAAV012@$$QAV012@@Z 10012510 f i GuGeometryUnion.obj
 0001:00011540       ?allocate@MaterialIndicesStruct@physx@@QAEXG@Z 10012540 f i GuGeometryUnion.obj
 0001:00011590       ?deallocate@MaterialIndicesStruct@physx@@QAEXXZ 10012590 f i GuGeometryUnion.obj
 0001:000115c0       ?getCount@BuildStats@Gu@physx@@QBEIXZ 100125c0 f i GuAABBTreeBuild.obj
 0001:000115c0       ?getType@GeometryUnion@Gu@physx@@QBE?AW4Enum@PxGeometryType@3@XZ 100125c0 f i GuGeometryUnion.obj
 0001:000115c0       ?getNumAxes@SeparatingAxes@Gu@physx@@QBEIXZ 100125c0 f i GuMTD.obj
 0001:000115d0       ?set@GeometryUnion@Gu@physx@@QAEXABVPxGeometry@3@@Z 100125d0 f   GuGeometryUnion.obj
 0001:00011790       ?computeBoundsAroundVertices@Gu@physx@@YAXAAVPxBounds3@2@IPIBVPxVec3@2@@Z 10012790 f   GuInternal.obj
 0001:00011820       ?computeBoxPoints@Gu@physx@@YAXABVPxBounds3@2@PIAVPxVec3@2@@Z 10012820 f   GuInternal.obj
 0001:000118c0       ?computeSweptBox@Gu@physx@@YAXAAVBox@12@ABVPxVec3@2@1ABVPxMat33@2@1M@Z 100128c0 f   GuInternal.obj
 0001:00011dc0       ?getPlane@Gu@physx@@YA?AVPxPlane@2@ABVPxTransform@2@@Z 10012dc0 f   GuInternal.obj
 0001:00011e60       ??0GuMeshFactory@physx@@QAE@XZ 10012e60 f   GuMeshFactory.obj
 0001:00012030       ??0TriangleMeshData@Gu@physx@@QAE@XZ 10013030 f i GuMeshFactory.obj
 0001:000120d0       ??1GuMeshFactory@physx@@MAE@XZ 100130d0 f   GuMeshFactory.obj
 0001:00012170       ??1MeshDataBase@Gu@physx@@UAE@XZ 10013170 f i GuMeshFactory.obj
 0001:00012210       ??1TriangleMeshData@Gu@physx@@UAE@XZ 10013210 f i GuMeshFactory.obj
 0001:00012290       ??_EGuMeshFactory@physx@@MAEPAXI@Z 10013290 f i GuMeshFactory.obj
 0001:00012350       ??_EBV4TriangleData@Gu@physx@@UAEPAXI@Z 10013350 f i GuMeshFactory.obj
 0001:00012350       ??_GBV4TriangleData@Gu@physx@@UAEPAXI@Z 10013350 f i GuMeshFactory.obj
 0001:000123b0       ??_EMeshDataBase@Gu@physx@@UAEPAXI@Z 100133b0 f i GuMeshFactory.obj
 0001:000123b0       ??_GMeshDataBase@Gu@physx@@UAEPAXI@Z 100133b0 f i GuMeshFactory.obj
 0001:000123f0       ??_GRTreeTriangleData@Gu@physx@@UAEPAXI@Z 100133f0 f i GuMeshFactory.obj
 0001:000123f0       ??_ERTreeTriangleData@Gu@physx@@UAEPAXI@Z 100133f0 f i GuMeshFactory.obj
 0001:00012470       ??_GTriangleMeshData@Gu@physx@@UAEPAXI@Z 10013470 f i GuMeshFactory.obj
 0001:00012470       ??_ETriangleMeshData@Gu@physx@@UAEPAXI@Z 10013470 f i GuMeshFactory.obj
 0001:000124b0       ?__global_array_delete@@YAXPAXI@Z 100134b0 f i GuMeshFactory.obj
 0001:000124c0       ?__global_delete@@YAXPAXI@Z 100134c0 f i GuMeshFactory.obj
 0001:000124d0       ?addBVHStructure@GuMeshFactory@physx@@QAEXPAVBVHStructure@Gu@2@_N@Z 100134d0 f   GuMeshFactory.obj
 0001:00012530       ?addConvexMesh@GuMeshFactory@physx@@QAEXPAVConvexMesh@Gu@2@_N@Z 10013530 f   GuMeshFactory.obj
 0001:00012590       ?addFactoryListener@GuMeshFactory@physx@@QAEXAAVGuMeshFactoryListener@2@@Z 10013590 f   GuMeshFactory.obj
 0001:000125f0       ?addHeightField@GuMeshFactory@physx@@QAEXPAVHeightField@Gu@2@_N@Z 100135f0 f   GuMeshFactory.obj
 0001:00012650       ?addTriangleMesh@GuMeshFactory@physx@@QAEXPAVTriangleMesh@Gu@2@_N@Z 10013650 f   GuMeshFactory.obj
 0001:000126b0       ?create@?$HashBase@PAVConvexMesh@Gu@physx@@PAV123@U?$Hash@PAVConvexMesh@Gu@physx@@@shdfnd@3@UGetKey@?$HashSetBase@PAVConvexMesh@Gu@physx@@U?$Hash@PAVConvexMesh@Gu@physx@@@shdfnd@3@VNonTrackingAllocator@53@$00@internal@53@VNonTrackingAllocator@53@$00@internal@shdfnd@physx@@QAEPAPAVConvexMesh@Gu@4@ABQAV564@AA_N@Z 100136b0 f i GuMeshFactory.obj
 0001:000126b0       ?create@?$HashBase@PAVTriangleMesh@Gu@physx@@PAV123@U?$Hash@PAVTriangleMesh@Gu@physx@@@shdfnd@3@UGetKey@?$HashSetBase@PAVTriangleMesh@Gu@physx@@U?$Hash@PAVTriangleMesh@Gu@physx@@@shdfnd@3@VNonTrackingAllocator@53@$00@internal@53@VNonTrackingAllocator@53@$00@internal@shdfnd@physx@@QAEPAPAVTriangleMesh@Gu@4@ABQAV564@AA_N@Z 100136b0 f i GuMeshFactory.obj
 0001:000126b0       ?create@?$HashBase@PAVHeightField@Gu@physx@@PAV123@U?$Hash@PAVHeightField@Gu@physx@@@shdfnd@3@UGetKey@?$HashSetBase@PAVHeightField@Gu@physx@@U?$Hash@PAVHeightField@Gu@physx@@@shdfnd@3@VNonTrackingAllocator@53@$00@internal@53@VNonTrackingAllocator@53@$00@internal@shdfnd@physx@@QAEPAPAVHeightField@Gu@4@ABQAV564@AA_N@Z 100136b0 f i GuMeshFactory.obj
 0001:000126b0       ?create@?$HashBase@PAVBVHStructure@Gu@physx@@PAV123@U?$Hash@PAVBVHStructure@Gu@physx@@@shdfnd@3@UGetKey@?$HashSetBase@PAVBVHStructure@Gu@physx@@U?$Hash@PAVBVHStructure@Gu@physx@@@shdfnd@3@VNonTrackingAllocator@53@$00@internal@53@VNonTrackingAllocator@53@$00@internal@shdfnd@physx@@QAEPAPAVBVHStructure@Gu@4@ABQAV564@AA_N@Z 100136b0 f i GuMeshFactory.obj
 0001:000127e0       ?createBVHStructure@GuMeshFactory@physx@@IAEPAVPxBVHStructure@2@AAUBVHStructureData@Gu@2@@Z 100137e0 f   GuMeshFactory.obj
 0001:000128a0       ?createBVHStructure@GuMeshFactory@physx@@QAEPAVPxBVHStructure@2@AAVPxInputStream@2@@Z 100138a0 f   GuMeshFactory.obj
 0001:00012980       ?createBVHStructure@GuMeshFactory@physx@@QAEPAVPxBVHStructure@2@PAX@Z 10013980 f   GuMeshFactory.obj
 0001:00012990       ?createConvexMesh@GuMeshFactory@physx@@IAEPAVPxConvexMesh@2@AAUConvexHullInitData@Gu@2@@Z 10013990 f   GuMeshFactory.obj
 0001:00012a50       ?createConvexMesh@GuMeshFactory@physx@@QAEPAVPxConvexMesh@2@AAVPxInputStream@2@@Z 10013a50 f   GuMeshFactory.obj
 0001:00012b30       ?createConvexMesh@GuMeshFactory@physx@@QAEPAVPxConvexMesh@2@PAX@Z 10013b30 f   GuMeshFactory.obj
 0001:00012b40       ?createHeightField@GuMeshFactory@physx@@QAEPAVPxHeightField@2@AAVPxInputStream@2@@Z 10013b40 f   GuMeshFactory.obj
 0001:00012c20       ?createHeightField@GuMeshFactory@physx@@QAEPAVPxHeightField@2@PAX@Z 10013c20 f   GuMeshFactory.obj
 0001:00012ce0       ?createTriangleMesh@GuMeshFactory@physx@@IAEPAVPxTriangleMesh@2@AAVTriangleMeshData@Gu@2@@Z 10013ce0 f   GuMeshFactory.obj
 0001:00012e10       ?createTriangleMesh@GuMeshFactory@physx@@QAEPAVPxTriangleMesh@2@AAVPxInputStream@2@@Z 10013e10 f   GuMeshFactory.obj
 0001:00012e50       ?createTriangleMesh@GuMeshFactory@physx@@QAEPAVPxTriangleMesh@2@PAX@Z 10013e50 f   GuMeshFactory.obj
 0001:00012e60       ?erase@?$HashBase@PAVHeightField@Gu@physx@@PAV123@U?$Hash@PAVHeightField@Gu@physx@@@shdfnd@3@UGetKey@?$HashSetBase@PAVHeightField@Gu@physx@@U?$Hash@PAVHeightField@Gu@physx@@@shdfnd@3@VNonTrackingAllocator@53@$00@internal@53@VNonTrackingAllocator@53@$00@internal@shdfnd@physx@@QAE_NABQAVHeightField@Gu@4@@Z 10013e60 f i GuMeshFactory.obj
 0001:00012e60       ?erase@?$HashBase@PAVConvexMesh@Gu@physx@@PAV123@U?$Hash@PAVConvexMesh@Gu@physx@@@shdfnd@3@UGetKey@?$HashSetBase@PAVConvexMesh@Gu@physx@@U?$Hash@PAVConvexMesh@Gu@physx@@@shdfnd@3@VNonTrackingAllocator@53@$00@internal@53@VNonTrackingAllocator@53@$00@internal@shdfnd@physx@@QAE_NABQAVConvexMesh@Gu@4@@Z 10013e60 f i GuMeshFactory.obj
 0001:00012e60       ?erase@?$HashBase@PAVTriangleMesh@Gu@physx@@PAV123@U?$Hash@PAVTriangleMesh@Gu@physx@@@shdfnd@3@UGetKey@?$HashSetBase@PAVTriangleMesh@Gu@physx@@U?$Hash@PAVTriangleMesh@Gu@physx@@@shdfnd@3@VNonTrackingAllocator@53@$00@internal@53@VNonTrackingAllocator@53@$00@internal@shdfnd@physx@@QAE_NABQAVTriangleMesh@Gu@4@@Z 10013e60 f i GuMeshFactory.obj
 0001:00012e60       ?erase@?$HashBase@PAVBVHStructure@Gu@physx@@PAV123@U?$Hash@PAVBVHStructure@Gu@physx@@@shdfnd@3@UGetKey@?$HashSetBase@PAVBVHStructure@Gu@physx@@U?$Hash@PAVBVHStructure@Gu@physx@@@shdfnd@3@VNonTrackingAllocator@53@$00@internal@53@VNonTrackingAllocator@53@$00@internal@shdfnd@physx@@QAE_NABQAVBVHStructure@Gu@4@@Z 10013e60 f i GuMeshFactory.obj
 0001:00012f60       ?getBVHStructures@GuMeshFactory@physx@@QBEIPAPAVPxBVHStructure@2@II@Z 10013f60 f   GuMeshFactory.obj
 0001:00012fd0       ?getConvexMeshes@GuMeshFactory@physx@@QBEIPAPAVPxConvexMesh@2@II@Z 10013fd0 f   GuMeshFactory.obj
 0001:00013030       ?getHeightFields@GuMeshFactory@physx@@QBEIPAPAVPxHeightField@2@II@Z 10014030 f   GuMeshFactory.obj
 0001:00013090       ?getNbBVHStructures@GuMeshFactory@physx@@QBEIXZ 10014090 f   GuMeshFactory.obj
 0001:000130c0       ?getNbConvexMeshes@GuMeshFactory@physx@@QBEIXZ 100140c0 f   GuMeshFactory.obj
 0001:000130e0       ?getNbHeightFields@GuMeshFactory@physx@@QBEIXZ 100140e0 f   GuMeshFactory.obj
 0001:00013100       ?getNbTriangleMeshes@GuMeshFactory@physx@@QBEIXZ 10014100 f   GuMeshFactory.obj
 0001:00013120       ?getTriangleMeshes@GuMeshFactory@physx@@QBEIPAPAVPxTriangleMesh@2@II@Z 10014120 f   GuMeshFactory.obj
 0001:00013180       ?growAndPushBack@?$Array@PAVGuMeshFactoryListener@physx@@V?$ReflectionAllocator@PAVGuMeshFactoryListener@physx@@@shdfnd@2@@shdfnd@physx@@IAEAAPAVGuMeshFactoryListener@3@ABQAV43@@Z 10014180 f i GuMeshFactory.obj
 0001:00013ef0       ?notifyFactoryListener@GuMeshFactory@physx@@QAEXPBVPxBase@2@G@Z 10014ef0 f   GuMeshFactory.obj
 0001:00013f30       ?release@GuMeshFactory@physx@@QAEXXZ 10014f30 f   GuMeshFactory.obj
 0001:00013fb0       ?removeBVHStructure@GuMeshFactory@physx@@QAE_NAAVPxBVHStructure@2@@Z 10014fb0 f   GuMeshFactory.obj
 0001:00013ff0       ?removeConvexMesh@GuMeshFactory@physx@@QAE_NAAVPxConvexMesh@2@@Z 10014ff0 f   GuMeshFactory.obj
 0001:00014030       ?removeFactoryListener@GuMeshFactory@physx@@QAEXAAVGuMeshFactoryListener@2@@Z 10015030 f   GuMeshFactory.obj
 0001:00014090       ?removeHeightField@GuMeshFactory@physx@@QAE_NAAVPxHeightField@2@@Z 10015090 f   GuMeshFactory.obj
 0001:000140d0       ?removeTriangleMesh@GuMeshFactory@physx@@QAE_NAAVPxTriangleMesh@2@@Z 100150d0 f   GuMeshFactory.obj
 0001:00014110       ?reserveInternal@?$HashBase@PAVBVHStructure@Gu@physx@@PAV123@U?$Hash@PAVBVHStructure@Gu@physx@@@shdfnd@3@UGetKey@?$HashSetBase@PAVBVHStructure@Gu@physx@@U?$Hash@PAVBVHStructure@Gu@physx@@@shdfnd@3@VNonTrackingAllocator@53@$00@internal@53@VNonTrackingAllocator@53@$00@internal@shdfnd@physx@@AAEXI@Z 10015110 f i GuMeshFactory.obj
 0001:00014110       ?reserveInternal@?$HashBase@PAVConvexMesh@Gu@physx@@PAV123@U?$Hash@PAVConvexMesh@Gu@physx@@@shdfnd@3@UGetKey@?$HashSetBase@PAVConvexMesh@Gu@physx@@U?$Hash@PAVConvexMesh@Gu@physx@@@shdfnd@3@VNonTrackingAllocator@53@$00@internal@53@VNonTrackingAllocator@53@$00@internal@shdfnd@physx@@AAEXI@Z 10015110 f i GuMeshFactory.obj
 0001:00014110       ?reserveInternal@?$HashBase@PAVTriangleMesh@Gu@physx@@PAV123@U?$Hash@PAVTriangleMesh@Gu@physx@@@shdfnd@3@UGetKey@?$HashSetBase@PAVTriangleMesh@Gu@physx@@U?$Hash@PAVTriangleMesh@Gu@physx@@@shdfnd@3@VNonTrackingAllocator@53@$00@internal@53@VNonTrackingAllocator@53@$00@internal@shdfnd@physx@@AAEXI@Z 10015110 f i GuMeshFactory.obj
 0001:00014110       ?reserveInternal@?$HashBase@PAVHeightField@Gu@physx@@PAV123@U?$Hash@PAVHeightField@Gu@physx@@@shdfnd@3@UGetKey@?$HashSetBase@PAVHeightField@Gu@physx@@U?$Hash@PAVHeightField@Gu@physx@@@shdfnd@3@VNonTrackingAllocator@53@$00@internal@53@VNonTrackingAllocator@53@$00@internal@shdfnd@physx@@AAEXI@Z 10015110 f i GuMeshFactory.obj
 0001:000142b0       ??4BigConvexData@physx@@QAEAAV01@ABV01@@Z 100152b0 f i GuMetaData.obj
 0001:000142d0       ?getNbBounds@BVHStructure@Gu@physx@@UBEIXZ 100152d0 f i GuBVHStructure.obj
 0001:000142d0       ?GetAdjacentVerts@BigConvexData@physx@@QBEPBEXZ 100152d0 f i GuMetaData.obj
 0001:000142d0       ?getNbTriangles@TriangleMesh@Gu@physx@@UBEIXZ 100152d0 f i GuTriangleMesh.obj
 0001:000142e0       ?GetNbNeighbors@BigConvexData@physx@@QBEGI@Z 100152e0 f i GuMetaData.obj
 0001:000142e0       ?GetValency@BigConvexData@physx@@QBEGI@Z 100152e0 f i GuMetaData.obj
 0001:000142f0       ?GetNbSamples@BigConvexData@physx@@QBEIXZ 100152f0 f i GuMetaData.obj
 0001:00014300       ?GetNeighbors@BigConvexData@physx@@QBEPBEI@Z 10015300 f i GuMetaData.obj
 0001:00014320       ?GetOffset@BigConvexData@physx@@QBEGI@Z 10015320 f i GuMetaData.obj
 0001:00014330       ?GetSubdiv@BigConvexData@physx@@QBEIXZ 10015330 f i GuMetaData.obj
 0001:00014340       ?getBinaryMetaData@BV4Tree@Gu@physx@@SAXAAVPxOutputStream@3@@Z 10015340 f   GuMetaData.obj
 0001:00014790       ?getBinaryMetaData@BV4TriangleMesh@Gu@physx@@SAXAAVPxOutputStream@3@@Z 10015790 f   GuMetaData.obj
 0001:00014b00       ?getBinaryMetaData@BigConvexData@physx@@SAXAAVPxOutputStream@2@@Z 10015b00 f   GuMetaData.obj
 0001:00014e80       ?getBinaryMetaData@ConvexMesh@Gu@physx@@SAXAAVPxOutputStream@3@@Z 10015e80 f   GuMetaData.obj
 0001:000156c0       ?getBinaryMetaData@GeometryUnion@Gu@physx@@SAXAAVPxOutputStream@3@@Z 100166c0 f   GuMetaData.obj
 0001:00015fb0       ?getBinaryMetaData@HeightField@Gu@physx@@SAXAAVPxOutputStream@3@@Z 10016fb0 f   GuMetaData.obj
 0001:000164f0       ?getBinaryMetaData@MaterialIndicesStruct@physx@@SAXAAVPxOutputStream@2@@Z 100174f0 f   GuMetaData.obj
 0001:00016680       ?getBinaryMetaData@RTree@Gu@physx@@SAXAAVPxOutputStream@3@@Z 10017680 f   GuMetaData.obj
 0001:00016a80       ?getBinaryMetaData@RTreeTriangleMesh@Gu@physx@@SAXAAVPxOutputStream@3@@Z 10017a80 f   GuMetaData.obj
 0001:00017470       ?getBinaryMetaData@TriangleMesh@Gu@physx@@SAXAAVPxOutputStream@3@@Z 10018470 f   GuMetaData.obj
 0001:00018d00       ?doSupport@?$SupportLocalImpl@VConvexHullV@Gu@physx@@@Gu@physx@@UBE?AT__m128@@ABT4@@Z 10019d00 f i GuMTD.obj
 0001:00018db0       ?doSupport@?$SupportLocalImpl@VConvexHullV@Gu@physx@@@Gu@physx@@UBEXABT__m128@@AAT4@1@Z 10019db0 f i GuMTD.obj
 0001:000190d0       ?populateVerts@?$SupportLocalImpl@VConvexHullV@Gu@physx@@@Gu@physx@@UBEXPBEIPBVPxVec3@3@PAT__m128@@@Z 1001a0d0 f i GuMTD.obj
 0001:00019140       ??_G?$SupportLocalImpl@VTriangleV@Gu@physx@@@Gu@physx@@UAEPAXI@Z 1001a140 f i GuPCMContactConvexCommon.obj
 0001:00019140       ??_E?$SupportLocalImpl@VConvexHullV@Gu@physx@@@Gu@physx@@UAEPAXI@Z 1001a140 f i GuMTD.obj
 0001:00019140       ??_G?$SupportLocalImpl@VConvexHullNoScaleV@Gu@physx@@@Gu@physx@@UAEPAXI@Z 1001a140 f i GuMTD.obj
 0001:00019140       ??_E?$SupportLocalImpl@VBoxV@Gu@physx@@@Gu@physx@@UAEPAXI@Z 1001a140 f i GuMTD.obj
 0001:00019140       ??_E?$SupportLocalImpl@VConvexHullNoScaleV@Gu@physx@@@Gu@physx@@UAEPAXI@Z 1001a140 f i GuMTD.obj
 0001:00019140       ??_E?$SupportLocalImpl@VTriangleV@Gu@physx@@@Gu@physx@@UAEPAXI@Z 1001a140 f i GuPCMContactConvexCommon.obj
 0001:00019140       ??_G?$SupportLocalImpl@VBoxV@Gu@physx@@@Gu@physx@@UAEPAXI@Z 1001a140 f i GuMTD.obj
 0001:00019140       ??_G?$SupportLocalImpl@VConvexHullV@Gu@physx@@@Gu@physx@@UAEPAXI@Z 1001a140 f i GuMTD.obj
 0001:00019170       ?doSupport@?$SupportLocalImpl@VConvexHullNoScaleV@Gu@physx@@@Gu@physx@@UBE?AT__m128@@ABT4@@Z 1001a170 f i GuMTD.obj
 0001:000191a0       ?doSupport@?$SupportLocalImpl@VConvexHullNoScaleV@Gu@physx@@@Gu@physx@@UBEXABT__m128@@AAT4@1@Z 1001a1a0 f i GuMTD.obj
 0001:000192f0       ?populateVerts@?$SupportLocalImpl@VBoxV@Gu@physx@@@Gu@physx@@UBEXPBEIPBVPxVec3@3@PAT__m128@@@Z 1001a2f0 f i GuMTD.obj
 0001:000192f0       ?populateVerts@?$SupportLocalImpl@VConvexHullNoScaleV@Gu@physx@@@Gu@physx@@UBEXPBEIPBVPxVec3@3@PAT__m128@@@Z 1001a2f0 f i GuMTD.obj
 0001:00019330       ?doSupport@?$SupportLocalImpl@VBoxV@Gu@physx@@@Gu@physx@@UBE?AT__m128@@ABT4@@Z 1001a330 f i GuMTD.obj
 0001:00019360       ?doSupport@?$SupportLocalImpl@VBoxV@Gu@physx@@@Gu@physx@@UBEXABT__m128@@AAT4@1@Z 1001a360 f i GuMTD.obj
 0001:000193c0       ??_ESupportLocal@Gu@physx@@UAEPAXI@Z 1001a3c0 f i GuMTD.obj
 0001:000193c0       ??_GSupportLocal@Gu@physx@@UAEPAXI@Z 1001a3c0 f i GuMTD.obj
 0001:0001ae50       ??$gjk@U?$LocalConvex@VCapsuleV@Gu@physx@@@Gu@physx@@U?$LocalConvex@VConvexHullV@Gu@physx@@@23@@Gu@physx@@YA?AW4GjkStatus@01@ABU?$LocalConvex@VCapsuleV@Gu@physx@@@01@ABU?$LocalConvex@VConvexHullV@Gu@physx@@@01@ABT__m128@@2AAT5@333@Z 1001be50 f i GuMTD.obj
 0001:0001bce0       ??0MultiplePersistentContactManifold@Gu@physx@@QAE@XZ 1001cce0 f i GuMTD.obj
 0001:0001bd60       ??0PolygonalBox@Gu@physx@@QAE@ABV012@@Z 1001cd60 f i GuMTD.obj
 0001:0001bfe0       ??0SeparatingAxes@Gu@physx@@QAE@$$QAV012@@Z 1001cfe0 f i GuMTD.obj
 0001:0001bfe0       ??0SeparatingAxes@Gu@physx@@QAE@ABV012@@Z 1001cfe0 f i GuMTD.obj
 0001:0001c0a0       ??0SeparatingAxes@Gu@physx@@QAE@XZ 1001d0a0 f i GuMTD.obj
 0001:0001c0b0       ??4MultiplePersistentContactManifold@Gu@physx@@QAEAAV012@$$QAV012@@Z 1001d0b0 f i GuMTD.obj
 0001:0001c1a0       ??4MultiplePersistentContactManifold@Gu@physx@@QAEAAV012@ABV012@@Z 1001d1a0 f i GuMTD.obj
 0001:0001c1c0       ??4SeparatingAxes@Gu@physx@@QAEAAV012@$$QAV012@@Z 1001d1c0 f i GuMTD.obj
 0001:0001c1c0       ??4SeparatingAxes@Gu@physx@@QAEAAV012@ABV012@@Z 1001d1c0 f i GuMTD.obj
 0001:0001c290       ??_EGjkConvexBase@Gu@physx@@UAEPAXI@Z 1001d290 f i GuMTD.obj
 0001:0001c290       ??_G?$LocalConvex@VConvexHullV@Gu@physx@@@Gu@physx@@UAEPAXI@Z 1001d290 f i GuMTD.obj
 0001:0001c290       ??_E?$LocalConvex@VConvexHullV@Gu@physx@@@Gu@physx@@UAEPAXI@Z 1001d290 f i GuMTD.obj
 0001:0001c290       ??_E?$LocalConvex@VConvexHullNoScaleV@Gu@physx@@@Gu@physx@@UAEPAXI@Z 1001d290 f i GuPCMContactBoxConvex.obj
 0001:0001c290       ??_G?$LocalConvex@VConvexHullNoScaleV@Gu@physx@@@Gu@physx@@UAEPAXI@Z 1001d290 f i GuPCMContactBoxConvex.obj
 0001:0001c290       ??_E?$LocalConvex@VBoxV@Gu@physx@@@Gu@physx@@UAEPAXI@Z 1001d290 f i GuSweepTests.obj
 0001:0001c290       ??_G?$LocalConvex@VCapsuleV@Gu@physx@@@Gu@physx@@UAEPAXI@Z 1001d290 f i GuMTD.obj
 0001:0001c290       ??_GGjkConvexBase@Gu@physx@@UAEPAXI@Z 1001d290 f i GuMTD.obj
 0001:0001c290       ??_G?$LocalConvex@VTriangleV@Gu@physx@@@Gu@physx@@UAEPAXI@Z 1001d290 f i GuSweepTests.obj
 0001:0001c290       ??_E?$LocalConvex@VTriangleV@Gu@physx@@@Gu@physx@@UAEPAXI@Z 1001d290 f i GuSweepTests.obj
 0001:0001c290       ??_G?$LocalConvex@VBoxV@Gu@physx@@@Gu@physx@@UAEPAXI@Z 1001d290 f i GuSweepTests.obj
 0001:0001c290       ??_E?$LocalConvex@VCapsuleV@Gu@physx@@@Gu@physx@@UAEPAXI@Z 1001d290 f i GuMTD.obj
 0001:0001c8a0       ?clearManifold@MultiplePersistentContactManifold@Gu@physx@@QAEXXZ 1001d8a0 f i GuMTD.obj
 0001:000206e0       ?getAxes@SeparatingAxes@Gu@physx@@QBEPBVPxVec3@3@XZ 100216e0 f i GuMTD.obj
 0001:000206f0       ?getCenter@?$LocalConvex@VConvexHullNoScaleV@Gu@physx@@@Gu@physx@@UBE?AT__m128@@XZ 100216f0 f i GuPCMContactBoxConvex.obj
 0001:000206f0       ?getCenter@?$LocalConvex@VTriangleV@Gu@physx@@@Gu@physx@@UBE?AT__m128@@XZ 100216f0 f i GuSweepTests.obj
 0001:000206f0       ?getCenter@?$LocalConvex@VBoxV@Gu@physx@@@Gu@physx@@UBE?AT__m128@@XZ 100216f0 f i GuSweepTests.obj
 0001:000206f0       ?getCenter@?$LocalConvex@VCapsuleV@Gu@physx@@@Gu@physx@@UBE?AT__m128@@XZ 100216f0 f i GuMTD.obj
 0001:000206f0       ?getCenter@?$LocalConvex@VConvexHullV@Gu@physx@@@Gu@physx@@UBE?AT__m128@@XZ 100216f0 f i GuMTD.obj
 0001:00020700       ?getEmptyManifold@MultiplePersistentContactManifold@Gu@physx@@QAEPAVSinglePersistentContactManifold@23@XZ 10021700 f i GuMTD.obj
 0001:00020720       ?getManifold@MultiplePersistentContactManifold@Gu@physx@@QAEPAVSinglePersistentContactManifold@23@I@Z 10021720 f i GuMTD.obj
 0001:00020740       ?getSweepMargin@?$RelativeConvex@VCapsuleV@Gu@physx@@@Gu@physx@@UBE?AT__m128@@XZ 10021740 f i GuCCDSweepPrimitives.obj
 0001:00020740       ?getSweepMargin@?$LocalConvex@VCapsuleV@Gu@physx@@@Gu@physx@@UBE?AT__m128@@XZ 10021740 f i GuMTD.obj
 0001:00020750       ?getSweepMargin@?$RelativeConvex@VConvexHullV@Gu@physx@@@Gu@physx@@UBE?AT__m128@@XZ 10021750 f i GuOverlapTests.obj
 0001:00020750       ?getSweepMargin@?$LocalConvex@VConvexHullNoScaleV@Gu@physx@@@Gu@physx@@UBE?AT__m128@@XZ 10021750 f i GuPCMContactBoxConvex.obj
 0001:00020750       ?getSweepMargin@?$LocalConvex@VConvexHullV@Gu@physx@@@Gu@physx@@UBE?AT__m128@@XZ 10021750 f i GuMTD.obj
 0001:00020750       ?getSweepMargin@?$RelativeConvex@VBoxV@Gu@physx@@@Gu@physx@@UBE?AT__m128@@XZ 10021750 f i GuOverlapTests.obj
 0001:00020750       ?getSweepMargin@?$RelativeConvex@VConvexHullNoScaleV@Gu@physx@@@Gu@physx@@UBE?AT__m128@@XZ 10021750 f i GuPCMContactConvexConvex.obj
 0001:00020750       ?getSweepMargin@?$LocalConvex@VBoxV@Gu@physx@@@Gu@physx@@UBE?AT__m128@@XZ 10021750 f i GuSweepTests.obj
 0001:00020770       ?hillClimbing@ConvexHullV@Gu@physx@@QBEIABT__m128@@@Z 10021770 f i GuMTD.obj
 0001:00020a30       ?initialize@MultiplePersistentContactManifold@Gu@physx@@QAEXXZ 10021a30 f i GuMTD.obj
 0001:00020aa0       ?invalidate@MultiplePersistentContactManifold@Gu@physx@@QAEIABVPsTransformV@aos@shdfnd@3@ABT__m128@@1@Z 10021aa0 f i GuMTD.obj
 0001:00020b30       ?invalidate@MultiplePersistentContactManifold@Gu@physx@@QAEIABVPsTransformV@aos@shdfnd@3@ABT__m128@@@Z 10021b30 f i GuMTD.obj
 0001:00020bc0       ?maxTransformPositionDelta@MultiplePersistentContactManifold@Gu@physx@@QAE?AT__m128@@ABT4@@Z 10021bc0 f i GuMTD.obj
 0001:00020c00       ?maxTransformQuatDelta@MultiplePersistentContactManifold@Gu@physx@@QAE?AT__m128@@ABT4@@Z 10021c00 f i GuMTD.obj
 0001:00020c40       ?pointConvexDistance@@YA_NAAVPxVec3@physx@@0AAMABV12@PBVConvexMesh@Gu@2@ABVPxMeshScale@2@ABVPxTransform@2@@Z 10021c40 f   GuMTD.obj
 0001:00021810       ?reduceManifoldContactsInDifferentPatches@MultiplePersistentContactManifold@Gu@physx@@QAEIPAPAUPCMContactPatch@23@IPAVMeshPersistentContact@23@IABT__m128@@@Z 10022810 f i GuMTD.obj
 0001:00021970       ?refineContactPatchConnective@MultiplePersistentContactManifold@Gu@physx@@QAEXPAPAUPCMContactPatch@23@IPAVMeshPersistentContact@23@ABT__m128@@@Z 10022970 f i GuMTD.obj
 0001:00021a30       ?refreshManifold@MultiplePersistentContactManifold@Gu@physx@@QAEXABVPsMatTransformV@aos@shdfnd@3@ABT__m128@@1@Z 10022a30 f i GuMTD.obj
 0001:00021b10       ?reset@SeparatingAxes@Gu@physx@@QAEXXZ 10022b10 f i GuMTD.obj
 0001:00021b20       ?setRelativeTransform@MultiplePersistentContactManifold@Gu@physx@@QAEXABVPsTransformV@aos@shdfnd@3@@Z 10022b20 f i GuMTD.obj
 0001:00021b40       ?support@?$LocalConvex@VCapsuleV@Gu@physx@@@Gu@physx@@UBE?AT__m128@@ABT4@@Z 10022b40 f i GuMTD.obj
 0001:00021ba0       ?support@?$LocalConvex@VCapsuleV@Gu@physx@@@Gu@physx@@UBE?AT__m128@@ABT4@AAH@Z 10022ba0 f i GuMTD.obj
 0001:00021c20       ?support@?$LocalConvex@VConvexHullV@Gu@physx@@@Gu@physx@@UBE?AT__m128@@ABT4@@Z 10022c20 f i GuMTD.obj
 0001:00021cd0       ?support@?$LocalConvex@VConvexHullV@Gu@physx@@@Gu@physx@@UBE?AT__m128@@ABT4@AAH@Z 10022cd0 f i GuMTD.obj
 0001:00021d80       ?supportPoint@?$LocalConvex@VCapsuleV@Gu@physx@@@Gu@physx@@UBE?AT__m128@@H@Z 10022d80 f i GuMTD.obj
 0001:00021da0       ?supportPoint@?$LocalConvex@VConvexHullV@Gu@physx@@@Gu@physx@@UBE?AT__m128@@H@Z 10022da0 f i GuMTD.obj
 0001:00021df0       ?supportVertexIndex@ConvexHullV@Gu@physx@@QBEIABT__m128@@@Z 10022df0 f i GuMTD.obj
 0001:00021ea0       ?toBuffer@MultiplePersistentContactManifold@Gu@physx@@QAEXPIAE@Z 10022ea0 f i GuMTD.obj
 0001:00021f80       ?supportPoint@?$RelativeConvex@VBoxV@Gu@physx@@@Gu@physx@@UBE?AT__m128@@H@Z 10022f80 f i GuOverlapTests.obj
 0001:00021fe0       ?support@?$RelativeConvex@VBoxV@Gu@physx@@@Gu@physx@@UBE?AT__m128@@ABT4@@Z 10022fe0 f i GuOverlapTests.obj
 0001:00022060       ?support@?$RelativeConvex@VBoxV@Gu@physx@@@Gu@physx@@UBE?AT__m128@@ABT4@AAH@Z 10023060 f i GuOverlapTests.obj
 0001:000220f0       ?getCenter@?$RelativeConvex@VConvexHullNoScaleV@Gu@physx@@@Gu@physx@@UBE?AT__m128@@XZ 100230f0 f i GuPCMContactConvexConvex.obj
 0001:000220f0       ?getCenter@?$RelativeConvex@VTriangleV@Gu@physx@@@Gu@physx@@UBE?AT__m128@@XZ 100230f0 f i GuCCDSweepPrimitives.obj
 0001:000220f0       ?getCenter@?$RelativeConvex@VBoxV@Gu@physx@@@Gu@physx@@UBE?AT__m128@@XZ 100230f0 f i GuOverlapTests.obj
 0001:000220f0       ?getCenter@?$RelativeConvex@VCapsuleV@Gu@physx@@@Gu@physx@@UBE?AT__m128@@XZ 100230f0 f i GuCCDSweepPrimitives.obj
 0001:000220f0       ?getCenter@?$RelativeConvex@VConvexHullV@Gu@physx@@@Gu@physx@@UBE?AT__m128@@XZ 100230f0 f i GuOverlapTests.obj
 0001:00022130       ??_E?$RelativeConvex@VBoxV@Gu@physx@@@Gu@physx@@UAEPAXI@Z 10023130 f i GuOverlapTests.obj
 0001:00022130       ??_G?$RelativeConvex@VBoxV@Gu@physx@@@Gu@physx@@UAEPAXI@Z 10023130 f i GuOverlapTests.obj
 0001:00022130       ??_G?$RelativeConvex@VConvexHullV@Gu@physx@@@Gu@physx@@UAEPAXI@Z 10023130 f i GuOverlapTests.obj
 0001:00022130       ??_E?$RelativeConvex@VCapsuleV@Gu@physx@@@Gu@physx@@UAEPAXI@Z 10023130 f i GuCCDSweepPrimitives.obj
 0001:00022130       ??_G?$RelativeConvex@VConvexHullNoScaleV@Gu@physx@@@Gu@physx@@UAEPAXI@Z 10023130 f i GuPCMContactConvexConvex.obj
 0001:00022130       ??_G?$RelativeConvex@VTriangleV@Gu@physx@@@Gu@physx@@UAEPAXI@Z 10023130 f i GuCCDSweepPrimitives.obj
 0001:00022130       ??_E?$RelativeConvex@VConvexHullV@Gu@physx@@@Gu@physx@@UAEPAXI@Z 10023130 f i GuOverlapTests.obj
 0001:00022130       ??_E?$RelativeConvex@VConvexHullNoScaleV@Gu@physx@@@Gu@physx@@UAEPAXI@Z 10023130 f i GuPCMContactConvexConvex.obj
 0001:00022130       ??_G?$RelativeConvex@VCapsuleV@Gu@physx@@@Gu@physx@@UAEPAXI@Z 10023130 f i GuCCDSweepPrimitives.obj
 0001:00022130       ??_E?$RelativeConvex@VTriangleV@Gu@physx@@@Gu@physx@@UAEPAXI@Z 10023130 f i GuCCDSweepPrimitives.obj
 0001:000244e0       ?supportPoint@?$RelativeConvex@VConvexHullV@Gu@physx@@@Gu@physx@@UBE?AT__m128@@H@Z 100254e0 f i GuOverlapTests.obj
 0001:00024560       ?support@?$RelativeConvex@VConvexHullV@Gu@physx@@@Gu@physx@@UBE?AT__m128@@ABT4@@Z 10025560 f i GuOverlapTests.obj
 0001:00024660       ?support@?$RelativeConvex@VConvexHullV@Gu@physx@@@Gu@physx@@UBE?AT__m128@@ABT4@AAH@Z 10025660 f i GuOverlapTests.obj
 0001:00024790       ??$gjk@U?$RelativeConvex@VBoxV@Gu@physx@@@Gu@physx@@U?$LocalConvex@VConvexHullV@Gu@physx@@@23@@Gu@physx@@YA?AW4GjkStatus@01@ABU?$RelativeConvex@VBoxV@Gu@physx@@@01@ABU?$LocalConvex@VConvexHullV@Gu@physx@@@01@ABT__m128@@2AAT5@333@Z 10025790 f i GuOverlapTests.obj
 0001:00025660       ??$gjk@U?$RelativeConvex@VConvexHullV@Gu@physx@@@Gu@physx@@U?$LocalConvex@VConvexHullV@Gu@physx@@@23@@Gu@physx@@YA?AW4GjkStatus@01@ABU?$RelativeConvex@VConvexHullV@Gu@physx@@@01@ABU?$LocalConvex@VConvexHullV@Gu@physx@@@01@ABT__m128@@2AAT5@333@Z 10026660 f i GuOverlapTests.obj
 0001:000265a0       ?ComputeCubemapNearestOffset@physx@@YAIABVPxVec3@1@I@Z 100275a0 f i GuOverlapTests.obj
 0001:000266e0       ?getOverlapFuncTable@Gu@physx@@YAPAY06Q6A_NABVPxGeometry@2@ABVPxTransform@2@01PAUTriggerCache@12@@ZXZ 100276e0 f   GuOverlapTests.obj
 0001:000282c0       ?registerHeightFields@Gu@physx@@YAXXZ 100292c0 f   GuOverlapTests.obj
 0001:00028300       ?raycast_box@@YAIABVPxGeometry@physx@@ABVPxTransform@2@ABVPxVec3@2@2MV?$PxFlags@W4Enum@PxHitFlag@physx@@G@2@IPIAUPxRaycastHit@2@@Z 10029300 f   GuRaycastTests.obj
 0001:00028940       ?raycast_sphere@@YAIABVPxGeometry@physx@@ABVPxTransform@2@ABVPxVec3@2@2MV?$PxFlags@W4Enum@PxHitFlag@physx@@G@2@IPIAUPxRaycastHit@2@@Z 10029940 f   GuRaycastTests.obj
 0001:00028ab0       ?raycast_capsule@@YAIABVPxGeometry@physx@@ABVPxTransform@2@ABVPxVec3@2@2MV?$PxFlags@W4Enum@PxHitFlag@physx@@G@2@IPIAUPxRaycastHit@2@@Z 10029ab0 f   GuRaycastTests.obj
 0001:00028fb0       ?raycast_plane@@YAIABVPxGeometry@physx@@ABVPxTransform@2@ABVPxVec3@2@2MV?$PxFlags@W4Enum@PxHitFlag@physx@@G@2@IPIAUPxRaycastHit@2@@Z 10029fb0 f   GuRaycastTests.obj
 0001:000290e0       ?raycast_convexMesh@@YAIABVPxGeometry@physx@@ABVPxTransform@2@ABVPxVec3@2@2MV?$PxFlags@W4Enum@PxHitFlag@physx@@G@2@IPIAUPxRaycastHit@2@@Z 1002a0e0 f   GuRaycastTests.obj
 0001:00029db0       ?raycast_triangleMesh@@YAIABVPxGeometry@physx@@ABVPxTransform@2@ABVPxVec3@2@2MV?$PxFlags@W4Enum@PxHitFlag@physx@@G@2@IPIAUPxRaycastHit@2@@Z 1002adb0 f   GuRaycastTests.obj
 0001:0002b530       ??Dphysx@@YA?AVMatrix34@Cm@0@ABVPxMeshScale@0@ABVPxTransform@0@@Z 1002c530 f i GuRaycastTests.obj
 0001:0002c110       ?getRaycastFuncTable@Gu@physx@@YAAAY06Q6AIABVPxGeometry@2@ABVPxTransform@2@ABVPxVec3@2@2MV?$PxFlags@W4Enum@PxHitFlag@physx@@G@2@IPIAUPxRaycastHit@2@@ZXZ 1002d110 f   GuRaycastTests.obj
 0001:0002c120       ?raycast_heightField@@YAIABVPxGeometry@physx@@ABVPxTransform@2@ABVPxVec3@2@2MV?$PxFlags@W4Enum@PxHitFlag@physx@@G@2@IPIAUPxRaycastHit@2@@Z 1002d120 f   GuRaycastTests.obj
 0001:0002c930       ?registerHeightFields_Raycasts@@YAXXZ 1002d930 f   GuRaycastTests.obj
 0001:0002c940       ?ReadHeader@Gu@physx@@YA_NEEEEAAIAA_NAAVPxInputStream@2@@Z 1002d940 f   GuSerialize.obj
 0001:0002ca40       ?ReadIndices@Gu@physx@@YAXGIPAGAAVPxInputStream@2@_N@Z 1002da40 f   GuSerialize.obj
 0001:0002cb50       ?StoreIndices@Gu@physx@@YAXGIPBGAAVPxOutputStream@2@_N@Z 1002db50 f   GuSerialize.obj
 0001:0002cbe0       ?StoreIndices@Gu@physx@@YAXIIPBIAAVPxOutputStream@2@_N@Z 1002dbe0 f   GuSerialize.obj
 0001:0002cce0       ?WriteHeader@Gu@physx@@YA_NEEEEI_NAAVPxOutputStream@2@@Z 1002dce0 f   GuSerialize.obj
 0001:0002cdd0       ?computeMaxIndex@physx@@YAGPBGI@Z 1002ddd0 f   GuSerialize.obj
 0001:0002ce10       ?computeMaxIndex@physx@@YAIPBII@Z 1002de10 f   GuSerialize.obj
 0001:0002ce40       ?readChunk@physx@@YAXAAC000AAVPxInputStream@1@@Z 1002de40 f   GuSerialize.obj
 0001:0002ce80       ?readDword@physx@@YAI_NAAVPxInputStream@1@@Z 1002de80 f   GuSerialize.obj
 0001:0002cec0       ?readFloat@physx@@YAM_NAAVPxInputStream@1@@Z 1002dec0 f   GuSerialize.obj
 0001:0002cf00       ?readFloatBuffer@physx@@YA_NPAMI_NAAVPxInputStream@1@@Z 1002df00 f   GuSerialize.obj
 0001:0002cf60       ?readHeader@physx@@YA_NCCCCAAIAA_NAAVPxInputStream@1@@Z 1002df60 f   GuSerialize.obj
 0001:0002d050       ?readIndices@physx@@YAXIIPAIAAVPxInputStream@1@_N@Z 1002e050 f   GuSerialize.obj
 0001:0002d110       ?readWord@physx@@YAG_NAAVPxInputStream@1@@Z 1002e110 f   GuSerialize.obj
 0001:0002d140       ?readWordBuffer@physx@@YAXPAGI_NAAVPxInputStream@1@@Z 1002e140 f   GuSerialize.obj
 0001:0002d180       ?storeIndices@physx@@YAXIIPBIAAVPxOutputStream@1@_N@Z 1002e180 f   GuSerialize.obj
 0001:0002d250       ?writeDword@physx@@YAXI_NAAVPxOutputStream@1@@Z 1002e250 f   GuSerialize.obj
 0001:0002d250       ?writeFloat@physx@@YAXM_NAAVPxOutputStream@1@@Z 1002e250 f   GuSerialize.obj
 0001:0002d290       ?writeFloatBuffer@physx@@YAXPBMI_NAAVPxOutputStream@1@@Z 1002e290 f   GuSerialize.obj
 0001:0002d310       ?writeHeader@physx@@YA_NCCCCI_NAAVPxOutputStream@1@@Z 1002e310 f   GuSerialize.obj
 0001:0002d400       ?writeWord@physx@@YAXG_NAAVPxOutputStream@1@@Z 1002e400 f   GuSerialize.obj
 0001:0002d430       ?writeWordBuffer@physx@@YAXPBGI_NAAVPxOutputStream@1@@Z 1002e430 f   GuSerialize.obj
 0001:0002d4a0       ??0FastVertex2ShapeScaling@Cm@physx@@QAE@XZ 1002e4a0 f i GuSweepMTD.obj
 0001:0002d530       ??Dphysx@@YA?AVMatrix34@Cm@0@ABVPxTransform@0@ABVPxMeshScale@0@@Z 1002e530 f i GuSweepMTD.obj
 0001:0002db40       ??_E?$MeshHitCallback@UPxRaycastHit@physx@@@Gu@physx@@UAEPAXI@Z 1002eb40 f i GuSweepMTD.obj
 0001:0002db40       ??_G?$MeshHitCallback@UPxRaycastHit@physx@@@Gu@physx@@UAEPAXI@Z 1002eb40 f i GuSweepMTD.obj
 0001:0002db70       ??_GMeshMTDGenerationCallback@@UAEPAXI@Z 1002eb70 f i GuSweepMTD.obj
 0001:0002db70       ??_EMeshMTDGenerationCallback@@UAEPAXI@Z 1002eb70 f i GuSweepMTD.obj
 0001:0002dba0       ??_EMidPhaseQueryLocalReport@@UAEPAXI@Z 1002eba0 f i GuSweepMTD.obj
 0001:0002dba0       ??_GMidPhaseQueryLocalReport@@UAEPAXI@Z 1002eba0 f i GuSweepMTD.obj
 0001:0002dbd0       ?allocate@?$ReflectionAllocator@I@shdfnd@physx@@QAEPAXIPBDH@Z 1002ebd0 f i GuSweepMTD.obj
 0001:0002dfb0       ?computeBox_HeightFieldMTD@Gu@physx@@YA_NABVPxHeightFieldGeometry@2@ABVPxTransform@2@ABVBox@12@1M_NIAAUPxSweepHit@2@@Z 1002efb0 f   GuSweepMTD.obj
 0001:0002ef80       ?computeBox_TriangleMeshMTD@Gu@physx@@YA_NABVPxTriangleMeshGeometry@2@ABVPxTransform@2@ABVBox@12@1M_NAAUPxSweepHit@2@@Z 1002ff80 f   GuSweepMTD.obj
 0001:0002fc20       ?computeCapsule_CapsuleMTD@Gu@physx@@YA_NABVCapsule@12@0AAUPxSweepHit@2@@Z 10030c20 f   GuSweepMTD.obj
 0001:0002fe20       ?computeCapsule_HeightFieldMTD@Gu@physx@@YA_NABVPxHeightFieldGeometry@2@ABVPxTransform@2@AAVCapsuleV@12@M_NIAAUPxSweepHit@2@@Z 10030e20 f   GuSweepMTD.obj
 0001:000304b0       ?computeCapsule_TriangleMeshMTD@Gu@physx@@YA_NABVPxTriangleMeshGeometry@2@ABVPxTransform@2@AAVCapsuleV@12@M_NAAUPxSweepHit@2@@Z 100314b0 f   GuSweepMTD.obj
 0001:00030be0       ?computeConvex_HeightFieldMTD@Gu@physx@@YA_NABVPxHeightFieldGeometry@2@ABVPxTransform@2@ABVPxConvexMeshGeometry@2@1M_NIAAUPxSweepHit@2@@Z 10031be0 f   GuSweepMTD.obj
 0001:00032010       ?computeConvex_TriangleMeshMTD@Gu@physx@@YA_NABVPxTriangleMeshGeometry@2@ABVPxTransform@2@ABVPxConvexMeshGeometry@2@1M_NAAUPxSweepHit@2@@Z 10033010 f   GuSweepMTD.obj
 0001:000333b0       ?computePlane_BoxMTD@Gu@physx@@YA_NABVPxPlane@2@ABVBox@12@AAUPxSweepHit@2@@Z 100343b0 f   GuSweepMTD.obj
 0001:00033600       ?computePlane_CapsuleMTD@Gu@physx@@YA_NABVPxPlane@2@ABVCapsule@12@AAUPxSweepHit@2@@Z 10034600 f   GuSweepMTD.obj
 0001:000336f0       ?computePlane_ConvexMTD@Gu@physx@@YA_NABVPxPlane@2@ABVPxConvexMeshGeometry@2@ABVPxTransform@2@AAUPxSweepHit@2@@Z 100346f0 f   GuSweepMTD.obj
 0001:00033b50       ?computeSphere_CapsuleMTD@Gu@physx@@YA_NABVSphere@12@ABVCapsule@12@AAUPxSweepHit@2@@Z 10034b50 f   GuSweepMTD.obj
 0001:00033ce0       ?computeSphere_SphereMTD@Gu@physx@@YA_NABVSphere@12@0AAUPxSweepHit@2@@Z 10034ce0 f   GuSweepMTD.obj
 0001:00033dd0       ?getInverse@PxMat33@physx@@QBE?BV12@XZ 10034dd0 f i GuSweepMTD.obj
 0001:00034020       ?growAndPushBack@?$Array@IV?$ReflectionAllocator@I@shdfnd@physx@@@shdfnd@physx@@IAEAAIABI@Z 10035020 f i GuSweepMTD.obj
 0001:000340c0       ?init@FastVertex2ShapeScaling@Cm@physx@@QAEXABVPxVec3@3@ABVPxQuat@3@@Z 100350c0 f i GuSweepMTD.obj
 0001:00034470       ?onEvent@MidPhaseQueryLocalReport@@UAE_NIPAI@Z 10035470 f i GuSweepMTD.obj
 0001:000344c0       ?processHit@MeshMTDGenerationCallback@@UAE_NABUPxRaycastHit@physx@@ABVPxVec3@3@11AAMPBI@Z 100354c0 f i GuSweepMTD.obj
 0001:00034500       ?recreate@?$Array@IV?$ReflectionAllocator@I@shdfnd@physx@@@shdfnd@physx@@IAEXI@Z 10035500 f i GuSweepMTD.obj
 0001:00034580       ??$gjkPenetration@U?$LocalConvex@VCapsuleV@Gu@physx@@@Gu@physx@@U?$LocalConvex@VConvexHullV@Gu@physx@@@23@@Gu@physx@@YA?AW4GjkStatus@01@ABU?$LocalConvex@VCapsuleV@Gu@physx@@@01@ABU?$LocalConvex@VConvexHullV@Gu@physx@@@01@ABT__m128@@2_NPIAE4AAEAAUGjkOutput@01@@Z 10035580 f i GuSweepSharedTests.obj
 0001:00035ea0       ??$gjkPenetration@U?$RelativeConvex@VBoxV@Gu@physx@@@Gu@physx@@U?$LocalConvex@VConvexHullV@Gu@physx@@@23@@Gu@physx@@YA?AW4GjkStatus@01@ABU?$RelativeConvex@VBoxV@Gu@physx@@@01@ABU?$LocalConvex@VConvexHullV@Gu@physx@@@01@ABT__m128@@2_NPIAE4AAEAAUGjkOutput@01@@Z 10036ea0 f i GuSweepSharedTests.obj
 0001:00037820       ??$gjkPenetration@U?$RelativeConvex@VConvexHullV@Gu@physx@@@Gu@physx@@U?$LocalConvex@VConvexHullV@Gu@physx@@@23@@Gu@physx@@YA?AW4GjkStatus@01@ABU?$RelativeConvex@VConvexHullV@Gu@physx@@@01@ABU?$LocalConvex@VConvexHullV@Gu@physx@@@01@ABT__m128@@2_NPIAE4AAEAAUGjkOutput@01@@Z 10038820 f i GuSweepSharedTests.obj
 0001:000391a0       ??$gjkRaycast@U?$LocalConvex@VCapsuleV@Gu@physx@@@Gu@physx@@U?$LocalConvex@VConvexHullV@Gu@physx@@@23@@Gu@physx@@YA_NABU?$LocalConvex@VCapsuleV@Gu@physx@@@01@ABU?$LocalConvex@VConvexHullV@Gu@physx@@@01@ABT__m128@@222AAT4@33M@Z 1003a1a0 f i GuSweepSharedTests.obj
 0001:0003a070       ??$gjkRaycast@U?$RelativeConvex@VBoxV@Gu@physx@@@Gu@physx@@U?$LocalConvex@VConvexHullV@Gu@physx@@@23@@Gu@physx@@YA_NABU?$RelativeConvex@VBoxV@Gu@physx@@@01@ABU?$LocalConvex@VConvexHullV@Gu@physx@@@01@ABT__m128@@222AAT4@33M@Z 1003b070 f i GuSweepSharedTests.obj
 0001:0003afb0       ??$gjkRaycast@U?$RelativeConvex@VConvexHullV@Gu@physx@@@Gu@physx@@U?$LocalConvex@VConvexHullV@Gu@physx@@@23@@Gu@physx@@YA_NABU?$RelativeConvex@VConvexHullV@Gu@physx@@@01@ABU?$LocalConvex@VConvexHullV@Gu@physx@@@01@ABT__m128@@222AAT4@33M@Z 1003bfb0 f i GuSweepSharedTests.obj
 0001:0003bfe0       ??$gjkRaycastPenetration@U?$LocalConvex@VCapsuleV@Gu@physx@@@Gu@physx@@U?$LocalConvex@VConvexHullV@Gu@physx@@@23@@Gu@physx@@YA_NABU?$LocalConvex@VCapsuleV@Gu@physx@@@01@ABU?$LocalConvex@VConvexHullV@Gu@physx@@@01@ABT__m128@@222AAT4@33M_N@Z 1003cfe0 f i GuSweepSharedTests.obj
 0001:0003c1e0       ??$gjkRaycastPenetration@U?$RelativeConvex@VBoxV@Gu@physx@@@Gu@physx@@U?$LocalConvex@VConvexHullV@Gu@physx@@@23@@Gu@physx@@YA_NABU?$RelativeConvex@VBoxV@Gu@physx@@@01@ABU?$LocalConvex@VConvexHullV@Gu@physx@@@01@ABT__m128@@222AAT4@33M_N@Z 1003d1e0 f i GuSweepSharedTests.obj
 0001:0003c440       ??$gjkRaycastPenetration@U?$RelativeConvex@VConvexHullV@Gu@physx@@@Gu@physx@@U?$LocalConvex@VConvexHullV@Gu@physx@@@23@@Gu@physx@@YA_NABU?$RelativeConvex@VConvexHullV@Gu@physx@@@01@ABU?$LocalConvex@VConvexHullV@Gu@physx@@@01@ABT__m128@@222AAT4@33M_N@Z 1003d440 f i GuSweepSharedTests.obj
 0001:0003c6a0       ??0?$RelativeConvex@VConvexHullV@Gu@physx@@@Gu@physx@@QAE@ABVConvexHullV@12@ABVPsMatTransformV@aos@shdfnd@2@@Z 1003d6a0 f i GuSweepSharedTests.obj
 0001:0003cb50       ?sweepBox_ConvexGeom@@YA_NABVPxGeometry@physx@@ABVPxTransform@2@ABVPxBoxGeometry@2@1ABVBox@Gu@2@ABVPxVec3@2@MAAUPxSweepHit@2@V?$PxFlags@W4Enum@PxHitFlag@physx@@G@2@M@Z 1003db50 f   GuSweepSharedTests.obj
 0001:0003d850       ?sweepBox_PlaneGeom@@YA_NABVPxGeometry@physx@@ABVPxTransform@2@ABVPxBoxGeometry@2@1ABVBox@Gu@2@ABVPxVec3@2@MAAUPxSweepHit@2@V?$PxFlags@W4Enum@PxHitFlag@physx@@G@2@M@Z 1003e850 f   GuSweepSharedTests.obj
 0001:0003dc20       ?sweepCapsuleTriangles@Gu@physx@@YA_NIPBVPxTriangle@2@_NABVPxCapsuleGeometry@2@ABVPxTransform@2@ABVPxVec3@2@MAAUPxSweepHit@2@PBIMV?$PxFlags@W4Enum@PxHitFlag@physx@@G@2@@Z 1003ec20 f   GuSweepSharedTests.obj
 0001:0003ddb0       ?sweepCapsule_CapsuleGeom@@YA_NABVPxGeometry@physx@@ABVPxTransform@2@ABVPxCapsuleGeometry@2@1ABVCapsule@Gu@2@ABVPxVec3@2@MAAUPxSweepHit@2@V?$PxFlags@W4Enum@PxHitFlag@physx@@G@2@M@Z 1003edb0 f   GuSweepSharedTests.obj
 0001:0003df60       ?sweepCapsule_ConvexGeom@@YA_NABVPxGeometry@physx@@ABVPxTransform@2@ABVPxCapsuleGeometry@2@1ABVCapsule@Gu@2@ABVPxVec3@2@MAAUPxSweepHit@2@V?$PxFlags@W4Enum@PxHitFlag@physx@@G@2@M@Z 1003ef60 f   GuSweepSharedTests.obj
 0001:0003ec30       ?sweepCapsule_PlaneGeom@@YA_NABVPxGeometry@physx@@ABVPxTransform@2@ABVPxCapsuleGeometry@2@1ABVCapsule@Gu@2@ABVPxVec3@2@MAAUPxSweepHit@2@V?$PxFlags@W4Enum@PxHitFlag@physx@@G@2@M@Z 1003fc30 f   GuSweepSharedTests.obj
 0001:0003ef00       ?sweepCapsule_SphereGeom@@YA_NABVPxGeometry@physx@@ABVPxTransform@2@ABVPxCapsuleGeometry@2@1ABVCapsule@Gu@2@ABVPxVec3@2@MAAUPxSweepHit@2@V?$PxFlags@W4Enum@PxHitFlag@physx@@G@2@M@Z 1003ff00 f   GuSweepSharedTests.obj
 0001:0003f090       ?sweepConvex_BoxGeom@@YA_NABVPxGeometry@physx@@ABVPxTransform@2@ABVPxConvexMeshGeometry@2@1ABVPxVec3@2@MAAUPxSweepHit@2@V?$PxFlags@W4Enum@PxHitFlag@physx@@G@2@M@Z 10040090 f   GuSweepSharedTests.obj
 0001:0003f270       ?sweepConvex_CapsuleGeom@@YA_NABVPxGeometry@physx@@ABVPxTransform@2@ABVPxConvexMeshGeometry@2@1ABVPxVec3@2@MAAUPxSweepHit@2@V?$PxFlags@W4Enum@PxHitFlag@physx@@G@2@M@Z 10040270 f   GuSweepSharedTests.obj
 0001:0003f460       ?sweepConvex_ConvexGeom@@YA_NABVPxGeometry@physx@@ABVPxTransform@2@ABVPxConvexMeshGeometry@2@1ABVPxVec3@2@MAAUPxSweepHit@2@V?$PxFlags@W4Enum@PxHitFlag@physx@@G@2@M@Z 10040460 f   GuSweepSharedTests.obj
 0001:000404c0       ?sweepConvex_PlaneGeom@@YA_NABVPxGeometry@physx@@ABVPxTransform@2@ABVPxConvexMeshGeometry@2@1ABVPxVec3@2@MAAUPxSweepHit@2@V?$PxFlags@W4Enum@PxHitFlag@physx@@G@2@M@Z 100414c0 f   GuSweepSharedTests.obj
 0001:00040910       ?sweepConvex_SphereGeom@@YA_NABVPxGeometry@physx@@ABVPxTransform@2@ABVPxConvexMeshGeometry@2@1ABVPxVec3@2@MAAUPxSweepHit@2@V?$PxFlags@W4Enum@PxHitFlag@physx@@G@2@M@Z 10041910 f   GuSweepSharedTests.obj
 0001:00041430       ?sweepCapsule_BoxGeom@@YA_NABVPxGeometry@physx@@ABVPxTransform@2@ABVPxCapsuleGeometry@2@1ABVCapsule@Gu@2@ABVPxVec3@2@MAAUPxSweepHit@2@V?$PxFlags@W4Enum@PxHitFlag@physx@@G@2@M@Z 10042430 f   GuSweepTests.obj
 0001:00041ce0       ?sweepBox_SphereGeom@@YA_NABVPxGeometry@physx@@ABVPxTransform@2@ABVPxBoxGeometry@2@1ABVBox@Gu@2@ABVPxVec3@2@MAAUPxSweepHit@2@V?$PxFlags@W4Enum@PxHitFlag@physx@@G@2@M@Z 10042ce0 f   GuSweepTests.obj
 0001:00042390       ?sweepBox_CapsuleGeom@@YA_NABVPxGeometry@physx@@ABVPxTransform@2@ABVPxBoxGeometry@2@1ABVBox@Gu@2@ABVPxVec3@2@MAAUPxSweepHit@2@V?$PxFlags@W4Enum@PxHitFlag@physx@@G@2@M@Z 10043390 f   GuSweepTests.obj
 0001:00042bc0       ?sweepBox_BoxGeom@@YA_NABVPxGeometry@physx@@ABVPxTransform@2@ABVPxBoxGeometry@2@1ABVBox@Gu@2@ABVPxVec3@2@MAAUPxSweepHit@2@V?$PxFlags@W4Enum@PxHitFlag@physx@@G@2@M@Z 10043bc0 f   GuSweepTests.obj
 0001:00043520       ??$gjkPenetration@U?$LocalConvex@VCapsuleV@Gu@physx@@@Gu@physx@@U?$LocalConvex@VBoxV@Gu@physx@@@23@@Gu@physx@@YA?AW4GjkStatus@01@ABU?$LocalConvex@VCapsuleV@Gu@physx@@@01@ABU?$LocalConvex@VBoxV@Gu@physx@@@01@ABT__m128@@2_NPIAE4AAEAAUGjkOutput@01@@Z 10044520 f i GuSweepTests.obj
 0001:00044dc0       ??$gjkPenetration@U?$RelativeConvex@VBoxV@Gu@physx@@@Gu@physx@@U?$LocalConvex@VBoxV@Gu@physx@@@23@@Gu@physx@@YA?AW4GjkStatus@01@ABU?$RelativeConvex@VBoxV@Gu@physx@@@01@ABU?$LocalConvex@VBoxV@Gu@physx@@@01@ABT__m128@@2_NPIAE4AAEAAUGjkOutput@01@@Z 10045dc0 f i GuSweepTests.obj
 0001:00046690       ??$gjkRaycast@U?$LocalConvex@VCapsuleV@Gu@physx@@@Gu@physx@@U?$LocalConvex@VBoxV@Gu@physx@@@23@@Gu@physx@@YA_NABU?$LocalConvex@VCapsuleV@Gu@physx@@@01@ABU?$LocalConvex@VBoxV@Gu@physx@@@01@ABT__m128@@222AAT4@33M@Z 10047690 f i GuSweepTests.obj
 0001:000473f0       ??$gjkRaycast@U?$LocalConvex@VTriangleV@Gu@physx@@@Gu@physx@@U?$LocalConvex@VBoxV@Gu@physx@@@23@@Gu@physx@@YA_NABU?$LocalConvex@VTriangleV@Gu@physx@@@01@ABU?$LocalConvex@VBoxV@Gu@physx@@@01@ABT__m128@@222AAT4@33M@Z 100483f0 f i GuSweepTests.obj
 0001:000481f0       ??$gjkRaycast@U?$RelativeConvex@VBoxV@Gu@physx@@@Gu@physx@@U?$LocalConvex@VBoxV@Gu@physx@@@23@@Gu@physx@@YA_NABU?$RelativeConvex@VBoxV@Gu@physx@@@01@ABU?$LocalConvex@VBoxV@Gu@physx@@@01@ABT__m128@@222AAT4@33M@Z 100491f0 f i GuSweepTests.obj
 0001:00048fc0       ??$gjkRaycastPenetration@U?$LocalConvex@VCapsuleV@Gu@physx@@@Gu@physx@@U?$LocalConvex@VBoxV@Gu@physx@@@23@@Gu@physx@@YA_NABU?$LocalConvex@VCapsuleV@Gu@physx@@@01@ABU?$LocalConvex@VBoxV@Gu@physx@@@01@ABT__m128@@222AAT4@33M_N@Z 10049fc0 f i GuSweepTests.obj
 0001:000491c0       ??$gjkRaycastPenetration@U?$RelativeConvex@VBoxV@Gu@physx@@@Gu@physx@@U?$LocalConvex@VBoxV@Gu@physx@@@23@@Gu@physx@@YA_NABU?$RelativeConvex@VBoxV@Gu@physx@@@01@ABU?$LocalConvex@VBoxV@Gu@physx@@@01@ABT__m128@@222AAT4@33M_N@Z 1004a1c0 f i GuSweepTests.obj
 0001:00049420       ?getSweepFuncTable@Gu@physx@@YAABUGeomSweepFuncs@12@XZ 1004a420 f   GuSweepTests.obj
 0001:00049430       ?getSweepMargin@?$LocalConvex@VTriangleV@Gu@physx@@@Gu@physx@@UBE?AT__m128@@XZ 1004a430 f i GuSweepTests.obj
 0001:00049430       ?getSweepMargin@?$RelativeConvex@VTriangleV@Gu@physx@@@Gu@physx@@UBE?AT__m128@@XZ 1004a430 f i GuCCDSweepPrimitives.obj
 0001:00049450       ?registerHeightFields_Sweeps@@YAXXZ 1004a450 f   GuSweepTests.obj
 0001:00049490       ?support@?$LocalConvex@VBoxV@Gu@physx@@@Gu@physx@@UBE?AT__m128@@ABT4@@Z 1004a490 f i GuSweepTests.obj
 0001:000494c0       ?support@?$LocalConvex@VBoxV@Gu@physx@@@Gu@physx@@UBE?AT__m128@@ABT4@AAH@Z 1004a4c0 f i GuSweepTests.obj
 0001:00049500       ?support@?$LocalConvex@VTriangleV@Gu@physx@@@Gu@physx@@UBE?AT__m128@@ABT4@@Z 1004a500 f i GuSweepTests.obj
 0001:000495a0       ?support@?$LocalConvex@VTriangleV@Gu@physx@@@Gu@physx@@UBE?AT__m128@@ABT4@AAH@Z 1004a5a0 f i GuSweepTests.obj
 0001:00049690       ?supportPoint@?$LocalConvex@VBoxV@Gu@physx@@@Gu@physx@@UBE?AT__m128@@H@Z 1004a690 f i GuSweepTests.obj
 0001:000496d0       ?supportPoint@?$LocalConvex@VTriangleV@Gu@physx@@@Gu@physx@@UBE?AT__m128@@H@Z 1004a6d0 f i GuSweepTests.obj
 0001:000496f0       ?sweepBoxTriangles@Gu@physx@@YA_NIPBVPxTriangle@2@_NABVPxBoxGeometry@2@ABVPxTransform@2@ABVPxVec3@2@MAAUPxSweepHit@2@PBIMV?$PxFlags@W4Enum@PxHitFlag@physx@@G@2@@Z 1004a6f0 f   GuSweepTests.obj
 0001:0004a200       ??$copy@V?$ReflectionAllocator@USlab@NodeAllocator@Gu@physx@@@shdfnd@physx@@@?$Array@USlab@NodeAllocator@Gu@physx@@V?$ReflectionAllocator@USlab@NodeAllocator@Gu@physx@@@shdfnd@4@@shdfnd@physx@@IAEXABV012@@Z 1004b200 f i GuAABBTreeBuild.obj
 0001:0004a270       ??0AABBTreeBuildNode@Gu@physx@@QAE@ABV012@@Z 1004b270 f i GuAABBTreeBuild.obj
 0001:0004a270       ??4AABBTreeBuildNode@Gu@physx@@QAEAAV012@ABV012@@Z 1004b270 f i GuAABBTreeBuild.obj
 0001:0004a270       ??0PxMat33@physx@@QAE@ABV01@@Z 1004b270 f i GuMidphaseBV4.obj
 0001:0004a2b0       ??0AABBTreeBuildParams@Gu@physx@@QAE@IIPBVPxBounds3@2@@Z 1004b2b0 f i GuAABBTreeBuild.obj
 0001:0004a2d0       ??0BuildStats@Gu@physx@@QAE@XZ 1004b2d0 f i GuAABBTreeBuild.obj
 0001:0004a2e0       ??0NodeAllocator@Gu@physx@@QAE@ABV012@@Z 1004b2e0 f i GuAABBTreeBuild.obj
 0001:0004a310       ??0NodeAllocator@Gu@physx@@QAE@XZ 1004b310 f   GuAABBTreeBuild.obj
 0001:0004a340       ??1AABBTreeBuildParams@Gu@physx@@QAE@XZ 1004b340 f i GuAABBTreeBuild.obj
 0001:0004a340       ?reset@AABBTreeBuildParams@Gu@physx@@QAEXXZ 1004b340 f i GuAABBTreeBuild.obj
 0001:0004a380       ??1NodeAllocator@Gu@physx@@QAE@XZ 1004b380 f   GuAABBTreeBuild.obj
 0001:0004a3b0       ??4AABBTreeBuildParams@Gu@physx@@QAEAAV012@ABV012@@Z 1004b3b0 f i GuAABBTreeBuild.obj
 0001:0004a3c0       ??4NodeAllocator@Gu@physx@@QAEAAV012@ABV012@@Z 1004b3c0 f i GuAABBTreeBuild.obj
 0001:0004a450       ??_FAABBTreeBuildParams@Gu@physx@@QAEXXZ 1004b450 f i GuAABBTreeBuild.obj
 0001:0004a470       ?_buildHierarchy@AABBTreeBuildNode@Gu@physx@@QAEXAAVAABBTreeBuildParams@23@AAUBuildStats@23@AAVNodeAllocator@23@QAI@Z 1004b470 f   GuAABBTreeBuild.obj
[...]
 0003:000035b0       ?minV4Error@_VecMathTests@aos@shdfnd@physx@@3T__m128@@B 101535b0     GuPCMContactGenSphereCapsule.obj
 0003:000035c0       ?minV3Error@_VecMathTests@aos@shdfnd@physx@@3T__m128@@B 101535c0     GuPCMContactGenSphereCapsule.obj
 0003:000035d0       ?maxFError@_VecMathTests@aos@shdfnd@physx@@3T__m128@@B 101535d0     GuPCMContactGenSphereCapsule.obj
 0003:000035e0       ?maxV3Error@_VecMathTests@aos@shdfnd@physx@@3T__m128@@B 101535e0     GuPCMContactPlaneBox.obj
 0003:000035f0       ?minFError@_VecMathTests@aos@shdfnd@physx@@3T__m128@@B 101535f0     GuPCMContactPlaneBox.obj
 0003:00003600       ?maxV4Error@_VecMathTests@aos@shdfnd@physx@@3T__m128@@B 10153600     GuPCMContactPlaneBox.obj
 0003:00003610       ?minV4Error@_VecMathTests@aos@shdfnd@physx@@3T__m128@@B 10153610     GuPCMContactPlaneBox.obj
 0003:00003620       ?minV3Error@_VecMathTests@aos@shdfnd@physx@@3T__m128@@B 10153620     GuPCMContactPlaneBox.obj
 0003:00003630       ?maxFError@_VecMathTests@aos@shdfnd@physx@@3T__m128@@B 10153630     GuPCMContactPlaneBox.obj
 0003:00003640       ?maxV3Error@_VecMathTests@aos@shdfnd@physx@@3T__m128@@B 10153640     GuPCMContactPlaneCapsule.obj
 0003:00003650       ?minFError@_VecMathTests@aos@shdfnd@physx@@3T__m128@@B 10153650     GuPCMContactPlaneCapsule.obj
 0003:00003660       ?maxV4Error@_VecMathTests@aos@shdfnd@physx@@3T__m128@@B 10153660     GuPCMContactPlaneCapsule.obj
 0003:00003670       ?minV4Error@_VecMathTests@aos@shdfnd@physx@@3T__m128@@B 10153670     GuPCMContactPlaneCapsule.obj
 0003:00003680       ?minV3Error@_VecMathTests@aos@shdfnd@physx@@3T__m128@@B 10153680     GuPCMContactPlaneCapsule.obj
 0003:00003690       ?maxFError@_VecMathTests@aos@shdfnd@physx@@3T__m128@@B 10153690     GuPCMContactPlaneCapsule.obj
 0003:000036a0       ?maxV3Error@_VecMathTests@aos@shdfnd@physx@@3T__m128@@B 101536a0     GuPCMContactPlaneConvex.obj
 0003:000036b0       ?minFError@_VecMathTests@aos@shdfnd@physx@@3T__m128@@B 101536b0     GuPCMContactPlaneConvex.obj
 0003:000036c0       ?maxV4Error@_VecMathTests@aos@shdfnd@physx@@3T__m128@@B 101536c0     GuPCMContactPlaneConvex.obj
 0003:000036d0       ?minV4Error@_VecMathTests@aos@shdfnd@physx@@3T__m128@@B 101536d0     GuPCMContactPlaneConvex.obj
 0003:000036e0       ?minV3Error@_VecMathTests@aos@shdfnd@physx@@3T__m128@@B 101536e0     GuPCMContactPlaneConvex.obj
 0003:000036f0       ?maxFError@_VecMathTests@aos@shdfnd@physx@@3T__m128@@B 101536f0     GuPCMContactPlaneConvex.obj
 0003:00003700       ?maxV3Error@_VecMathTests@aos@shdfnd@physx@@3T__m128@@B 10153700     GuPCMContactSphereBox.obj
 0003:00003710       ?minFError@_VecMathTests@aos@shdfnd@physx@@3T__m128@@B 10153710     GuPCMContactSphereBox.obj
 0003:00003720       ?maxV4Error@_VecMathTests@aos@shdfnd@physx@@3T__m128@@B 10153720     GuPCMContactSphereBox.obj
 0003:00003730       ?minV4Error@_VecMathTests@aos@shdfnd@physx@@3T__m128@@B 10153730     GuPCMContactSphereBox.obj
 0003:00003740       ?minV3Error@_VecMathTests@aos@shdfnd@physx@@3T__m128@@B 10153740     GuPCMContactSphereBox.obj
 0003:00003750       ?maxFError@_VecMathTests@aos@shdfnd@physx@@3T__m128@@B 10153750     GuPCMContactSphereBox.obj
 0003:00003760       ?maxV3Error@_VecMathTests@aos@shdfnd@physx@@3T__m128@@B 10153760     GuPCMContactSphereCapsule.obj
 0003:00003770       ?minFError@_VecMathTests@aos@shdfnd@physx@@3T__m128@@B 10153770     GuPCMContactSphereCapsule.obj
 0003:00003780       ?maxV4Error@_VecMathTests@aos@shdfnd@physx@@3T__m128@@B 10153780     GuPCMContactSphereCapsule.obj
 0003:00003790       ?minV4Error@_VecMathTests@aos@shdfnd@physx@@3T__m128@@B 10153790     GuPCMContactSphereCapsule.obj
 0003:000037a0       ?minV3Error@_VecMathTests@aos@shdfnd@physx@@3T__m128@@B 101537a0     GuPCMContactSphereCapsule.obj
 0003:000037b0       ?maxFError@_VecMathTests@aos@shdfnd@physx@@3T__m128@@B 101537b0     GuPCMContactSphereCapsule.obj
 0003:000037c0       ?maxV3Error@_VecMathTests@aos@shdfnd@physx@@3T__m128@@B 101537c0     GuPCMContactSphereConvex.obj
 0003:000037d0       ?minFError@_VecMathTests@aos@shdfnd@physx@@3T__m128@@B 101537d0     GuPCMContactSphereConvex.obj
 0003:000037e0       ?maxV4Error@_VecMathTests@aos@shdfnd@physx@@3T__m128@@B 101537e0     GuPCMContactSphereConvex.obj
 0003:000037f0       ?minV4Error@_VecMathTests@aos@shdfnd@physx@@3T__m128@@B 101537f0     GuPCMContactSphereConvex.obj
 0003:00003800       ?minV3Error@_VecMathTests@aos@shdfnd@physx@@3T__m128@@B 10153800     GuPCMContactSphereConvex.obj
 0003:00003810       ?maxFError@_VecMathTests@aos@shdfnd@physx@@3T__m128@@B 10153810     GuPCMContactSphereConvex.obj
 0003:00003820       ?maxV3Error@_VecMathTests@aos@shdfnd@physx@@3T__m128@@B 10153820     GuPCMContactSphereHeightField.obj
 0003:00003830       ?minFError@_VecMathTests@aos@shdfnd@physx@@3T__m128@@B 10153830     GuPCMContactSphereHeightField.obj
 0003:00003840       ?maxV4Error@_VecMathTests@aos@shdfnd@physx@@3T__m128@@B 10153840     GuPCMContactSphereHeightField.obj
 0003:00003850       ?minV4Error@_VecMathTests@aos@shdfnd@physx@@3T__m128@@B 10153850     GuPCMContactSphereHeightField.obj
 0003:00003860       ?minV3Error@_VecMathTests@aos@shdfnd@physx@@3T__m128@@B 10153860     GuPCMContactSphereHeightField.obj
 0003:00003870       ?maxFError@_VecMathTests@aos@shdfnd@physx@@3T__m128@@B 10153870     GuPCMContactSphereHeightField.obj
 0003:00003880       ?maxV3Error@_VecMathTests@aos@shdfnd@physx@@3T__m128@@B 10153880     GuPCMContactSphereMesh.obj
 0003:00003890       ?minFError@_VecMathTests@aos@shdfnd@physx@@3T__m128@@B 10153890     GuPCMContactSphereMesh.obj
 0003:000038a0       ?maxV4Error@_VecMathTests@aos@shdfnd@physx@@3T__m128@@B 101538a0     GuPCMContactSphereMesh.obj
 0003:000038b0       ?minV4Error@_VecMathTests@aos@shdfnd@physx@@3T__m128@@B 101538b0     GuPCMContactSphereMesh.obj
 0003:000038c0       ?minV3Error@_VecMathTests@aos@shdfnd@physx@@3T__m128@@B 101538c0     GuPCMContactSphereMesh.obj
 0003:000038d0       ?maxFError@_VecMathTests@aos@shdfnd@physx@@3T__m128@@B 101538d0     GuPCMContactSphereMesh.obj
 0003:000038e0       ?maxV3Error@_VecMathTests@aos@shdfnd@physx@@3T__m128@@B 101538e0     GuPCMContactSpherePlane.obj
 0003:000038f0       ?minFError@_VecMathTests@aos@shdfnd@physx@@3T__m128@@B 101538f0     GuPCMContactSpherePlane.obj
 0003:00003900       ?maxV4Error@_VecMathTests@aos@shdfnd@physx@@3T__m128@@B 10153900     GuPCMContactSpherePlane.obj
 0003:00003910       ?minV4Error@_VecMathTests@aos@shdfnd@physx@@3T__m128@@B 10153910     GuPCMContactSpherePlane.obj
 0003:00003920       ?minV3Error@_VecMathTests@aos@shdfnd@physx@@3T__m128@@B 10153920     GuPCMContactSpherePlane.obj
 0003:00003930       ?maxFError@_VecMathTests@aos@shdfnd@physx@@3T__m128@@B 10153930     GuPCMContactSpherePlane.obj
 0003:00003940       ?maxV3Error@_VecMathTests@aos@shdfnd@physx@@3T__m128@@B 10153940     GuPCMContactSphereSphere.obj
 0003:00003950       ?minFError@_VecMathTests@aos@shdfnd@physx@@3T__m128@@B 10153950     GuPCMContactSphereSphere.obj
 0003:00003960       ?maxV4Error@_VecMathTests@aos@shdfnd@physx@@3T__m128@@B 10153960     GuPCMContactSphereSphere.obj
 0003:00003970       ?minV4Error@_VecMathTests@aos@shdfnd@physx@@3T__m128@@B 10153970     GuPCMContactSphereSphere.obj
 0003:00003980       ?minV3Error@_VecMathTests@aos@shdfnd@physx@@3T__m128@@B 10153980     GuPCMContactSphereSphere.obj
 0003:00003990       ?maxFError@_VecMathTests@aos@shdfnd@physx@@3T__m128@@B 10153990     GuPCMContactSphereSphere.obj
 0003:000039a0       ?maxV3Error@_VecMathTests@aos@shdfnd@physx@@3T__m128@@B 101539a0     GuPCMShapeConvex.obj
 0003:000039b0       ?minFError@_VecMathTests@aos@shdfnd@physx@@3T__m128@@B 101539b0     GuPCMShapeConvex.obj
 0003:000039c0       ?maxV4Error@_VecMathTests@aos@shdfnd@physx@@3T__m128@@B 101539c0     GuPCMShapeConvex.obj
 0003:000039d0       ?minV4Error@_VecMathTests@aos@shdfnd@physx@@3T__m128@@B 101539d0     GuPCMShapeConvex.obj
 0003:000039e0       ?minV3Error@_VecMathTests@aos@shdfnd@physx@@3T__m128@@B 101539e0     GuPCMShapeConvex.obj
 0003:000039f0       ?maxFError@_VecMathTests@aos@shdfnd@physx@@3T__m128@@B 101539f0     GuPCMShapeConvex.obj
 0003:00003a00       ?maxV3Error@_VecMathTests@aos@shdfnd@physx@@3T__m128@@B 10153a00     GuPCMTriangleContactGen.obj
 0003:00003a10       ?minFError@_VecMathTests@aos@shdfnd@physx@@3T__m128@@B 10153a10     GuPCMTriangleContactGen.obj
 0003:00003a20       ?maxV4Error@_VecMathTests@aos@shdfnd@physx@@3T__m128@@B 10153a20     GuPCMTriangleContactGen.obj
 0003:00003a30       ?minV4Error@_VecMathTests@aos@shdfnd@physx@@3T__m128@@B 10153a30     GuPCMTriangleContactGen.obj
 0003:00003a40       ?minV3Error@_VecMathTests@aos@shdfnd@physx@@3T__m128@@B 10153a40     GuPCMTriangleContactGen.obj
 0003:00003a50       ?maxFError@_VecMathTests@aos@shdfnd@physx@@3T__m128@@B 10153a50     GuPCMTriangleContactGen.obj
 0003:00003a60       ?maxV3Error@_VecMathTests@aos@shdfnd@physx@@3T__m128@@B 10153a60     GuPersistentContactManifold.obj
 0003:00003a70       ?minFError@_VecMathTests@aos@shdfnd@physx@@3T__m128@@B 10153a70     GuPersistentContactManifold.obj
 0003:00003a80       ?maxV4Error@_VecMathTests@aos@shdfnd@physx@@3T__m128@@B 10153a80     GuPersistentContactManifold.obj
 0003:00003a90       ?minV4Error@_VecMathTests@aos@shdfnd@physx@@3T__m128@@B 10153a90     GuPersistentContactManifold.obj
 0003:00003aa0       ?minV3Error@_VecMathTests@aos@shdfnd@physx@@3T__m128@@B 10153aa0     GuPersistentContactManifold.obj
 0003:00003ab0       ?maxFError@_VecMathTests@aos@shdfnd@physx@@3T__m128@@B 10153ab0     GuPersistentContactManifold.obj
 0003:00003ac0       ?maxV3Error@_VecMathTests@aos@shdfnd@physx@@3T__m128@@B 10153ac0     GuSweepBoxBox.obj
 0003:00003ad0       ?minFError@_VecMathTests@aos@shdfnd@physx@@3T__m128@@B 10153ad0     GuSweepBoxBox.obj
 0003:00003ae0       ?maxV4Error@_VecMathTests@aos@shdfnd@physx@@3T__m128@@B 10153ae0     GuSweepBoxBox.obj
 0003:00003af0       ?minV4Error@_VecMathTests@aos@shdfnd@physx@@3T__m128@@B 10153af0     GuSweepBoxBox.obj
 0003:00003b00       ?minV3Error@_VecMathTests@aos@shdfnd@physx@@3T__m128@@B 10153b00     GuSweepBoxBox.obj
 0003:00003b10       ?maxFError@_VecMathTests@aos@shdfnd@physx@@3T__m128@@B 10153b10     GuSweepBoxBox.obj
 0003:00003b20       ?maxV3Error@_VecMathTests@aos@shdfnd@physx@@3T__m128@@B 10153b20     GuSweepBoxSphere.obj
 0003:00003b30       ?minFError@_VecMathTests@aos@shdfnd@physx@@3T__m128@@B 10153b30     GuSweepBoxSphere.obj
 0003:00003b40       ?maxV4Error@_VecMathTests@aos@shdfnd@physx@@3T__m128@@B 10153b40     GuSweepBoxSphere.obj
 0003:00003b50       ?minV4Error@_VecMathTests@aos@shdfnd@physx@@3T__m128@@B 10153b50     GuSweepBoxSphere.obj
 0003:00003b60       ?minV3Error@_VecMathTests@aos@shdfnd@physx@@3T__m128@@B 10153b60     GuSweepBoxSphere.obj
 0003:00003b70       ?maxFError@_VecMathTests@aos@shdfnd@physx@@3T__m128@@B 10153b70     GuSweepBoxSphere.obj
 0003:00003b80       ?maxV3Error@_VecMathTests@aos@shdfnd@physx@@3T__m128@@B 10153b80     GuSweepBoxTriangle_FeatureBased.obj
 0003:00003b90       ?minFError@_VecMathTests@aos@shdfnd@physx@@3T__m128@@B 10153b90     GuSweepBoxTriangle_FeatureBased.obj
 0003:00003ba0       ?maxV4Error@_VecMathTests@aos@shdfnd@physx@@3T__m128@@B 10153ba0     GuSweepBoxTriangle_FeatureBased.obj
 0003:00003bb0       ?minV4Error@_VecMathTests@aos@shdfnd@physx@@3T__m128@@B 10153bb0     GuSweepBoxTriangle_FeatureBased.obj
 0003:00003bc0       ?minV3Error@_VecMathTests@aos@shdfnd@physx@@3T__m128@@B 10153bc0     GuSweepBoxTriangle_FeatureBased.obj
 0003:00003bd0       ?maxFError@_VecMathTests@aos@shdfnd@physx@@3T__m128@@B 10153bd0     GuSweepBoxTriangle_FeatureBased.obj
 0003:00003be0       ?maxV3Error@_VecMathTests@aos@shdfnd@physx@@3T__m128@@B 10153be0     GuSweepBoxTriangle_SAT.obj
 0003:00003bf0       ?minFError@_VecMathTests@aos@shdfnd@physx@@3T__m128@@B 10153bf0     GuSweepBoxTriangle_SAT.obj
 0003:00003c00       ?maxV4Error@_VecMathTests@aos@shdfnd@physx@@3T__m128@@B 10153c00     GuSweepBoxTriangle_SAT.obj
 0003:00003c10       ?minV4Error@_VecMathTests@aos@shdfnd@physx@@3T__m128@@B 10153c10     GuSweepBoxTriangle_SAT.obj
 0003:00003c20       ?minV3Error@_VecMathTests@aos@shdfnd@physx@@3T__m128@@B 10153c20     GuSweepBoxTriangle_SAT.obj
 0003:00003c30       ?maxFError@_VecMathTests@aos@shdfnd@physx@@3T__m128@@B 10153c30     GuSweepBoxTriangle_SAT.obj
 0003:00003c40       ?maxV3Error@_VecMathTests@aos@shdfnd@physx@@3T__m128@@B 10153c40     GuSweepCapsuleBox.obj
 0003:00003c50       ?minFError@_VecMathTests@aos@shdfnd@physx@@3T__m128@@B 10153c50     GuSweepCapsuleBox.obj
 0003:00003c60       ?maxV4Error@_VecMathTests@aos@shdfnd@physx@@3T__m128@@B 10153c60     GuSweepCapsuleBox.obj
 0003:00003c70       ?minV4Error@_VecMathTests@aos@shdfnd@physx@@3T__m128@@B 10153c70     GuSweepCapsuleBox.obj
 0003:00003c80       ?minV3Error@_VecMathTests@aos@shdfnd@physx@@3T__m128@@B 10153c80     GuSweepCapsuleBox.obj
 0003:00003c90       ?maxFError@_VecMathTests@aos@shdfnd@physx@@3T__m128@@B 10153c90     GuSweepCapsuleBox.obj
 0003:00003ca0       ?maxV3Error@_VecMathTests@aos@shdfnd@physx@@3T__m128@@B 10153ca0     GuSweepCapsuleTriangle.obj
 0003:00003cb0       ?minFError@_VecMathTests@aos@shdfnd@physx@@3T__m128@@B 10153cb0     GuSweepCapsuleTriangle.obj
 0003:00003cc0       ?maxV4Error@_VecMathTests@aos@shdfnd@physx@@3T__m128@@B 10153cc0     GuSweepCapsuleTriangle.obj
 0003:00003cd0       ?minV4Error@_VecMathTests@aos@shdfnd@physx@@3T__m128@@B 10153cd0     GuSweepCapsuleTriangle.obj
 0003:00003ce0       ?minV3Error@_VecMathTests@aos@shdfnd@physx@@3T__m128@@B 10153ce0     GuSweepCapsuleTriangle.obj
 0003:00003cf0       ?maxFError@_VecMathTests@aos@shdfnd@physx@@3T__m128@@B 10153cf0     GuSweepCapsuleTriangle.obj
 0003:00003d00       ?maxV3Error@_VecMathTests@aos@shdfnd@physx@@3T__m128@@B 10153d00     GuSweepSphereTriangle.obj
 0003:00003d10       ?minFError@_VecMathTests@aos@shdfnd@physx@@3T__m128@@B 10153d10     GuSweepSphereTriangle.obj
 0003:00003d20       ?maxV4Error@_VecMathTests@aos@shdfnd@physx@@3T__m128@@B 10153d20     GuSweepSphereTriangle.obj
 0003:00003d30       ?minV4Error@_VecMathTests@aos@shdfnd@physx@@3T__m128@@B 10153d30     GuSweepSphereTriangle.obj
 0003:00003d40       ?minV3Error@_VecMathTests@aos@shdfnd@physx@@3T__m128@@B 10153d40     GuSweepSphereTriangle.obj
 0003:00003d50       ?maxFError@_VecMathTests@aos@shdfnd@physx@@3T__m128@@B 10153d50     GuSweepSphereTriangle.obj
 0003:00003d60       ?maxV3Error@_VecMathTests@aos@shdfnd@physx@@3T__m128@@B 10153d60     GuSweepTriangleUtils.obj
 0003:00003d70       ?minFError@_VecMathTests@aos@shdfnd@physx@@3T__m128@@B 10153d70     GuSweepTriangleUtils.obj
 0003:00003d80       ?maxV4Error@_VecMathTests@aos@shdfnd@physx@@3T__m128@@B 10153d80     GuSweepTriangleUtils.obj
 0003:00003d90       ?minV4Error@_VecMathTests@aos@shdfnd@physx@@3T__m128@@B 10153d90     GuSweepTriangleUtils.obj
 0003:00003da0       ?minV3Error@_VecMathTests@aos@shdfnd@physx@@3T__m128@@B 10153da0     GuSweepTriangleUtils.obj
 0003:00003db0       ?maxFError@_VecMathTests@aos@shdfnd@physx@@3T__m128@@B 10153db0     GuSweepTriangleUtils.obj
 0003:00003de8       ?__proc_attached@@3HA      10153de8     LIBCMT:dll_dllmain.obj
 0003:00003e10       ?is_initialized_as_dll@@3_NA 10153e10     LIBCMT:utility.obj
 0003:00003e11       ?module_local_atexit_table_initialized@@3_NA 10153e11     LIBCMT:utility.obj
 0003:00003e14       ?module_local_atexit_table@@3U_onexit_table_t@@A 10153e14     LIBCMT:utility.obj
 0003:00003e20       ?module_local_at_quick_exit_table@@3U_onexit_table_t@@A 10153e20     LIBCMT:utility.obj
 0003:00003e30       _GS_ExceptionRecord        10153e30     LIBCMT:gs_report.obj
 0003:00003e80       _GS_ContextRecord          10153e80     LIBCMT:gs_report.obj
 0003:0000417c       ?heap@@3V_HeapManager@@A   1015417c     libvcruntime:undname.obj
 0003:00004190       ?__vcrt_startup_thread_ptd@@3U__vcrt_ptd@@A 10154190     libvcruntime:per_thread_data.obj
 0003:000041b8       ___vcrt_lock_table         101541b8     libvcruntime:locks.obj
 0003:000041d0       ___vcrt_locks_initialized  101541d0     libvcruntime:locks.obj
 0003:000041d4       ?module_handles@@3PAPAUHINSTANCE__@@A 101541d4     libvcruntime:winapi_downlevel.obj
 0003:000041e0       ?function_pointers@@3PAPAXA 101541e0     libvcruntime:winapi_downlevel.obj
 0003:000041f4       ?c_termination_complete@@3JA 101541f4     libucrt:exit.obj
 0003:000041f8       ?thread_local_exit_callback_func@@3P6GXPAXK0@ZA 101541f8     libucrt:exit.obj
 0003:00004200       ?program_name@?1???$common_configure_argv@D@@YAHW4_crt_argv_mode@@@Z@4PADA 10154200     libucrt:argv_parsing.obj
 0003:00004330       __pmatherr_set             10154330     libucrt:libm_error.obj
 0003:00004334       ?user_matherr@@3V?$dual_state_global@P6AHPAU_exception@@@Z@__crt_state_management@@A 10154334     libucrt:matherr.obj
 0003:00004338       ?__acrt_lock_table@@3PAU_RTL_CRITICAL_SECTION@@A 10154338     libucrt:locks.obj
 0003:00004488       ?__acrt_locks_initialized@@3IA 10154488     libucrt:locks.obj
 0003:0000448c       ?__acrt_invalid_parameter_handler@@3V?$dual_state_global@P6AXPB_W00II@Z@__crt_state_management@@A 1015448c     libucrt:invalid_parameter.obj
 0003:0000449c       ?fSystemSet@@3HA           1015449c     libucrt:mbctype.obj
 0003:000044a0       ?initialized@?1??__acrt_initialize_multibyte@@9@4_NA 101544a0     libucrt:mbctype.obj
 0003:000044c0       ?module_handles@@3PAPAUHINSTANCE__@@A 101544c0     libucrt:winapi_thunks.obj
 0003:00004510       ?encoded_function_pointers@@3PAPAXA 10154510     libucrt:winapi_thunks.obj
 0003:000047a4       ?__acrt_new_handler@@3V?$dual_state_global@P6AHI@Z@__crt_state_management@@A 101547a4     libucrt:new_handler.obj
 0003:000047a8       ?ctrlc_action@@3V?$dual_state_global@P6AXH@Z@__crt_state_management@@A 101547a8     libucrt:signal.obj
 0003:000047ac       ?ctrlbreak_action@@3V?$dual_state_global@P6AXH@Z@__crt_state_management@@A 101547ac     libucrt:signal.obj
 0003:000047b0       ?abort_action@@3V?$dual_state_global@P6AXH@Z@__crt_state_management@@A 101547b0     libucrt:signal.obj
 0003:000047b4       ?term_action@@3V?$dual_state_global@P6AXH@Z@__crt_state_management@@A 101547b4     libucrt:signal.obj
 0003:000047cc       ?internal_state@?1??_mbtowc_l@@9@4U_Mbstatet@@A 101547cc     libucrt:mbtowc.obj
 0003:000047d4       ?enable_percent_n@@3IA     101547d4     libucrt:printf_count_output.obj
 0003:000047dc       ?__acrt_global_new_mode@@3V?$dual_state_global@J@__crt_state_management@@A 101547dc     libucrt:new_mode.obj
 0003:000047ec       ?__acrt_app_type@@3W4_crt_app_type@@A 101547ec     libucrt:report_runtime_error.obj
 0003:000047f0       ?internal_pst@?1??__mbrtoc32_utf8@__crt_mbstring@@YAIPA_UPBDIPAU_Mbstatet@@@Z@4U3@A 101547f0     libucrt:mbrtoc32.obj
 0004:00000000       _static_const_table        10155000     LIBCMT:svml_ssinf4_sse2.obj
 0004:00000100       __e02PI                    10155100     LIBCMT:svml_dtrig.obj
 0004:000002a0       __e04PI                    101552a0     LIBCMT:svml_dtrig.obj
 0004:00000430       _2il0floatpacket_0         10155430     LIBCMT:svml_dtrig.obj
 0004:00000440       _2il0floatpacket_1         10155440     LIBCMT:svml_dtrig.obj
 0004:00000448       __d02PI                    10155448     LIBCMT:svml_dtrig.obj
 0004:00000458       __DP4                      10155458     LIBCMT:svml_dtrig.obj
 0004:00000478       __dPI02                    10155478     LIBCMT:svml_dtrig.obj
 0004:00000488       __d04PI                    10155488     LIBCMT:svml_dtrig.obj
 0004:00000498       __QP4                      10155498     LIBCMT:svml_dtrig.obj
 0004:000004b8       __dPI04                    101554b8     LIBCMT:svml_dtrig.obj
 0004:00002600       __vmlsSinHATab             10157600     LIBCMT:svml_s_sin_cout.obj
 0005:000000a0       $R000000                   101580a0     PhysXCommon.res
 0005:000003d0       $R000330                   101583d0     PhysXCommon.res
